[2023-07-27T14:28:28.742+0530][gc,heap] Heap region size: 1M
[2023-07-27T14:28:28.744+0530][gc     ] Using G1
[2023-07-27T14:28:28.744+0530][gc,heap,coops] Heap address: 0x0000000780000000, size: 1024 MB, Compressed Oops mode: Zero based, Oop shift amount: 3
[2023-07-27T14:28:29.111+0530][gc,start     ] GC(0) Pause Young (Concurrent Start) (Metadata GC Threshold)
[2023-07-27T14:28:29.111+0530][gc,task      ] GC(0) Using 9 workers of 9 for evacuation
[2023-07-27T14:28:29.115+0530][gc,phases    ] GC(0)   Pre Evacuate Collection Set: 0.0ms
[2023-07-27T14:28:29.115+0530][gc,phases    ] GC(0)   Evacuate Collection Set: 3.1ms
[2023-07-27T14:28:29.115+0530][gc,phases    ] GC(0)   Post Evacuate Collection Set: 0.2ms
[2023-07-27T14:28:29.115+0530][gc,phases    ] GC(0)   Other: 0.3ms
[2023-07-27T14:28:29.115+0530][gc,heap      ] GC(0) Eden regions: 49->0(44)
[2023-07-27T14:28:29.115+0530][gc,heap      ] GC(0) Survivor regions: 0->7(7)
[2023-07-27T14:28:29.115+0530][gc,heap      ] GC(0) Old regions: 0->1
[2023-07-27T14:28:29.115+0530][gc,heap      ] GC(0) Humongous regions: 0->0
[2023-07-27T14:28:29.115+0530][gc,metaspace ] GC(0) Metaspace: 20703K(21248K)->20703K(21248K) NonClass: 18384K(18688K)->18384K(18688K) Class: 2319K(2560K)->2319K(2560K)
[2023-07-27T14:28:29.115+0530][gc           ] GC(0) Pause Young (Concurrent Start) (Metadata GC Threshold) 48M->7M(1024M) 3.670ms
[2023-07-27T14:28:29.115+0530][gc,cpu       ] GC(0) User=0.01s Sys=0.00s Real=0.00s
[2023-07-27T14:28:29.115+0530][gc           ] GC(1) Concurrent Cycle
[2023-07-27T14:28:29.115+0530][gc,marking   ] GC(1) Concurrent Clear Claimed Marks
[2023-07-27T14:28:29.115+0530][gc,marking   ] GC(1) Concurrent Clear Claimed Marks 0.012ms
[2023-07-27T14:28:29.115+0530][gc,marking   ] GC(1) Concurrent Scan Root Regions
[2023-07-27T14:28:29.116+0530][gc,marking   ] GC(1) Concurrent Scan Root Regions 0.905ms
[2023-07-27T14:28:29.116+0530][gc,marking   ] GC(1) Concurrent Mark (0.376s)
[2023-07-27T14:28:29.116+0530][gc,marking   ] GC(1) Concurrent Mark From Roots
[2023-07-27T14:28:29.116+0530][gc,task      ] GC(1) Using 2 workers of 2 for marking
[2023-07-27T14:28:29.116+0530][gc,marking   ] GC(1) Concurrent Mark From Roots 0.122ms
[2023-07-27T14:28:29.116+0530][gc,marking   ] GC(1) Concurrent Preclean
[2023-07-27T14:28:29.116+0530][gc,marking   ] GC(1) Concurrent Preclean 0.016ms
[2023-07-27T14:28:29.116+0530][gc,marking   ] GC(1) Concurrent Mark (0.376s, 0.377s) 0.174ms
[2023-07-27T14:28:29.116+0530][gc,start     ] GC(1) Pause Remark
[2023-07-27T14:28:29.117+0530][gc,stringtable] GC(1) Cleaned string and symbol table, strings: 7366 processed, 0 removed, symbols: 65786 processed, 31 removed
[2023-07-27T14:28:29.117+0530][gc            ] GC(1) Pause Remark 7M->7M(1024M) 0.757ms
[2023-07-27T14:28:29.117+0530][gc,cpu        ] GC(1) User=0.01s Sys=0.00s Real=0.00s
[2023-07-27T14:28:29.117+0530][gc,marking    ] GC(1) Concurrent Rebuild Remembered Sets
[2023-07-27T14:28:29.117+0530][gc,marking    ] GC(1) Concurrent Rebuild Remembered Sets 0.048ms
[2023-07-27T14:28:29.117+0530][gc,start      ] GC(1) Pause Cleanup
[2023-07-27T14:28:29.117+0530][gc            ] GC(1) Pause Cleanup 7M->7M(1024M) 0.062ms
[2023-07-27T14:28:29.117+0530][gc,cpu        ] GC(1) User=0.00s Sys=0.00s Real=0.00s
[2023-07-27T14:28:29.117+0530][gc,marking    ] GC(1) Concurrent Cleanup for Next Mark
[2023-07-27T14:28:29.118+0530][gc,marking    ] GC(1) Concurrent Cleanup for Next Mark 1.369ms
[2023-07-27T14:28:29.118+0530][gc            ] GC(1) Concurrent Cycle 3.537ms
[2023-07-27T14:28:29.317+0530][gc,start      ] GC(2) Pause Young (Normal) (G1 Evacuation Pause)
[2023-07-27T14:28:29.317+0530][gc,task       ] GC(2) Using 9 workers of 9 for evacuation
[2023-07-27T14:28:29.321+0530][gc,phases     ] GC(2)   Pre Evacuate Collection Set: 0.0ms
[2023-07-27T14:28:29.321+0530][gc,phases     ] GC(2)   Evacuate Collection Set: 4.1ms
[2023-07-27T14:28:29.321+0530][gc,phases     ] GC(2)   Post Evacuate Collection Set: 0.2ms
[2023-07-27T14:28:29.321+0530][gc,phases     ] GC(2)   Other: 0.1ms
[2023-07-27T14:28:29.321+0530][gc,heap       ] GC(2) Eden regions: 44->0(48)
[2023-07-27T14:28:29.321+0530][gc,heap       ] GC(2) Survivor regions: 7->3(7)
[2023-07-27T14:28:29.321+0530][gc,heap       ] GC(2) Old regions: 1->7
[2023-07-27T14:28:29.321+0530][gc,heap       ] GC(2) Humongous regions: 0->0
[2023-07-27T14:28:29.321+0530][gc,metaspace  ] GC(2) Metaspace: 28272K(29312K)->28272K(29312K) NonClass: 25179K(25856K)->25179K(25856K) Class: 3093K(3456K)->3093K(3456K)
[2023-07-27T14:28:29.321+0530][gc            ] GC(2) Pause Young (Normal) (G1 Evacuation Pause) 51M->9M(1024M) 4.419ms
[2023-07-27T14:28:29.321+0530][gc,cpu        ] GC(2) User=0.03s Sys=0.00s Real=0.01s
[2023-07-27T14:28:29.513+0530][gc,start      ] GC(3) Pause Young (Concurrent Start) (Metadata GC Threshold)
[2023-07-27T14:28:29.514+0530][gc,task       ] GC(3) Using 9 workers of 9 for evacuation
[2023-07-27T14:28:29.515+0530][gc,phases     ] GC(3)   Pre Evacuate Collection Set: 0.0ms
[2023-07-27T14:28:29.515+0530][gc,phases     ] GC(3)   Evacuate Collection Set: 1.2ms
[2023-07-27T14:28:29.515+0530][gc,phases     ] GC(3)   Post Evacuate Collection Set: 0.1ms
[2023-07-27T14:28:29.515+0530][gc,phases     ] GC(3)   Other: 0.1ms
[2023-07-27T14:28:29.515+0530][gc,heap       ] GC(3) Eden regions: 31->0(47)
[2023-07-27T14:28:29.515+0530][gc,heap       ] GC(3) Survivor regions: 3->4(7)
[2023-07-27T14:28:29.515+0530][gc,heap       ] GC(3) Old regions: 7->7
[2023-07-27T14:28:29.515+0530][gc,heap       ] GC(3) Humongous regions: 0->0
[2023-07-27T14:28:29.515+0530][gc,metaspace  ] GC(3) Metaspace: 34793K(35840K)->34793K(35840K) NonClass: 30940K(31488K)->30940K(31488K) Class: 3852K(4352K)->3852K(4352K)
[2023-07-27T14:28:29.515+0530][gc            ] GC(3) Pause Young (Concurrent Start) (Metadata GC Threshold) 40M->10M(1024M) 1.502ms
[2023-07-27T14:28:29.515+0530][gc,cpu        ] GC(3) User=0.01s Sys=0.00s Real=0.00s
[2023-07-27T14:28:29.515+0530][gc            ] GC(4) Concurrent Cycle
[2023-07-27T14:28:29.515+0530][gc,marking    ] GC(4) Concurrent Clear Claimed Marks
[2023-07-27T14:28:29.515+0530][gc,marking    ] GC(4) Concurrent Clear Claimed Marks 0.013ms
[2023-07-27T14:28:29.515+0530][gc,marking    ] GC(4) Concurrent Scan Root Regions
[2023-07-27T14:28:29.516+0530][gc,marking    ] GC(4) Concurrent Scan Root Regions 0.869ms
[2023-07-27T14:28:29.516+0530][gc,marking    ] GC(4) Concurrent Mark (0.777s)
[2023-07-27T14:28:29.516+0530][gc,marking    ] GC(4) Concurrent Mark From Roots
[2023-07-27T14:28:29.516+0530][gc,task       ] GC(4) Using 2 workers of 2 for marking
[2023-07-27T14:28:29.519+0530][gc,marking    ] GC(4) Concurrent Mark From Roots 2.635ms
[2023-07-27T14:28:29.519+0530][gc,marking    ] GC(4) Concurrent Preclean
[2023-07-27T14:28:29.519+0530][gc,marking    ] GC(4) Concurrent Preclean 0.028ms
[2023-07-27T14:28:29.519+0530][gc,marking    ] GC(4) Concurrent Mark (0.777s, 0.779s) 2.679ms
[2023-07-27T14:28:29.519+0530][gc,start      ] GC(4) Pause Remark
[2023-07-27T14:28:29.520+0530][gc,stringtable] GC(4) Cleaned string and symbol table, strings: 11665 processed, 10 removed, symbols: 100137 processed, 21 removed
[2023-07-27T14:28:29.520+0530][gc            ] GC(4) Pause Remark 11M->11M(1024M) 0.930ms
[2023-07-27T14:28:29.520+0530][gc,cpu        ] GC(4) User=0.01s Sys=0.00s Real=0.01s
[2023-07-27T14:28:29.520+0530][gc,marking    ] GC(4) Concurrent Rebuild Remembered Sets
[2023-07-27T14:28:29.522+0530][gc,marking    ] GC(4) Concurrent Rebuild Remembered Sets 1.733ms
[2023-07-27T14:28:29.522+0530][gc,start      ] GC(4) Pause Cleanup
[2023-07-27T14:28:29.522+0530][gc            ] GC(4) Pause Cleanup 11M->11M(1024M) 0.081ms
[2023-07-27T14:28:29.522+0530][gc,cpu        ] GC(4) User=0.00s Sys=0.01s Real=0.00s
[2023-07-27T14:28:29.522+0530][gc,marking    ] GC(4) Concurrent Cleanup for Next Mark
[2023-07-27T14:28:29.523+0530][gc,marking    ] GC(4) Concurrent Cleanup for Next Mark 1.167ms
[2023-07-27T14:28:29.523+0530][gc            ] GC(4) Concurrent Cycle 7.908ms
[2023-07-27T14:28:29.682+0530][gc,start      ] GC(5) Pause Young (Normal) (G1 Evacuation Pause)
[2023-07-27T14:28:29.682+0530][gc,task       ] GC(5) Using 9 workers of 9 for evacuation
[2023-07-27T14:28:29.684+0530][gc,phases     ] GC(5)   Pre Evacuate Collection Set: 0.0ms
[2023-07-27T14:28:29.684+0530][gc,phases     ] GC(5)   Evacuate Collection Set: 1.8ms
[2023-07-27T14:28:29.684+0530][gc,phases     ] GC(5)   Post Evacuate Collection Set: 0.1ms
[2023-07-27T14:28:29.684+0530][gc,phases     ] GC(5)   Other: 0.1ms
[2023-07-27T14:28:29.684+0530][gc,heap       ] GC(5) Eden regions: 47->0(44)
[2023-07-27T14:28:29.684+0530][gc,heap       ] GC(5) Survivor regions: 4->7(7)
[2023-07-27T14:28:29.684+0530][gc,heap       ] GC(5) Old regions: 7->7
[2023-07-27T14:28:29.684+0530][gc,heap       ] GC(5) Humongous regions: 9->9
[2023-07-27T14:28:29.684+0530][gc,metaspace  ] GC(5) Metaspace: 39985K(41344K)->39985K(41344K) NonClass: 35617K(36352K)->35617K(36352K) Class: 4368K(4992K)->4368K(4992K)
[2023-07-27T14:28:29.684+0530][gc            ] GC(5) Pause Young (Normal) (G1 Evacuation Pause) 66M->22M(1024M) 2.087ms
[2023-07-27T14:28:29.684+0530][gc,cpu        ] GC(5) User=0.01s Sys=0.00s Real=0.00s
[2023-07-27T14:33:19.863+0530][gc,start      ] GC(6) Pause Young (Normal) (G1 Evacuation Pause)
[2023-07-27T14:33:19.864+0530][gc,task       ] GC(6) Using 9 workers of 9 for evacuation
[2023-07-27T14:33:19.872+0530][gc,phases     ] GC(6)   Pre Evacuate Collection Set: 0.1ms
[2023-07-27T14:33:19.872+0530][gc,phases     ] GC(6)   Evacuate Collection Set: 7.2ms
[2023-07-27T14:33:19.872+0530][gc,phases     ] GC(6)   Post Evacuate Collection Set: 0.7ms
[2023-07-27T14:33:19.872+0530][gc,phases     ] GC(6)   Other: 1.6ms
[2023-07-27T14:33:19.872+0530][gc,heap       ] GC(6) Eden regions: 44->0(45)
[2023-07-27T14:33:19.873+0530][gc,heap       ] GC(6) Survivor regions: 7->6(7)
[2023-07-27T14:33:19.873+0530][gc,heap       ] GC(6) Old regions: 7->10
[2023-07-27T14:33:19.873+0530][gc,heap       ] GC(6) Humongous regions: 138->138
[2023-07-27T14:33:19.873+0530][gc,metaspace  ] GC(6) Metaspace: 45599K(47616K)->45599K(47616K) NonClass: 40413K(41472K)->40413K(41472K) Class: 5185K(6144K)->5185K(6144K)
[2023-07-27T14:33:19.873+0530][gc            ] GC(6) Pause Young (Normal) (G1 Evacuation Pause) 195M->153M(1024M) 9.702ms
[2023-07-27T14:33:19.873+0530][gc,cpu        ] GC(6) User=0.04s Sys=0.00s Real=0.01s
[2023-07-27T14:37:34.794+0530][gc,start      ] GC(7) Pause Young (Normal) (G1 Evacuation Pause)
[2023-07-27T14:37:34.794+0530][gc,task       ] GC(7) Using 9 workers of 9 for evacuation
[2023-07-27T14:37:34.798+0530][gc,phases     ] GC(7)   Pre Evacuate Collection Set: 0.2ms
[2023-07-27T14:37:34.798+0530][gc,phases     ] GC(7)   Evacuate Collection Set: 3.5ms
[2023-07-27T14:37:34.798+0530][gc,phases     ] GC(7)   Post Evacuate Collection Set: 0.4ms
[2023-07-27T14:37:34.798+0530][gc,phases     ] GC(7)   Other: 0.5ms
[2023-07-27T14:37:34.798+0530][gc,heap       ] GC(7) Eden regions: 45->0(46)
[2023-07-27T14:37:34.798+0530][gc,heap       ] GC(7) Survivor regions: 6->5(7)
[2023-07-27T14:37:34.798+0530][gc,heap       ] GC(7) Old regions: 10->13
[2023-07-27T14:37:34.798+0530][gc,heap       ] GC(7) Humongous regions: 138->138
[2023-07-27T14:37:34.798+0530][gc,metaspace  ] GC(7) Metaspace: 48657K(51200K)->48657K(51200K) NonClass: 42905K(44288K)->42905K(44288K) Class: 5751K(6912K)->5751K(6912K)
[2023-07-27T14:37:34.798+0530][gc            ] GC(7) Pause Young (Normal) (G1 Evacuation Pause) 198M->155M(1024M) 4.519ms
[2023-07-27T14:37:34.798+0530][gc,cpu        ] GC(7) User=0.02s Sys=0.01s Real=0.00s
[2023-07-27T14:46:25.398+0530][gc,start      ] GC(8) Pause Young (Normal) (G1 Evacuation Pause)
[2023-07-27T14:46:25.398+0530][gc,task       ] GC(8) Using 9 workers of 9 for evacuation
[2023-07-27T14:46:25.403+0530][gc,phases     ] GC(8)   Pre Evacuate Collection Set: 0.1ms
[2023-07-27T14:46:25.403+0530][gc,phases     ] GC(8)   Evacuate Collection Set: 4.7ms
[2023-07-27T14:46:25.403+0530][gc,phases     ] GC(8)   Post Evacuate Collection Set: 0.3ms
[2023-07-27T14:46:25.403+0530][gc,phases     ] GC(8)   Other: 0.4ms
[2023-07-27T14:46:25.403+0530][gc,heap       ] GC(8) Eden regions: 46->0(47)
[2023-07-27T14:46:25.403+0530][gc,heap       ] GC(8) Survivor regions: 5->4(7)
[2023-07-27T14:46:25.403+0530][gc,heap       ] GC(8) Old regions: 13->15
[2023-07-27T14:46:25.403+0530][gc,heap       ] GC(8) Humongous regions: 138->138
[2023-07-27T14:46:25.403+0530][gc,metaspace  ] GC(8) Metaspace: 49767K(52352K)->49767K(52352K) NonClass: 43929K(45312K)->43929K(45312K) Class: 5838K(7040K)->5838K(7040K)
[2023-07-27T14:46:25.403+0530][gc            ] GC(8) Pause Young (Normal) (G1 Evacuation Pause) 201M->156M(1024M) 5.597ms
[2023-07-27T14:46:25.403+0530][gc,cpu        ] GC(8) User=0.02s Sys=0.02s Real=0.01s
[2023-07-27T14:46:25.730+0530][gc,heap,exit  ] Heap
[2023-07-27T14:46:25.730+0530][gc,heap,exit  ]  garbage-first heap   total 1048576K, used 185847K [0x0000000780000000, 0x00000007c0000000)
[2023-07-27T14:46:25.730+0530][gc,heap,exit  ]   region size 1024K, 21 young (21504K), 4 survivors (4096K)
[2023-07-27T14:46:25.730+0530][gc,heap,exit  ]  Metaspace       used 50475K, capacity 53023K, committed 53120K, reserved 1095680K
[2023-07-27T14:46:25.730+0530][gc,heap,exit  ]   class space    used 6036K, capacity 7260K, committed 7296K, reserved 1048576K
