[2023-07-28T09:12:59.920+0530][gc,heap] Heap region size: 1M
[2023-07-28T09:12:59.921+0530][gc     ] Using G1
[2023-07-28T09:12:59.921+0530][gc,heap,coops] Heap address: 0x0000000780000000, size: 1024 MB, Compressed Oops mode: Zero based, Oop shift amount: 3
[2023-07-28T09:13:00.291+0530][gc,start     ] GC(0) Pause Young (Concurrent Start) (Metadata GC Threshold)
[2023-07-28T09:13:00.291+0530][gc,task      ] GC(0) Using 9 workers of 9 for evacuation
[2023-07-28T09:13:00.295+0530][gc,phases    ] GC(0)   Pre Evacuate Collection Set: 0.0ms
[2023-07-28T09:13:00.295+0530][gc,phases    ] GC(0)   Evacuate Collection Set: 3.6ms
[2023-07-28T09:13:00.295+0530][gc,phases    ] GC(0)   Post Evacuate Collection Set: 0.2ms
[2023-07-28T09:13:00.295+0530][gc,phases    ] GC(0)   Other: 0.3ms
[2023-07-28T09:13:00.295+0530][gc,heap      ] GC(0) Eden regions: 50->0(44)
[2023-07-28T09:13:00.295+0530][gc,heap      ] GC(0) Survivor regions: 0->7(7)
[2023-07-28T09:13:00.295+0530][gc,heap      ] GC(0) Old regions: 0->0
[2023-07-28T09:13:00.295+0530][gc,heap      ] GC(0) Humongous regions: 0->0
[2023-07-28T09:13:00.295+0530][gc,metaspace ] GC(0) Metaspace: 20845K(21296K)->20845K(21296K) NonClass: 18496K(18736K)->18496K(18736K) Class: 2348K(2560K)->2348K(2560K)
[2023-07-28T09:13:00.295+0530][gc           ] GC(0) Pause Young (Concurrent Start) (Metadata GC Threshold) 50M->6M(1024M) 4.164ms
[2023-07-28T09:13:00.295+0530][gc,cpu       ] GC(0) User=0.01s Sys=0.00s Real=0.00s
[2023-07-28T09:13:00.295+0530][gc           ] GC(1) Concurrent Cycle
[2023-07-28T09:13:00.295+0530][gc,marking   ] GC(1) Concurrent Clear Claimed Marks
[2023-07-28T09:13:00.295+0530][gc,marking   ] GC(1) Concurrent Clear Claimed Marks 0.012ms
[2023-07-28T09:13:00.295+0530][gc,marking   ] GC(1) Concurrent Scan Root Regions
[2023-07-28T09:13:00.296+0530][gc,marking   ] GC(1) Concurrent Scan Root Regions 0.836ms
[2023-07-28T09:13:00.296+0530][gc,marking   ] GC(1) Concurrent Mark (0.379s)
[2023-07-28T09:13:00.296+0530][gc,marking   ] GC(1) Concurrent Mark From Roots
[2023-07-28T09:13:00.296+0530][gc,task      ] GC(1) Using 2 workers of 2 for marking
[2023-07-28T09:13:00.296+0530][gc,marking   ] GC(1) Concurrent Mark From Roots 0.202ms
[2023-07-28T09:13:00.296+0530][gc,marking   ] GC(1) Concurrent Preclean
[2023-07-28T09:13:00.296+0530][gc,marking   ] GC(1) Concurrent Preclean 0.015ms
[2023-07-28T09:13:00.296+0530][gc,marking   ] GC(1) Concurrent Mark (0.379s, 0.379s) 0.241ms
[2023-07-28T09:13:00.296+0530][gc,start     ] GC(1) Pause Remark
[2023-07-28T09:13:00.297+0530][gc,stringtable] GC(1) Cleaned string and symbol table, strings: 7427 processed, 0 removed, symbols: 66219 processed, 30 removed
[2023-07-28T09:13:00.297+0530][gc            ] GC(1) Pause Remark 7M->7M(1024M) 0.794ms
[2023-07-28T09:13:00.297+0530][gc,cpu        ] GC(1) User=0.01s Sys=0.00s Real=0.00s
[2023-07-28T09:13:00.297+0530][gc,marking    ] GC(1) Concurrent Rebuild Remembered Sets
[2023-07-28T09:13:00.297+0530][gc,marking    ] GC(1) Concurrent Rebuild Remembered Sets 0.028ms
[2023-07-28T09:13:00.297+0530][gc,start      ] GC(1) Pause Cleanup
[2023-07-28T09:13:00.297+0530][gc            ] GC(1) Pause Cleanup 7M->7M(1024M) 0.078ms
[2023-07-28T09:13:00.297+0530][gc,cpu        ] GC(1) User=0.00s Sys=0.00s Real=0.00s
[2023-07-28T09:13:00.297+0530][gc,marking    ] GC(1) Concurrent Cleanup for Next Mark
[2023-07-28T09:13:00.298+0530][gc,marking    ] GC(1) Concurrent Cleanup for Next Mark 1.128ms
[2023-07-28T09:13:00.298+0530][gc            ] GC(1) Concurrent Cycle 3.341ms
[2023-07-28T09:13:00.480+0530][gc,start      ] GC(2) Pause Young (Normal) (G1 Evacuation Pause)
[2023-07-28T09:13:00.480+0530][gc,task       ] GC(2) Using 9 workers of 9 for evacuation
[2023-07-28T09:13:00.484+0530][gc,phases     ] GC(2)   Pre Evacuate Collection Set: 0.0ms
[2023-07-28T09:13:00.484+0530][gc,phases     ] GC(2)   Evacuate Collection Set: 4.5ms
[2023-07-28T09:13:00.484+0530][gc,phases     ] GC(2)   Post Evacuate Collection Set: 0.3ms
[2023-07-28T09:13:00.484+0530][gc,phases     ] GC(2)   Other: 0.1ms
[2023-07-28T09:13:00.484+0530][gc,heap       ] GC(2) Eden regions: 44->0(48)
[2023-07-28T09:13:00.484+0530][gc,heap       ] GC(2) Survivor regions: 7->3(7)
[2023-07-28T09:13:00.484+0530][gc,heap       ] GC(2) Old regions: 0->7
[2023-07-28T09:13:00.484+0530][gc,heap       ] GC(2) Humongous regions: 0->0
[2023-07-28T09:13:00.484+0530][gc,metaspace  ] GC(2) Metaspace: 28423K(29312K)->28423K(29312K) NonClass: 25303K(25856K)->25303K(25856K) Class: 3120K(3456K)->3120K(3456K)
[2023-07-28T09:13:00.484+0530][gc            ] GC(2) Pause Young (Normal) (G1 Evacuation Pause) 50M->9M(1024M) 4.965ms
[2023-07-28T09:13:00.485+0530][gc,cpu        ] GC(2) User=0.03s Sys=0.00s Real=0.00s
[2023-07-28T09:13:00.734+0530][gc,start      ] GC(3) Pause Young (Concurrent Start) (Metadata GC Threshold)
[2023-07-28T09:13:00.734+0530][gc,task       ] GC(3) Using 9 workers of 9 for evacuation
[2023-07-28T09:13:00.738+0530][gc,phases     ] GC(3)   Pre Evacuate Collection Set: 0.0ms
[2023-07-28T09:13:00.738+0530][gc,phases     ] GC(3)   Evacuate Collection Set: 2.9ms
[2023-07-28T09:13:00.738+0530][gc,phases     ] GC(3)   Post Evacuate Collection Set: 0.1ms
[2023-07-28T09:13:00.738+0530][gc,phases     ] GC(3)   Other: 0.1ms
[2023-07-28T09:13:00.738+0530][gc,heap       ] GC(3) Eden regions: 47->0(47)
[2023-07-28T09:13:00.738+0530][gc,heap       ] GC(3) Survivor regions: 3->4(7)
[2023-07-28T09:13:00.738+0530][gc,heap       ] GC(3) Old regions: 7->7
[2023-07-28T09:13:00.738+0530][gc,heap       ] GC(3) Humongous regions: 0->0
[2023-07-28T09:13:00.738+0530][gc,metaspace  ] GC(3) Metaspace: 34795K(35840K)->34795K(35840K) NonClass: 30939K(31488K)->30939K(31488K) Class: 3856K(4352K)->3856K(4352K)
[2023-07-28T09:13:00.738+0530][gc            ] GC(3) Pause Young (Concurrent Start) (Metadata GC Threshold) 55M->10M(1024M) 3.232ms
[2023-07-28T09:13:00.738+0530][gc,cpu        ] GC(3) User=0.01s Sys=0.00s Real=0.00s
[2023-07-28T09:13:00.738+0530][gc            ] GC(4) Concurrent Cycle
[2023-07-28T09:13:00.738+0530][gc,marking    ] GC(4) Concurrent Clear Claimed Marks
[2023-07-28T09:13:00.738+0530][gc,marking    ] GC(4) Concurrent Clear Claimed Marks 0.014ms
[2023-07-28T09:13:00.738+0530][gc,marking    ] GC(4) Concurrent Scan Root Regions
[2023-07-28T09:13:00.739+0530][gc,marking    ] GC(4) Concurrent Scan Root Regions 0.832ms
[2023-07-28T09:13:00.739+0530][gc,marking    ] GC(4) Concurrent Mark (0.821s)
[2023-07-28T09:13:00.739+0530][gc,marking    ] GC(4) Concurrent Mark From Roots
[2023-07-28T09:13:00.739+0530][gc,task       ] GC(4) Using 2 workers of 2 for marking
[2023-07-28T09:13:00.741+0530][gc,marking    ] GC(4) Concurrent Mark From Roots 2.360ms
[2023-07-28T09:13:00.741+0530][gc,marking    ] GC(4) Concurrent Preclean
[2023-07-28T09:13:00.741+0530][gc,marking    ] GC(4) Concurrent Preclean 0.033ms
[2023-07-28T09:13:00.741+0530][gc,marking    ] GC(4) Concurrent Mark (0.821s, 0.824s) 2.421ms
[2023-07-28T09:13:00.741+0530][gc,start      ] GC(4) Pause Remark
[2023-07-28T09:13:00.742+0530][gc,stringtable] GC(4) Cleaned string and symbol table, strings: 11774 processed, 12 removed, symbols: 100003 processed, 21 removed
[2023-07-28T09:13:00.742+0530][gc            ] GC(4) Pause Remark 11M->11M(1024M) 0.860ms
[2023-07-28T09:13:00.742+0530][gc,cpu        ] GC(4) User=0.01s Sys=0.01s Real=0.00s
[2023-07-28T09:13:00.742+0530][gc,marking    ] GC(4) Concurrent Rebuild Remembered Sets
[2023-07-28T09:13:00.744+0530][gc,marking    ] GC(4) Concurrent Rebuild Remembered Sets 1.735ms
[2023-07-28T09:13:00.744+0530][gc,start      ] GC(4) Pause Cleanup
[2023-07-28T09:13:00.744+0530][gc            ] GC(4) Pause Cleanup 11M->11M(1024M) 0.104ms
[2023-07-28T09:13:00.744+0530][gc,cpu        ] GC(4) User=0.00s Sys=0.00s Real=0.00s
[2023-07-28T09:13:00.744+0530][gc,marking    ] GC(4) Concurrent Cleanup for Next Mark
[2023-07-28T09:13:00.745+0530][gc,marking    ] GC(4) Concurrent Cleanup for Next Mark 1.179ms
[2023-07-28T09:13:00.745+0530][gc            ] GC(4) Concurrent Cycle 7.536ms
[2023-07-28T09:13:00.864+0530][gc,start      ] GC(5) Pause Young (Normal) (G1 Evacuation Pause)
[2023-07-28T09:13:00.864+0530][gc,task       ] GC(5) Using 9 workers of 9 for evacuation
[2023-07-28T09:13:00.866+0530][gc,phases     ] GC(5)   Pre Evacuate Collection Set: 0.0ms
[2023-07-28T09:13:00.866+0530][gc,phases     ] GC(5)   Evacuate Collection Set: 1.4ms
[2023-07-28T09:13:00.866+0530][gc,phases     ] GC(5)   Post Evacuate Collection Set: 0.2ms
[2023-07-28T09:13:00.866+0530][gc,phases     ] GC(5)   Other: 0.1ms
[2023-07-28T09:13:00.866+0530][gc,heap       ] GC(5) Eden regions: 47->0(47)
[2023-07-28T09:13:00.866+0530][gc,heap       ] GC(5) Survivor regions: 4->4(7)
[2023-07-28T09:13:00.866+0530][gc,heap       ] GC(5) Old regions: 7->7
[2023-07-28T09:13:00.866+0530][gc,heap       ] GC(5) Humongous regions: 17->17
[2023-07-28T09:13:00.866+0530][gc,metaspace  ] GC(5) Metaspace: 37843K(39040K)->37843K(39040K) NonClass: 33655K(34304K)->33655K(34304K) Class: 4188K(4736K)->4188K(4736K)
[2023-07-28T09:13:00.866+0530][gc            ] GC(5) Pause Young (Normal) (G1 Evacuation Pause) 74M->27M(1024M) 1.780ms
[2023-07-28T09:13:00.866+0530][gc,cpu        ] GC(5) User=0.01s Sys=0.01s Real=0.00s
[2023-07-28T09:13:00.894+0530][gc,start      ] GC(6) Pause Young (Normal) (G1 Evacuation Pause)
[2023-07-28T09:13:00.894+0530][gc,task       ] GC(6) Using 9 workers of 9 for evacuation
[2023-07-28T09:13:00.896+0530][gc,phases     ] GC(6)   Pre Evacuate Collection Set: 0.0ms
[2023-07-28T09:13:00.896+0530][gc,phases     ] GC(6)   Evacuate Collection Set: 1.6ms
[2023-07-28T09:13:00.896+0530][gc,phases     ] GC(6)   Post Evacuate Collection Set: 0.2ms
[2023-07-28T09:13:00.896+0530][gc,phases     ] GC(6)   Other: 0.1ms
[2023-07-28T09:13:00.896+0530][gc,heap       ] GC(6) Eden regions: 47->0(49)
[2023-07-28T09:13:00.896+0530][gc,heap       ] GC(6) Survivor regions: 4->2(7)
[2023-07-28T09:13:00.896+0530][gc,heap       ] GC(6) Old regions: 7->10
[2023-07-28T09:13:00.896+0530][gc,heap       ] GC(6) Humongous regions: 17->17
[2023-07-28T09:13:00.896+0530][gc,metaspace  ] GC(6) Metaspace: 37885K(39040K)->37885K(39040K) NonClass: 33697K(34304K)->33697K(34304K) Class: 4188K(4736K)->4188K(4736K)
[2023-07-28T09:13:00.896+0530][gc            ] GC(6) Pause Young (Normal) (G1 Evacuation Pause) 74M->28M(1024M) 1.961ms
[2023-07-28T09:13:00.896+0530][gc,cpu        ] GC(6) User=0.02s Sys=0.00s Real=0.00s
[2023-07-28T09:13:00.928+0530][gc,start      ] GC(7) Pause Young (Normal) (G1 Evacuation Pause)
[2023-07-28T09:13:00.928+0530][gc,task       ] GC(7) Using 9 workers of 9 for evacuation
[2023-07-28T09:13:00.929+0530][gc,phases     ] GC(7)   Pre Evacuate Collection Set: 0.0ms
[2023-07-28T09:13:00.929+0530][gc,phases     ] GC(7)   Evacuate Collection Set: 0.8ms
[2023-07-28T09:13:00.929+0530][gc,phases     ] GC(7)   Post Evacuate Collection Set: 0.1ms
[2023-07-28T09:13:00.929+0530][gc,phases     ] GC(7)   Other: 0.1ms
[2023-07-28T09:13:00.929+0530][gc,heap       ] GC(7) Eden regions: 49->0(49)
[2023-07-28T09:13:00.929+0530][gc,heap       ] GC(7) Survivor regions: 2->2(7)
[2023-07-28T09:13:00.929+0530][gc,heap       ] GC(7) Old regions: 10->10
[2023-07-28T09:13:00.929+0530][gc,heap       ] GC(7) Humongous regions: 17->17
[2023-07-28T09:13:00.929+0530][gc,metaspace  ] GC(7) Metaspace: 37901K(39040K)->37901K(39040K) NonClass: 33712K(34304K)->33712K(34304K) Class: 4189K(4736K)->4189K(4736K)
[2023-07-28T09:13:00.929+0530][gc            ] GC(7) Pause Young (Normal) (G1 Evacuation Pause) 77M->27M(1024M) 1.056ms
[2023-07-28T09:13:00.929+0530][gc,cpu        ] GC(7) User=0.01s Sys=0.00s Real=0.00s
[2023-07-28T09:13:01.422+0530][gc,start      ] GC(8) Pause Young (Normal) (G1 Evacuation Pause)
[2023-07-28T09:13:01.422+0530][gc,task       ] GC(8) Using 9 workers of 9 for evacuation
[2023-07-28T09:13:01.424+0530][gc,phases     ] GC(8)   Pre Evacuate Collection Set: 0.0ms
[2023-07-28T09:13:01.424+0530][gc,phases     ] GC(8)   Evacuate Collection Set: 2.0ms
[2023-07-28T09:13:01.424+0530][gc,phases     ] GC(8)   Post Evacuate Collection Set: 0.2ms
[2023-07-28T09:13:01.424+0530][gc,phases     ] GC(8)   Other: 0.1ms
[2023-07-28T09:13:01.424+0530][gc,heap       ] GC(8) Eden regions: 49->0(46)
[2023-07-28T09:13:01.424+0530][gc,heap       ] GC(8) Survivor regions: 2->6(7)
[2023-07-28T09:13:01.424+0530][gc,heap       ] GC(8) Old regions: 10->10
[2023-07-28T09:13:01.424+0530][gc,heap       ] GC(8) Humongous regions: 146->138
[2023-07-28T09:13:01.424+0530][gc,metaspace  ] GC(8) Metaspace: 43452K(44928K)->43452K(44928K) NonClass: 38647K(39424K)->38647K(39424K) Class: 4804K(5504K)->4804K(5504K)
[2023-07-28T09:13:01.425+0530][gc            ] GC(8) Pause Young (Normal) (G1 Evacuation Pause) 205M->152M(1024M) 2.351ms
[2023-07-28T09:13:01.425+0530][gc,cpu        ] GC(8) User=0.02s Sys=0.00s Real=0.00s
[2023-07-28T09:19:21.007+0530][gc,start      ] GC(9) Pause Young (Normal) (G1 Evacuation Pause)
[2023-07-28T09:19:21.007+0530][gc,task       ] GC(9) Using 9 workers of 9 for evacuation
[2023-07-28T09:19:21.016+0530][gc,phases     ] GC(9)   Pre Evacuate Collection Set: 0.1ms
[2023-07-28T09:19:21.016+0530][gc,phases     ] GC(9)   Evacuate Collection Set: 7.6ms
[2023-07-28T09:19:21.016+0530][gc,phases     ] GC(9)   Post Evacuate Collection Set: 0.8ms
[2023-07-28T09:19:21.016+0530][gc,phases     ] GC(9)   Other: 0.7ms
[2023-07-28T09:19:21.016+0530][gc,heap       ] GC(9) Eden regions: 46->0(49)
[2023-07-28T09:19:21.016+0530][gc,heap       ] GC(9) Survivor regions: 6->2(7)
[2023-07-28T09:19:21.016+0530][gc,heap       ] GC(9) Old regions: 10->15
[2023-07-28T09:19:21.016+0530][gc,heap       ] GC(9) Humongous regions: 162->138
[2023-07-28T09:19:21.016+0530][gc,metaspace  ] GC(9) Metaspace: 47041K(49152K)->47041K(49152K) NonClass: 41635K(42752K)->41635K(42752K) Class: 5406K(6400K)->5406K(6400K)
[2023-07-28T09:19:21.017+0530][gc            ] GC(9) Pause Young (Normal) (G1 Evacuation Pause) 222M->154M(1024M) 9.454ms
[2023-07-28T09:19:21.017+0530][gc,cpu        ] GC(9) User=0.04s Sys=0.01s Real=0.01s
[2023-07-28T10:36:13.427+0530][gc,start      ] GC(10) Pause Young (Normal) (G1 Evacuation Pause)
[2023-07-28T10:36:13.427+0530][gc,task       ] GC(10) Using 9 workers of 9 for evacuation
[2023-07-28T10:36:13.437+0530][gc,phases     ] GC(10)   Pre Evacuate Collection Set: 0.1ms
[2023-07-28T10:36:13.437+0530][gc,phases     ] GC(10)   Evacuate Collection Set: 8.2ms
[2023-07-28T10:36:13.437+0530][gc,phases     ] GC(10)   Post Evacuate Collection Set: 0.5ms
[2023-07-28T10:36:13.437+0530][gc,phases     ] GC(10)   Other: 0.9ms
[2023-07-28T10:36:13.437+0530][gc,heap       ] GC(10) Eden regions: 49->0(52)
[2023-07-28T10:36:13.437+0530][gc,heap       ] GC(10) Survivor regions: 2->3(7)
[2023-07-28T10:36:13.437+0530][gc,heap       ] GC(10) Old regions: 15->15
[2023-07-28T10:36:13.437+0530][gc,heap       ] GC(10) Humongous regions: 138->138
[2023-07-28T10:36:13.437+0530][gc,metaspace  ] GC(10) Metaspace: 47614K(49664K)->47614K(49664K) NonClass: 42178K(43264K)->42178K(43264K) Class: 5435K(6400K)->5435K(6400K)
[2023-07-28T10:36:13.437+0530][gc            ] GC(10) Pause Young (Normal) (G1 Evacuation Pause) 203M->154M(1024M) 9.984ms
[2023-07-28T10:36:13.437+0530][gc,cpu        ] GC(10) User=0.03s Sys=0.00s Real=0.01s
[2023-07-28T10:50:21.162+0530][gc,start      ] GC(11) Pause Young (Normal) (G1 Evacuation Pause)
[2023-07-28T10:50:21.163+0530][gc,task       ] GC(11) Using 9 workers of 9 for evacuation
[2023-07-28T10:50:21.172+0530][gc,phases     ] GC(11)   Pre Evacuate Collection Set: 0.1ms
[2023-07-28T10:50:21.172+0530][gc,phases     ] GC(11)   Evacuate Collection Set: 7.4ms
[2023-07-28T10:50:21.172+0530][gc,phases     ] GC(11)   Post Evacuate Collection Set: 0.6ms
[2023-07-28T10:50:21.172+0530][gc,phases     ] GC(11)   Other: 1.7ms
[2023-07-28T10:50:21.172+0530][gc,heap       ] GC(11) Eden regions: 52->0(59)
[2023-07-28T10:50:21.172+0530][gc,heap       ] GC(11) Survivor regions: 3->4(7)
[2023-07-28T10:50:21.172+0530][gc,heap       ] GC(11) Old regions: 15->15
[2023-07-28T10:50:21.172+0530][gc,heap       ] GC(11) Humongous regions: 138->138
[2023-07-28T10:50:21.172+0530][gc,metaspace  ] GC(11) Metaspace: 47670K(49920K)->47670K(49920K) NonClass: 42234K(43520K)->42234K(43520K) Class: 5435K(6400K)->5435K(6400K)
[2023-07-28T10:50:21.172+0530][gc            ] GC(11) Pause Young (Normal) (G1 Evacuation Pause) 206M->155M(1024M) 10.032ms
[2023-07-28T10:50:21.172+0530][gc,cpu        ] GC(11) User=0.03s Sys=0.00s Real=0.01s
