[2023-07-27T15:15:04.716+0530][gc,heap] Heap region size: 1M
[2023-07-27T15:15:04.717+0530][gc     ] Using G1
[2023-07-27T15:15:04.717+0530][gc,heap,coops] Heap address: 0x0000000780000000, size: 1024 MB, Compressed Oops mode: Zero based, Oop shift amount: 3
[2023-07-27T15:15:05.084+0530][gc,start     ] GC(0) Pause Young (Concurrent Start) (Metadata GC Threshold)
[2023-07-27T15:15:05.085+0530][gc,task      ] GC(0) Using 9 workers of 9 for evacuation
[2023-07-27T15:15:05.089+0530][gc,phases    ] GC(0)   Pre Evacuate Collection Set: 0.0ms
[2023-07-27T15:15:05.089+0530][gc,phases    ] GC(0)   Evacuate Collection Set: 3.8ms
[2023-07-27T15:15:05.089+0530][gc,phases    ] GC(0)   Post Evacuate Collection Set: 0.2ms
[2023-07-27T15:15:05.089+0530][gc,phases    ] GC(0)   Other: 0.3ms
[2023-07-27T15:15:05.089+0530][gc,heap      ] GC(0) Eden regions: 50->0(44)
[2023-07-27T15:15:05.089+0530][gc,heap      ] GC(0) Survivor regions: 0->7(7)
[2023-07-27T15:15:05.089+0530][gc,heap      ] GC(0) Old regions: 0->1
[2023-07-27T15:15:05.089+0530][gc,heap      ] GC(0) Humongous regions: 0->0
[2023-07-27T15:15:05.089+0530][gc,metaspace ] GC(0) Metaspace: 20855K(21296K)->20855K(21296K) NonClass: 18507K(18736K)->18507K(18736K) Class: 2348K(2560K)->2348K(2560K)
[2023-07-27T15:15:05.089+0530][gc           ] GC(0) Pause Young (Concurrent Start) (Metadata GC Threshold) 50M->7M(1024M) 4.282ms
[2023-07-27T15:15:05.089+0530][gc,cpu       ] GC(0) User=0.01s Sys=0.01s Real=0.00s
[2023-07-27T15:15:05.089+0530][gc           ] GC(1) Concurrent Cycle
[2023-07-27T15:15:05.089+0530][gc,marking   ] GC(1) Concurrent Clear Claimed Marks
[2023-07-27T15:15:05.089+0530][gc,marking   ] GC(1) Concurrent Clear Claimed Marks 0.009ms
[2023-07-27T15:15:05.089+0530][gc,marking   ] GC(1) Concurrent Scan Root Regions
[2023-07-27T15:15:05.090+0530][gc,marking   ] GC(1) Concurrent Scan Root Regions 0.878ms
[2023-07-27T15:15:05.090+0530][gc,marking   ] GC(1) Concurrent Mark (0.377s)
[2023-07-27T15:15:05.090+0530][gc,marking   ] GC(1) Concurrent Mark From Roots
[2023-07-27T15:15:05.090+0530][gc,task      ] GC(1) Using 2 workers of 2 for marking
[2023-07-27T15:15:05.090+0530][gc,marking   ] GC(1) Concurrent Mark From Roots 0.199ms
[2023-07-27T15:15:05.090+0530][gc,marking   ] GC(1) Concurrent Preclean
[2023-07-27T15:15:05.090+0530][gc,marking   ] GC(1) Concurrent Preclean 0.016ms
[2023-07-27T15:15:05.090+0530][gc,marking   ] GC(1) Concurrent Mark (0.377s, 0.377s) 0.252ms
[2023-07-27T15:15:05.090+0530][gc,start     ] GC(1) Pause Remark
[2023-07-27T15:15:05.091+0530][gc,stringtable] GC(1) Cleaned string and symbol table, strings: 7409 processed, 0 removed, symbols: 66216 processed, 30 removed
[2023-07-27T15:15:05.091+0530][gc            ] GC(1) Pause Remark 8M->8M(1024M) 0.746ms
[2023-07-27T15:15:05.091+0530][gc,cpu        ] GC(1) User=0.01s Sys=0.00s Real=0.00s
[2023-07-27T15:15:05.091+0530][gc,marking    ] GC(1) Concurrent Rebuild Remembered Sets
[2023-07-27T15:15:05.091+0530][gc,marking    ] GC(1) Concurrent Rebuild Remembered Sets 0.154ms
[2023-07-27T15:15:05.091+0530][gc,start      ] GC(1) Pause Cleanup
[2023-07-27T15:15:05.091+0530][gc            ] GC(1) Pause Cleanup 8M->8M(1024M) 0.067ms
[2023-07-27T15:15:05.091+0530][gc,cpu        ] GC(1) User=0.00s Sys=0.00s Real=0.00s
[2023-07-27T15:15:05.091+0530][gc,marking    ] GC(1) Concurrent Cleanup for Next Mark
[2023-07-27T15:15:05.092+0530][gc,marking    ] GC(1) Concurrent Cleanup for Next Mark 1.305ms
[2023-07-27T15:15:05.092+0530][gc            ] GC(1) Concurrent Cycle 3.641ms
[2023-07-27T15:15:05.275+0530][gc,start      ] GC(2) Pause Young (Normal) (G1 Evacuation Pause)
[2023-07-27T15:15:05.275+0530][gc,task       ] GC(2) Using 9 workers of 9 for evacuation
[2023-07-27T15:15:05.278+0530][gc,phases     ] GC(2)   Pre Evacuate Collection Set: 0.0ms
[2023-07-27T15:15:05.278+0530][gc,phases     ] GC(2)   Evacuate Collection Set: 3.0ms
[2023-07-27T15:15:05.278+0530][gc,phases     ] GC(2)   Post Evacuate Collection Set: 0.2ms
[2023-07-27T15:15:05.278+0530][gc,phases     ] GC(2)   Other: 0.1ms
[2023-07-27T15:15:05.278+0530][gc,heap       ] GC(2) Eden regions: 44->0(48)
[2023-07-27T15:15:05.278+0530][gc,heap       ] GC(2) Survivor regions: 7->3(7)
[2023-07-27T15:15:05.278+0530][gc,heap       ] GC(2) Old regions: 1->7
[2023-07-27T15:15:05.278+0530][gc,heap       ] GC(2) Humongous regions: 0->0
[2023-07-27T15:15:05.278+0530][gc,metaspace  ] GC(2) Metaspace: 28429K(29312K)->28429K(29312K) NonClass: 25306K(25856K)->25306K(25856K) Class: 3123K(3456K)->3123K(3456K)
[2023-07-27T15:15:05.278+0530][gc            ] GC(2) Pause Young (Normal) (G1 Evacuation Pause) 51M->9M(1024M) 3.305ms
[2023-07-27T15:15:05.278+0530][gc,cpu        ] GC(2) User=0.02s Sys=0.00s Real=0.00s
[2023-07-27T15:15:05.459+0530][gc,start      ] GC(3) Pause Young (Concurrent Start) (Metadata GC Threshold)
[2023-07-27T15:15:05.460+0530][gc,task       ] GC(3) Using 9 workers of 9 for evacuation
[2023-07-27T15:15:05.461+0530][gc,phases     ] GC(3)   Pre Evacuate Collection Set: 0.0ms
[2023-07-27T15:15:05.461+0530][gc,phases     ] GC(3)   Evacuate Collection Set: 1.3ms
[2023-07-27T15:15:05.461+0530][gc,phases     ] GC(3)   Post Evacuate Collection Set: 0.1ms
[2023-07-27T15:15:05.461+0530][gc,phases     ] GC(3)   Other: 0.1ms
[2023-07-27T15:15:05.461+0530][gc,heap       ] GC(3) Eden regions: 31->0(47)
[2023-07-27T15:15:05.461+0530][gc,heap       ] GC(3) Survivor regions: 3->4(7)
[2023-07-27T15:15:05.461+0530][gc,heap       ] GC(3) Old regions: 7->7
[2023-07-27T15:15:05.461+0530][gc,heap       ] GC(3) Humongous regions: 0->0
[2023-07-27T15:15:05.461+0530][gc,metaspace  ] GC(3) Metaspace: 34777K(35840K)->34777K(35840K) NonClass: 30925K(31488K)->30925K(31488K) Class: 3851K(4352K)->3851K(4352K)
[2023-07-27T15:15:05.461+0530][gc            ] GC(3) Pause Young (Concurrent Start) (Metadata GC Threshold) 40M->10M(1024M) 1.609ms
[2023-07-27T15:15:05.461+0530][gc,cpu        ] GC(3) User=0.01s Sys=0.00s Real=0.01s
[2023-07-27T15:15:05.461+0530][gc            ] GC(4) Concurrent Cycle
[2023-07-27T15:15:05.461+0530][gc,marking    ] GC(4) Concurrent Clear Claimed Marks
[2023-07-27T15:15:05.461+0530][gc,marking    ] GC(4) Concurrent Clear Claimed Marks 0.018ms
[2023-07-27T15:15:05.461+0530][gc,marking    ] GC(4) Concurrent Scan Root Regions
[2023-07-27T15:15:05.462+0530][gc,marking    ] GC(4) Concurrent Scan Root Regions 0.844ms
[2023-07-27T15:15:05.462+0530][gc,marking    ] GC(4) Concurrent Mark (0.749s)
[2023-07-27T15:15:05.462+0530][gc,marking    ] GC(4) Concurrent Mark From Roots
[2023-07-27T15:15:05.462+0530][gc,task       ] GC(4) Using 2 workers of 2 for marking
[2023-07-27T15:15:05.464+0530][gc,marking    ] GC(4) Concurrent Mark From Roots 2.343ms
[2023-07-27T15:15:05.464+0530][gc,marking    ] GC(4) Concurrent Preclean
[2023-07-27T15:15:05.464+0530][gc,marking    ] GC(4) Concurrent Preclean 0.028ms
[2023-07-27T15:15:05.464+0530][gc,marking    ] GC(4) Concurrent Mark (0.749s, 0.751s) 2.386ms
[2023-07-27T15:15:05.464+0530][gc,start      ] GC(4) Pause Remark
[2023-07-27T15:15:05.465+0530][gc,stringtable] GC(4) Cleaned string and symbol table, strings: 11712 processed, 12 removed, symbols: 99996 processed, 21 removed
[2023-07-27T15:15:05.465+0530][gc            ] GC(4) Pause Remark 11M->11M(1024M) 0.831ms
[2023-07-27T15:15:05.465+0530][gc,cpu        ] GC(4) User=0.01s Sys=0.00s Real=0.00s
[2023-07-27T15:15:05.465+0530][gc,marking    ] GC(4) Concurrent Rebuild Remembered Sets
[2023-07-27T15:15:05.467+0530][gc,marking    ] GC(4) Concurrent Rebuild Remembered Sets 1.768ms
[2023-07-27T15:15:05.467+0530][gc,start      ] GC(4) Pause Cleanup
[2023-07-27T15:15:05.467+0530][gc            ] GC(4) Pause Cleanup 11M->11M(1024M) 0.095ms
[2023-07-27T15:15:05.467+0530][gc,cpu        ] GC(4) User=0.00s Sys=0.00s Real=0.00s
[2023-07-27T15:15:05.467+0530][gc,marking    ] GC(4) Concurrent Cleanup for Next Mark
[2023-07-27T15:15:05.469+0530][gc,marking    ] GC(4) Concurrent Cleanup for Next Mark 1.318ms
[2023-07-27T15:15:05.469+0530][gc            ] GC(4) Concurrent Cycle 7.609ms
[2023-07-27T15:15:05.595+0530][gc,start      ] GC(5) Pause Young (Normal) (G1 Evacuation Pause)
[2023-07-27T15:15:05.595+0530][gc,task       ] GC(5) Using 9 workers of 9 for evacuation
[2023-07-27T15:15:05.598+0530][gc,phases     ] GC(5)   Pre Evacuate Collection Set: 0.0ms
[2023-07-27T15:15:05.598+0530][gc,phases     ] GC(5)   Evacuate Collection Set: 2.6ms
[2023-07-27T15:15:05.598+0530][gc,phases     ] GC(5)   Post Evacuate Collection Set: 0.2ms
[2023-07-27T15:15:05.598+0530][gc,phases     ] GC(5)   Other: 0.1ms
[2023-07-27T15:15:05.598+0530][gc,heap       ] GC(5) Eden regions: 47->0(45)
[2023-07-27T15:15:05.598+0530][gc,heap       ] GC(5) Survivor regions: 4->6(7)
[2023-07-27T15:15:05.598+0530][gc,heap       ] GC(5) Old regions: 7->7
[2023-07-27T15:15:05.598+0530][gc,heap       ] GC(5) Humongous regions: 11->9
[2023-07-27T15:15:05.598+0530][gc,metaspace  ] GC(5) Metaspace: 38858K(40192K)->38858K(40192K) NonClass: 34577K(35328K)->34577K(35328K) Class: 4281K(4864K)->4281K(4864K)
[2023-07-27T15:15:05.598+0530][gc            ] GC(5) Pause Young (Normal) (G1 Evacuation Pause) 68M->21M(1024M) 2.949ms
[2023-07-27T15:15:05.598+0530][gc,cpu        ] GC(5) User=0.02s Sys=0.00s Real=0.00s
[2023-07-27T15:15:06.177+0530][gc,start      ] GC(6) Pause Young (Normal) (G1 Evacuation Pause)
[2023-07-27T15:15:06.177+0530][gc,task       ] GC(6) Using 9 workers of 9 for evacuation
[2023-07-27T15:15:06.180+0530][gc,phases     ] GC(6)   Pre Evacuate Collection Set: 0.1ms
[2023-07-27T15:15:06.180+0530][gc,phases     ] GC(6)   Evacuate Collection Set: 2.4ms
[2023-07-27T15:15:06.180+0530][gc,phases     ] GC(6)   Post Evacuate Collection Set: 0.2ms
[2023-07-27T15:15:06.180+0530][gc,phases     ] GC(6)   Other: 0.2ms
[2023-07-27T15:15:06.180+0530][gc,heap       ] GC(6) Eden regions: 45->0(44)
[2023-07-27T15:15:06.180+0530][gc,heap       ] GC(6) Survivor regions: 6->7(7)
[2023-07-27T15:15:06.180+0530][gc,heap       ] GC(6) Old regions: 7->10
[2023-07-27T15:15:06.180+0530][gc,heap       ] GC(6) Humongous regions: 138->138
[2023-07-27T15:15:06.180+0530][gc,metaspace  ] GC(6) Metaspace: 44377K(46080K)->44377K(46080K) NonClass: 39327K(40192K)->39327K(40192K) Class: 5049K(5888K)->5049K(5888K)
[2023-07-27T15:15:06.180+0530][gc            ] GC(6) Pause Young (Normal) (G1 Evacuation Pause) 195M->153M(1024M) 2.830ms
[2023-07-27T15:15:06.180+0530][gc,cpu        ] GC(6) User=0.02s Sys=0.01s Real=0.01s
[2023-07-27T15:24:36.252+0530][gc,start      ] GC(7) Pause Young (Normal) (G1 Evacuation Pause)
[2023-07-27T15:24:36.253+0530][gc,task       ] GC(7) Using 9 workers of 9 for evacuation
[2023-07-27T15:24:36.264+0530][gc,phases     ] GC(7)   Pre Evacuate Collection Set: 0.1ms
[2023-07-27T15:24:36.264+0530][gc,phases     ] GC(7)   Evacuate Collection Set: 9.7ms
[2023-07-27T15:24:36.264+0530][gc,phases     ] GC(7)   Post Evacuate Collection Set: 1.0ms
[2023-07-27T15:24:36.264+0530][gc,phases     ] GC(7)   Other: 1.0ms
[2023-07-27T15:24:36.264+0530][gc,heap       ] GC(7) Eden regions: 44->0(46)
[2023-07-27T15:24:36.264+0530][gc,heap       ] GC(7) Survivor regions: 7->5(7)
[2023-07-27T15:24:36.264+0530][gc,heap       ] GC(7) Old regions: 10->12
[2023-07-27T15:24:36.264+0530][gc,heap       ] GC(7) Humongous regions: 156->138
[2023-07-27T15:24:36.264+0530][gc,metaspace  ] GC(7) Metaspace: 46370K(48384K)->46370K(48384K) NonClass: 41166K(42240K)->41166K(42240K) Class: 5203K(6144K)->5203K(6144K)
[2023-07-27T15:24:36.264+0530][gc            ] GC(7) Pause Young (Normal) (G1 Evacuation Pause) 215M->154M(1024M) 12.011ms
[2023-07-27T15:24:36.265+0530][gc,cpu        ] GC(7) User=0.03s Sys=0.01s Real=0.01s
[2023-07-27T15:36:35.747+0530][gc,start      ] GC(8) Pause Young (Normal) (G1 Evacuation Pause)
[2023-07-27T15:36:35.747+0530][gc,task       ] GC(8) Using 9 workers of 9 for evacuation
[2023-07-27T15:36:35.754+0530][gc,phases     ] GC(8)   Pre Evacuate Collection Set: 0.1ms
[2023-07-27T15:36:35.754+0530][gc,phases     ] GC(8)   Evacuate Collection Set: 5.7ms
[2023-07-27T15:36:35.754+0530][gc,phases     ] GC(8)   Post Evacuate Collection Set: 0.6ms
[2023-07-27T15:36:35.754+0530][gc,phases     ] GC(8)   Other: 0.7ms
[2023-07-27T15:36:35.754+0530][gc,heap       ] GC(8) Eden regions: 46->0(49)
[2023-07-27T15:36:35.754+0530][gc,heap       ] GC(8) Survivor regions: 5->2(7)
[2023-07-27T15:36:35.754+0530][gc,heap       ] GC(8) Old regions: 12->16
[2023-07-27T15:36:35.754+0530][gc,heap       ] GC(8) Humongous regions: 138->138
[2023-07-27T15:36:35.754+0530][gc,metaspace  ] GC(8) Metaspace: 46648K(48640K)->46648K(48640K) NonClass: 41443K(42496K)->41443K(42496K) Class: 5205K(6144K)->5205K(6144K)
[2023-07-27T15:36:35.754+0530][gc            ] GC(8) Pause Young (Normal) (G1 Evacuation Pause) 200M->154M(1024M) 7.323ms
[2023-07-27T15:36:35.754+0530][gc,cpu        ] GC(8) User=0.03s Sys=0.00s Real=0.01s
[2023-07-27T15:37:10.391+0530][gc,heap,exit  ] Heap
[2023-07-27T15:37:10.391+0530][gc,heap,exit  ]  garbage-first heap   total 1048576K, used 174829K [0x0000000780000000, 0x00000007c0000000)
[2023-07-27T15:37:10.391+0530][gc,heap,exit  ]   region size 1024K, 19 young (19456K), 2 survivors (2048K)
[2023-07-27T15:37:10.391+0530][gc,heap,exit  ]  Metaspace       used 47443K, capacity 49444K, committed 49664K, reserved 1093632K
[2023-07-27T15:37:10.391+0530][gc,heap,exit  ]   class space    used 5417K, capacity 6335K, committed 6400K, reserved 1048576K
