[2023-07-27T17:16:19.860+0530][gc,heap] Heap region size: 1M
[2023-07-27T17:16:19.862+0530][gc     ] Using G1
[2023-07-27T17:16:19.862+0530][gc,heap,coops] Heap address: 0x0000000780000000, size: 1024 MB, Compressed Oops mode: Zero based, Oop shift amount: 3
[2023-07-27T17:16:20.229+0530][gc,start     ] GC(0) Pause Young (Concurrent Start) (Metadata GC Threshold)
[2023-07-27T17:16:20.230+0530][gc,task      ] GC(0) Using 9 workers of 9 for evacuation
[2023-07-27T17:16:20.233+0530][gc,phases    ] GC(0)   Pre Evacuate Collection Set: 0.0ms
[2023-07-27T17:16:20.233+0530][gc,phases    ] GC(0)   Evacuate Collection Set: 3.2ms
[2023-07-27T17:16:20.233+0530][gc,phases    ] GC(0)   Post Evacuate Collection Set: 0.2ms
[2023-07-27T17:16:20.233+0530][gc,phases    ] GC(0)   Other: 0.3ms
[2023-07-27T17:16:20.233+0530][gc,heap      ] GC(0) Eden regions: 49->0(44)
[2023-07-27T17:16:20.233+0530][gc,heap      ] GC(0) Survivor regions: 0->7(7)
[2023-07-27T17:16:20.233+0530][gc,heap      ] GC(0) Old regions: 0->1
[2023-07-27T17:16:20.233+0530][gc,heap      ] GC(0) Humongous regions: 0->0
[2023-07-27T17:16:20.233+0530][gc,metaspace ] GC(0) Metaspace: 20794K(21296K)->20794K(21296K) NonClass: 18458K(18736K)->18458K(18736K) Class: 2336K(2560K)->2336K(2560K)
[2023-07-27T17:16:20.233+0530][gc           ] GC(0) Pause Young (Concurrent Start) (Metadata GC Threshold) 49M->7M(1024M) 3.773ms
[2023-07-27T17:16:20.233+0530][gc,cpu       ] GC(0) User=0.01s Sys=0.01s Real=0.01s
[2023-07-27T17:16:20.233+0530][gc           ] GC(1) Concurrent Cycle
[2023-07-27T17:16:20.233+0530][gc,marking   ] GC(1) Concurrent Clear Claimed Marks
[2023-07-27T17:16:20.233+0530][gc,marking   ] GC(1) Concurrent Clear Claimed Marks 0.011ms
[2023-07-27T17:16:20.233+0530][gc,marking   ] GC(1) Concurrent Scan Root Regions
[2023-07-27T17:16:20.234+0530][gc,marking   ] GC(1) Concurrent Scan Root Regions 0.877ms
[2023-07-27T17:16:20.234+0530][gc,marking   ] GC(1) Concurrent Mark (0.377s)
[2023-07-27T17:16:20.234+0530][gc,marking   ] GC(1) Concurrent Mark From Roots
[2023-07-27T17:16:20.234+0530][gc,task      ] GC(1) Using 2 workers of 2 for marking
[2023-07-27T17:16:20.234+0530][gc,marking   ] GC(1) Concurrent Mark From Roots 0.180ms
[2023-07-27T17:16:20.234+0530][gc,marking   ] GC(1) Concurrent Preclean
[2023-07-27T17:16:20.234+0530][gc,marking   ] GC(1) Concurrent Preclean 0.016ms
[2023-07-27T17:16:20.234+0530][gc,marking   ] GC(1) Concurrent Mark (0.377s, 0.377s) 0.234ms
[2023-07-27T17:16:20.234+0530][gc,start     ] GC(1) Pause Remark
[2023-07-27T17:16:20.235+0530][gc,stringtable] GC(1) Cleaned string and symbol table, strings: 7386 processed, 0 removed, symbols: 66021 processed, 31 removed
[2023-07-27T17:16:20.235+0530][gc            ] GC(1) Pause Remark 7M->7M(1024M) 0.772ms
[2023-07-27T17:16:20.235+0530][gc,cpu        ] GC(1) User=0.00s Sys=0.00s Real=0.00s
[2023-07-27T17:16:20.235+0530][gc,marking    ] GC(1) Concurrent Rebuild Remembered Sets
[2023-07-27T17:16:20.235+0530][gc,marking    ] GC(1) Concurrent Rebuild Remembered Sets 0.100ms
[2023-07-27T17:16:20.235+0530][gc,start      ] GC(1) Pause Cleanup
[2023-07-27T17:16:20.236+0530][gc            ] GC(1) Pause Cleanup 7M->7M(1024M) 0.072ms
[2023-07-27T17:16:20.236+0530][gc,cpu        ] GC(1) User=0.00s Sys=0.00s Real=0.00s
[2023-07-27T17:16:20.236+0530][gc,marking    ] GC(1) Concurrent Cleanup for Next Mark
[2023-07-27T17:16:20.237+0530][gc,marking    ] GC(1) Concurrent Cleanup for Next Mark 1.320ms
[2023-07-27T17:16:20.237+0530][gc            ] GC(1) Concurrent Cycle 3.589ms
[2023-07-27T17:16:20.438+0530][gc,start      ] GC(2) Pause Young (Normal) (G1 Evacuation Pause)
[2023-07-27T17:16:20.438+0530][gc,task       ] GC(2) Using 9 workers of 9 for evacuation
[2023-07-27T17:16:20.442+0530][gc,phases     ] GC(2)   Pre Evacuate Collection Set: 0.0ms
[2023-07-27T17:16:20.442+0530][gc,phases     ] GC(2)   Evacuate Collection Set: 3.4ms
[2023-07-27T17:16:20.442+0530][gc,phases     ] GC(2)   Post Evacuate Collection Set: 0.2ms
[2023-07-27T17:16:20.442+0530][gc,phases     ] GC(2)   Other: 0.1ms
[2023-07-27T17:16:20.442+0530][gc,heap       ] GC(2) Eden regions: 44->0(48)
[2023-07-27T17:16:20.442+0530][gc,heap       ] GC(2) Survivor regions: 7->3(7)
[2023-07-27T17:16:20.442+0530][gc,heap       ] GC(2) Old regions: 1->7
[2023-07-27T17:16:20.442+0530][gc,heap       ] GC(2) Humongous regions: 0->0
[2023-07-27T17:16:20.442+0530][gc,metaspace  ] GC(2) Metaspace: 28341K(29312K)->28341K(29312K) NonClass: 25235K(25856K)->25235K(25856K) Class: 3106K(3456K)->3106K(3456K)
[2023-07-27T17:16:20.442+0530][gc            ] GC(2) Pause Young (Normal) (G1 Evacuation Pause) 51M->9M(1024M) 3.763ms
[2023-07-27T17:16:20.442+0530][gc,cpu        ] GC(2) User=0.03s Sys=0.01s Real=0.01s
[2023-07-27T17:16:20.651+0530][gc,start      ] GC(3) Pause Young (Concurrent Start) (Metadata GC Threshold)
[2023-07-27T17:16:20.651+0530][gc,task       ] GC(3) Using 9 workers of 9 for evacuation
[2023-07-27T17:16:20.655+0530][gc,phases     ] GC(3)   Pre Evacuate Collection Set: 0.0ms
[2023-07-27T17:16:20.655+0530][gc,phases     ] GC(3)   Evacuate Collection Set: 3.4ms
[2023-07-27T17:16:20.655+0530][gc,phases     ] GC(3)   Post Evacuate Collection Set: 0.1ms
[2023-07-27T17:16:20.655+0530][gc,phases     ] GC(3)   Other: 0.1ms
[2023-07-27T17:16:20.655+0530][gc,heap       ] GC(3) Eden regions: 37->0(47)
[2023-07-27T17:16:20.655+0530][gc,heap       ] GC(3) Survivor regions: 3->4(7)
[2023-07-27T17:16:20.655+0530][gc,heap       ] GC(3) Old regions: 7->7
[2023-07-27T17:16:20.655+0530][gc,heap       ] GC(3) Humongous regions: 0->0
[2023-07-27T17:16:20.655+0530][gc,metaspace  ] GC(3) Metaspace: 34848K(35840K)->34848K(35840K) NonClass: 30989K(31488K)->30989K(31488K) Class: 3858K(4352K)->3858K(4352K)
[2023-07-27T17:16:20.655+0530][gc            ] GC(3) Pause Young (Concurrent Start) (Metadata GC Threshold) 45M->10M(1024M) 3.651ms
[2023-07-27T17:16:20.655+0530][gc,cpu        ] GC(3) User=0.01s Sys=0.00s Real=0.00s
[2023-07-27T17:16:20.655+0530][gc            ] GC(4) Concurrent Cycle
[2023-07-27T17:16:20.655+0530][gc,marking    ] GC(4) Concurrent Clear Claimed Marks
[2023-07-27T17:16:20.655+0530][gc,marking    ] GC(4) Concurrent Clear Claimed Marks 0.014ms
[2023-07-27T17:16:20.655+0530][gc,marking    ] GC(4) Concurrent Scan Root Regions
[2023-07-27T17:16:20.656+0530][gc,marking    ] GC(4) Concurrent Scan Root Regions 0.858ms
[2023-07-27T17:16:20.656+0530][gc,marking    ] GC(4) Concurrent Mark (0.798s)
[2023-07-27T17:16:20.656+0530][gc,marking    ] GC(4) Concurrent Mark From Roots
[2023-07-27T17:16:20.656+0530][gc,task       ] GC(4) Using 2 workers of 2 for marking
[2023-07-27T17:16:20.658+0530][gc,marking    ] GC(4) Concurrent Mark From Roots 1.936ms
[2023-07-27T17:16:20.658+0530][gc,marking    ] GC(4) Concurrent Preclean
[2023-07-27T17:16:20.658+0530][gc,marking    ] GC(4) Concurrent Preclean 0.024ms
[2023-07-27T17:16:20.658+0530][gc,marking    ] GC(4) Concurrent Mark (0.798s, 0.800s) 1.988ms
[2023-07-27T17:16:20.658+0530][gc,start      ] GC(4) Pause Remark
[2023-07-27T17:16:20.659+0530][gc,stringtable] GC(4) Cleaned string and symbol table, strings: 11722 processed, 13 removed, symbols: 100222 processed, 22 removed
[2023-07-27T17:16:20.659+0530][gc            ] GC(4) Pause Remark 11M->11M(1024M) 0.957ms
[2023-07-27T17:16:20.659+0530][gc,cpu        ] GC(4) User=0.00s Sys=0.01s Real=0.00s
[2023-07-27T17:16:20.659+0530][gc,marking    ] GC(4) Concurrent Rebuild Remembered Sets
[2023-07-27T17:16:20.661+0530][gc,marking    ] GC(4) Concurrent Rebuild Remembered Sets 1.727ms
[2023-07-27T17:16:20.661+0530][gc,start      ] GC(4) Pause Cleanup
[2023-07-27T17:16:20.661+0530][gc            ] GC(4) Pause Cleanup 11M->11M(1024M) 0.079ms
[2023-07-27T17:16:20.661+0530][gc,cpu        ] GC(4) User=0.00s Sys=0.00s Real=0.00s
[2023-07-27T17:16:20.661+0530][gc,marking    ] GC(4) Concurrent Cleanup for Next Mark
[2023-07-27T17:16:20.662+0530][gc,marking    ] GC(4) Concurrent Cleanup for Next Mark 1.229ms
[2023-07-27T17:16:20.664+0530][gc            ] GC(4) Concurrent Cycle 9.128ms
[2023-07-27T17:16:20.752+0530][gc,start      ] GC(5) Pause Young (Normal) (G1 Evacuation Pause)
[2023-07-27T17:16:20.752+0530][gc,task       ] GC(5) Using 9 workers of 9 for evacuation
[2023-07-27T17:16:20.754+0530][gc,phases     ] GC(5)   Pre Evacuate Collection Set: 0.0ms
[2023-07-27T17:16:20.754+0530][gc,phases     ] GC(5)   Evacuate Collection Set: 1.3ms
[2023-07-27T17:16:20.754+0530][gc,phases     ] GC(5)   Post Evacuate Collection Set: 0.2ms
[2023-07-27T17:16:20.754+0530][gc,phases     ] GC(5)   Other: 0.1ms
[2023-07-27T17:16:20.754+0530][gc,heap       ] GC(5) Eden regions: 47->0(47)
[2023-07-27T17:16:20.754+0530][gc,heap       ] GC(5) Survivor regions: 4->4(7)
[2023-07-27T17:16:20.754+0530][gc,heap       ] GC(5) Old regions: 7->7
[2023-07-27T17:16:20.754+0530][gc,heap       ] GC(5) Humongous regions: 13->13
[2023-07-27T17:16:20.754+0530][gc,metaspace  ] GC(5) Metaspace: 37814K(39040K)->37814K(39040K) NonClass: 33633K(34304K)->33633K(34304K) Class: 4181K(4736K)->4181K(4736K)
[2023-07-27T17:16:20.754+0530][gc            ] GC(5) Pause Young (Normal) (G1 Evacuation Pause) 70M->23M(1024M) 1.670ms
[2023-07-27T17:16:20.754+0530][gc,cpu        ] GC(5) User=0.01s Sys=0.00s Real=0.00s
[2023-07-27T17:16:21.202+0530][gc,start      ] GC(6) Pause Young (Normal) (G1 Evacuation Pause)
[2023-07-27T17:16:21.202+0530][gc,task       ] GC(6) Using 9 workers of 9 for evacuation
[2023-07-27T17:16:21.205+0530][gc,phases     ] GC(6)   Pre Evacuate Collection Set: 0.0ms
[2023-07-27T17:16:21.206+0530][gc,phases     ] GC(6)   Evacuate Collection Set: 2.9ms
[2023-07-27T17:16:21.206+0530][gc,phases     ] GC(6)   Post Evacuate Collection Set: 0.2ms
[2023-07-27T17:16:21.206+0530][gc,phases     ] GC(6)   Other: 0.1ms
[2023-07-27T17:16:21.206+0530][gc,heap       ] GC(6) Eden regions: 47->0(45)
[2023-07-27T17:16:21.206+0530][gc,heap       ] GC(6) Survivor regions: 4->6(7)
[2023-07-27T17:16:21.206+0530][gc,heap       ] GC(6) Old regions: 7->9
[2023-07-27T17:16:21.206+0530][gc,heap       ] GC(6) Humongous regions: 13->9
[2023-07-27T17:16:21.206+0530][gc,metaspace  ] GC(6) Metaspace: 42502K(43904K)->42502K(43904K) NonClass: 37858K(38656K)->37858K(38656K) Class: 4643K(5248K)->4643K(5248K)
[2023-07-27T17:16:21.206+0530][gc            ] GC(6) Pause Young (Normal) (G1 Evacuation Pause) 70M->22M(1024M) 3.246ms
[2023-07-27T17:16:21.206+0530][gc,cpu        ] GC(6) User=0.02s Sys=0.00s Real=0.00s
[2023-07-27T17:16:21.841+0530][gc,heap,exit  ] Heap
[2023-07-27T17:16:21.841+0530][gc,heap,exit  ]  garbage-first heap   total 1048576K, used 186351K [0x0000000780000000, 0x00000007c0000000)
[2023-07-27T17:16:21.841+0530][gc,heap,exit  ]   region size 1024K, 38 young (38912K), 6 survivors (6144K)
[2023-07-27T17:16:21.841+0530][gc,heap,exit  ]  Metaspace       used 45523K, capacity 47358K, committed 47488K, reserved 1091584K
[2023-07-27T17:16:21.841+0530][gc,heap,exit  ]   class space    used 5326K, capacity 6208K, committed 6272K, reserved 1048576K
