[2023-07-27T17:17:06.086+0530][gc,heap] Heap region size: 1M
[2023-07-27T17:17:06.088+0530][gc     ] Using G1
[2023-07-27T17:17:06.088+0530][gc,heap,coops] Heap address: 0x0000000780000000, size: 1024 MB, Compressed Oops mode: Zero based, Oop shift amount: 3
[2023-07-27T17:17:06.462+0530][gc,start     ] GC(0) Pause Young (Concurrent Start) (Metadata GC Threshold)
[2023-07-27T17:17:06.462+0530][gc,task      ] GC(0) Using 9 workers of 9 for evacuation
[2023-07-27T17:17:06.466+0530][gc,phases    ] GC(0)   Pre Evacuate Collection Set: 0.0ms
[2023-07-27T17:17:06.466+0530][gc,phases    ] GC(0)   Evacuate Collection Set: 3.8ms
[2023-07-27T17:17:06.466+0530][gc,phases    ] GC(0)   Post Evacuate Collection Set: 0.2ms
[2023-07-27T17:17:06.466+0530][gc,phases    ] GC(0)   Other: 0.3ms
[2023-07-27T17:17:06.466+0530][gc,heap      ] GC(0) Eden regions: 50->0(44)
[2023-07-27T17:17:06.466+0530][gc,heap      ] GC(0) Survivor regions: 0->7(7)
[2023-07-27T17:17:06.466+0530][gc,heap      ] GC(0) Old regions: 0->0
[2023-07-27T17:17:06.466+0530][gc,heap      ] GC(0) Humongous regions: 0->0
[2023-07-27T17:17:06.466+0530][gc,metaspace ] GC(0) Metaspace: 20841K(21296K)->20841K(21296K) NonClass: 18492K(18736K)->18492K(18736K) Class: 2348K(2560K)->2348K(2560K)
[2023-07-27T17:17:06.466+0530][gc           ] GC(0) Pause Young (Concurrent Start) (Metadata GC Threshold) 49M->6M(1024M) 4.367ms
[2023-07-27T17:17:06.466+0530][gc,cpu       ] GC(0) User=0.01s Sys=0.01s Real=0.00s
[2023-07-27T17:17:06.466+0530][gc           ] GC(1) Concurrent Cycle
[2023-07-27T17:17:06.466+0530][gc,marking   ] GC(1) Concurrent Clear Claimed Marks
[2023-07-27T17:17:06.466+0530][gc,marking   ] GC(1) Concurrent Clear Claimed Marks 0.010ms
[2023-07-27T17:17:06.466+0530][gc,marking   ] GC(1) Concurrent Scan Root Regions
[2023-07-27T17:17:06.467+0530][gc,marking   ] GC(1) Concurrent Scan Root Regions 0.829ms
[2023-07-27T17:17:06.467+0530][gc,marking   ] GC(1) Concurrent Mark (0.383s)
[2023-07-27T17:17:06.467+0530][gc,marking   ] GC(1) Concurrent Mark From Roots
[2023-07-27T17:17:06.467+0530][gc,task      ] GC(1) Using 2 workers of 2 for marking
[2023-07-27T17:17:06.467+0530][gc,marking   ] GC(1) Concurrent Mark From Roots 0.076ms
[2023-07-27T17:17:06.467+0530][gc,marking   ] GC(1) Concurrent Preclean
[2023-07-27T17:17:06.467+0530][gc,marking   ] GC(1) Concurrent Preclean 0.015ms
[2023-07-27T17:17:06.467+0530][gc,marking   ] GC(1) Concurrent Mark (0.383s, 0.383s) 0.120ms
[2023-07-27T17:17:06.467+0530][gc,start     ] GC(1) Pause Remark
[2023-07-27T17:17:06.468+0530][gc,stringtable] GC(1) Cleaned string and symbol table, strings: 7403 processed, 0 removed, symbols: 66215 processed, 30 removed
[2023-07-27T17:17:06.468+0530][gc            ] GC(1) Pause Remark 7M->7M(1024M) 0.760ms
[2023-07-27T17:17:06.468+0530][gc,cpu        ] GC(1) User=0.01s Sys=0.00s Real=0.00s
[2023-07-27T17:17:06.468+0530][gc,marking    ] GC(1) Concurrent Rebuild Remembered Sets
[2023-07-27T17:17:06.468+0530][gc,marking    ] GC(1) Concurrent Rebuild Remembered Sets 0.034ms
[2023-07-27T17:17:06.468+0530][gc,start      ] GC(1) Pause Cleanup
[2023-07-27T17:17:06.468+0530][gc            ] GC(1) Pause Cleanup 7M->7M(1024M) 0.074ms
[2023-07-27T17:17:06.468+0530][gc,cpu        ] GC(1) User=0.00s Sys=0.00s Real=0.00s
[2023-07-27T17:17:06.468+0530][gc,marking    ] GC(1) Concurrent Cleanup for Next Mark
[2023-07-27T17:17:06.470+0530][gc,marking    ] GC(1) Concurrent Cleanup for Next Mark 1.997ms
[2023-07-27T17:17:06.470+0530][gc            ] GC(1) Concurrent Cycle 4.024ms
[2023-07-27T17:17:06.669+0530][gc,start      ] GC(2) Pause Young (Normal) (G1 Evacuation Pause)
[2023-07-27T17:17:06.669+0530][gc,task       ] GC(2) Using 9 workers of 9 for evacuation
[2023-07-27T17:17:06.674+0530][gc,phases     ] GC(2)   Pre Evacuate Collection Set: 0.0ms
[2023-07-27T17:17:06.674+0530][gc,phases     ] GC(2)   Evacuate Collection Set: 4.6ms
[2023-07-27T17:17:06.674+0530][gc,phases     ] GC(2)   Post Evacuate Collection Set: 0.2ms
[2023-07-27T17:17:06.674+0530][gc,phases     ] GC(2)   Other: 0.1ms
[2023-07-27T17:17:06.674+0530][gc,heap       ] GC(2) Eden regions: 44->0(48)
[2023-07-27T17:17:06.674+0530][gc,heap       ] GC(2) Survivor regions: 7->3(7)
[2023-07-27T17:17:06.674+0530][gc,heap       ] GC(2) Old regions: 0->7
[2023-07-27T17:17:06.674+0530][gc,heap       ] GC(2) Humongous regions: 0->0
[2023-07-27T17:17:06.674+0530][gc,metaspace  ] GC(2) Metaspace: 28425K(29312K)->28425K(29312K) NonClass: 25301K(25856K)->25301K(25856K) Class: 3123K(3456K)->3123K(3456K)
[2023-07-27T17:17:06.674+0530][gc            ] GC(2) Pause Young (Normal) (G1 Evacuation Pause) 50M->9M(1024M) 5.002ms
[2023-07-27T17:17:06.674+0530][gc,cpu        ] GC(2) User=0.03s Sys=0.01s Real=0.01s
[2023-07-27T17:17:06.880+0530][gc,start      ] GC(3) Pause Young (Concurrent Start) (Metadata GC Threshold)
[2023-07-27T17:17:06.880+0530][gc,task       ] GC(3) Using 9 workers of 9 for evacuation
[2023-07-27T17:17:06.883+0530][gc,phases     ] GC(3)   Pre Evacuate Collection Set: 0.0ms
[2023-07-27T17:17:06.883+0530][gc,phases     ] GC(3)   Evacuate Collection Set: 2.9ms
[2023-07-27T17:17:06.883+0530][gc,phases     ] GC(3)   Post Evacuate Collection Set: 0.1ms
[2023-07-27T17:17:06.883+0530][gc,phases     ] GC(3)   Other: 0.1ms
[2023-07-27T17:17:06.883+0530][gc,heap       ] GC(3) Eden regions: 35->0(47)
[2023-07-27T17:17:06.883+0530][gc,heap       ] GC(3) Survivor regions: 3->4(7)
[2023-07-27T17:17:06.883+0530][gc,heap       ] GC(3) Old regions: 7->7
[2023-07-27T17:17:06.883+0530][gc,heap       ] GC(3) Humongous regions: 0->0
[2023-07-27T17:17:06.883+0530][gc,metaspace  ] GC(3) Metaspace: 34827K(35840K)->34827K(35840K) NonClass: 30965K(31488K)->30965K(31488K) Class: 3861K(4352K)->3861K(4352K)
[2023-07-27T17:17:06.883+0530][gc            ] GC(3) Pause Young (Concurrent Start) (Metadata GC Threshold) 44M->10M(1024M) 3.174ms
[2023-07-27T17:17:06.883+0530][gc,cpu        ] GC(3) User=0.01s Sys=0.01s Real=0.00s
[2023-07-27T17:17:06.883+0530][gc            ] GC(4) Concurrent Cycle
[2023-07-27T17:17:06.883+0530][gc,marking    ] GC(4) Concurrent Clear Claimed Marks
[2023-07-27T17:17:06.883+0530][gc,marking    ] GC(4) Concurrent Clear Claimed Marks 0.017ms
[2023-07-27T17:17:06.883+0530][gc,marking    ] GC(4) Concurrent Scan Root Regions
[2023-07-27T17:17:06.884+0530][gc,marking    ] GC(4) Concurrent Scan Root Regions 0.851ms
[2023-07-27T17:17:06.884+0530][gc,marking    ] GC(4) Concurrent Mark (0.801s)
[2023-07-27T17:17:06.884+0530][gc,marking    ] GC(4) Concurrent Mark From Roots
[2023-07-27T17:17:06.884+0530][gc,task       ] GC(4) Using 2 workers of 2 for marking
[2023-07-27T17:17:06.887+0530][gc,marking    ] GC(4) Concurrent Mark From Roots 2.268ms
[2023-07-27T17:17:06.887+0530][gc,marking    ] GC(4) Concurrent Preclean
[2023-07-27T17:17:06.887+0530][gc,marking    ] GC(4) Concurrent Preclean 0.028ms
[2023-07-27T17:17:06.887+0530][gc,marking    ] GC(4) Concurrent Mark (0.801s, 0.803s) 2.315ms
[2023-07-27T17:17:06.887+0530][gc,start      ] GC(4) Pause Remark
[2023-07-27T17:17:06.887+0530][gc,stringtable] GC(4) Cleaned string and symbol table, strings: 11705 processed, 13 removed, symbols: 100235 processed, 22 removed
[2023-07-27T17:17:06.888+0530][gc            ] GC(4) Pause Remark 11M->11M(1024M) 0.861ms
[2023-07-27T17:17:06.888+0530][gc,cpu        ] GC(4) User=0.01s Sys=0.00s Real=0.00s
[2023-07-27T17:17:06.888+0530][gc,marking    ] GC(4) Concurrent Rebuild Remembered Sets
[2023-07-27T17:17:06.889+0530][gc,marking    ] GC(4) Concurrent Rebuild Remembered Sets 1.465ms
[2023-07-27T17:17:06.889+0530][gc,start      ] GC(4) Pause Cleanup
[2023-07-27T17:17:06.889+0530][gc            ] GC(4) Pause Cleanup 11M->11M(1024M) 0.082ms
[2023-07-27T17:17:06.889+0530][gc,cpu        ] GC(4) User=0.00s Sys=0.00s Real=0.00s
[2023-07-27T17:17:06.889+0530][gc,marking    ] GC(4) Concurrent Cleanup for Next Mark
[2023-07-27T17:17:06.892+0530][gc,marking    ] GC(4) Concurrent Cleanup for Next Mark 2.649ms
[2023-07-27T17:17:06.892+0530][gc            ] GC(4) Concurrent Cycle 8.727ms
[2023-07-27T17:17:06.994+0530][gc,start      ] GC(5) Pause Young (Normal) (G1 Evacuation Pause)
[2023-07-27T17:17:06.994+0530][gc,task       ] GC(5) Using 9 workers of 9 for evacuation
[2023-07-27T17:17:06.996+0530][gc,phases     ] GC(5)   Pre Evacuate Collection Set: 0.0ms
[2023-07-27T17:17:06.996+0530][gc,phases     ] GC(5)   Evacuate Collection Set: 1.9ms
[2023-07-27T17:17:06.996+0530][gc,phases     ] GC(5)   Post Evacuate Collection Set: 0.2ms
[2023-07-27T17:17:06.996+0530][gc,phases     ] GC(5)   Other: 0.1ms
[2023-07-27T17:17:06.996+0530][gc,heap       ] GC(5) Eden regions: 47->0(47)
[2023-07-27T17:17:06.996+0530][gc,heap       ] GC(5) Survivor regions: 4->4(7)
[2023-07-27T17:17:06.996+0530][gc,heap       ] GC(5) Old regions: 7->7
[2023-07-27T17:17:06.996+0530][gc,heap       ] GC(5) Humongous regions: 13->13
[2023-07-27T17:17:06.996+0530][gc,metaspace  ] GC(5) Metaspace: 37776K(39040K)->37776K(39040K) NonClass: 33594K(34304K)->33594K(34304K) Class: 4181K(4736K)->4181K(4736K)
[2023-07-27T17:17:06.996+0530][gc            ] GC(5) Pause Young (Normal) (G1 Evacuation Pause) 70M->23M(1024M) 2.263ms
[2023-07-27T17:17:06.996+0530][gc,cpu        ] GC(5) User=0.02s Sys=0.00s Real=0.00s
[2023-07-27T17:17:07.393+0530][gc,start      ] GC(6) Pause Young (Normal) (G1 Evacuation Pause)
[2023-07-27T17:17:07.393+0530][gc,task       ] GC(6) Using 9 workers of 9 for evacuation
[2023-07-27T17:17:07.395+0530][gc,phases     ] GC(6)   Pre Evacuate Collection Set: 0.0ms
[2023-07-27T17:17:07.395+0530][gc,phases     ] GC(6)   Evacuate Collection Set: 2.2ms
[2023-07-27T17:17:07.395+0530][gc,phases     ] GC(6)   Post Evacuate Collection Set: 0.2ms
[2023-07-27T17:17:07.395+0530][gc,phases     ] GC(6)   Other: 0.1ms
[2023-07-27T17:17:07.395+0530][gc,heap       ] GC(6) Eden regions: 47->0(46)
[2023-07-27T17:17:07.395+0530][gc,heap       ] GC(6) Survivor regions: 4->5(7)
[2023-07-27T17:17:07.395+0530][gc,heap       ] GC(6) Old regions: 7->9
[2023-07-27T17:17:07.395+0530][gc,heap       ] GC(6) Humongous regions: 13->9
[2023-07-27T17:17:07.395+0530][gc,metaspace  ] GC(6) Metaspace: 42418K(43904K)->42418K(43904K) NonClass: 37774K(38656K)->37774K(38656K) Class: 4644K(5248K)->4644K(5248K)
[2023-07-27T17:17:07.395+0530][gc            ] GC(6) Pause Young (Normal) (G1 Evacuation Pause) 70M->22M(1024M) 2.528ms
[2023-07-27T17:17:07.395+0530][gc,cpu        ] GC(6) User=0.02s Sys=0.00s Real=0.00s
[2023-07-27T17:18:29.740+0530][gc,start      ] GC(7) Pause Young (Normal) (G1 Evacuation Pause)
[2023-07-27T17:18:29.741+0530][gc,task       ] GC(7) Using 9 workers of 9 for evacuation
[2023-07-27T17:18:29.744+0530][gc,phases     ] GC(7)   Pre Evacuate Collection Set: 0.0ms
[2023-07-27T17:18:29.744+0530][gc,phases     ] GC(7)   Evacuate Collection Set: 2.8ms
[2023-07-27T17:18:29.744+0530][gc,phases     ] GC(7)   Post Evacuate Collection Set: 0.5ms
[2023-07-27T17:18:29.744+0530][gc,phases     ] GC(7)   Other: 0.4ms
[2023-07-27T17:18:29.744+0530][gc,heap       ] GC(7) Eden regions: 46->0(45)
[2023-07-27T17:18:29.744+0530][gc,heap       ] GC(7) Survivor regions: 5->6(7)
[2023-07-27T17:18:29.744+0530][gc,heap       ] GC(7) Old regions: 9->11
[2023-07-27T17:18:29.744+0530][gc,heap       ] GC(7) Humongous regions: 156->138
[2023-07-27T17:18:29.744+0530][gc,metaspace  ] GC(7) Metaspace: 47777K(50176K)->47777K(50176K) NonClass: 42010K(43264K)->42010K(43264K) Class: 5767K(6912K)->5767K(6912K)
[2023-07-27T17:18:29.744+0530][gc            ] GC(7) Pause Young (Normal) (G1 Evacuation Pause) 215M->153M(1024M) 3.786ms
[2023-07-27T17:18:29.744+0530][gc,cpu        ] GC(7) User=0.02s Sys=0.00s Real=0.00s
[2023-07-27T17:18:30.117+0530][gc,heap,exit  ] Heap
[2023-07-27T17:18:30.117+0530][gc,heap,exit  ]  garbage-first heap   total 1048576K, used 165866K [0x0000000780000000, 0x00000007c0000000)
[2023-07-27T17:18:30.117+0530][gc,heap,exit  ]   region size 1024K, 15 young (15360K), 6 survivors (6144K)
[2023-07-27T17:18:30.117+0530][gc,heap,exit  ]  Metaspace       used 48183K, capacity 50500K, committed 50560K, reserved 1093632K
[2023-07-27T17:18:30.117+0530][gc,heap,exit  ]   class space    used 5877K, capacity 7018K, committed 7040K, reserved 1048576K
