[2023-07-27T15:39:16.962+0530][gc,heap] Heap region size: 1M
[2023-07-27T15:39:16.963+0530][gc     ] Using G1
[2023-07-27T15:39:16.963+0530][gc,heap,coops] Heap address: 0x0000000780000000, size: 1024 MB, Compressed Oops mode: Zero based, Oop shift amount: 3
[2023-07-27T15:39:17.336+0530][gc,start     ] GC(0) Pause Young (Concurrent Start) (Metadata GC Threshold)
[2023-07-27T15:39:17.336+0530][gc,task      ] GC(0) Using 9 workers of 9 for evacuation
[2023-07-27T15:39:17.340+0530][gc,phases    ] GC(0)   Pre Evacuate Collection Set: 0.0ms
[2023-07-27T15:39:17.341+0530][gc,phases    ] GC(0)   Evacuate Collection Set: 3.7ms
[2023-07-27T15:39:17.341+0530][gc,phases    ] GC(0)   Post Evacuate Collection Set: 0.2ms
[2023-07-27T15:39:17.341+0530][gc,phases    ] GC(0)   Other: 0.3ms
[2023-07-27T15:39:17.341+0530][gc,heap      ] GC(0) Eden regions: 50->0(44)
[2023-07-27T15:39:17.341+0530][gc,heap      ] GC(0) Survivor regions: 0->7(7)
[2023-07-27T15:39:17.341+0530][gc,heap      ] GC(0) Old regions: 0->0
[2023-07-27T15:39:17.341+0530][gc,heap      ] GC(0) Humongous regions: 0->0
[2023-07-27T15:39:17.341+0530][gc,metaspace ] GC(0) Metaspace: 20841K(21296K)->20841K(21296K) NonClass: 18493K(18736K)->18493K(18736K) Class: 2348K(2560K)->2348K(2560K)
[2023-07-27T15:39:17.341+0530][gc           ] GC(0) Pause Young (Concurrent Start) (Metadata GC Threshold) 49M->6M(1024M) 4.254ms
[2023-07-27T15:39:17.341+0530][gc,cpu       ] GC(0) User=0.01s Sys=0.00s Real=0.01s
[2023-07-27T15:39:17.341+0530][gc           ] GC(1) Concurrent Cycle
[2023-07-27T15:39:17.341+0530][gc,marking   ] GC(1) Concurrent Clear Claimed Marks
[2023-07-27T15:39:17.341+0530][gc,marking   ] GC(1) Concurrent Clear Claimed Marks 0.009ms
[2023-07-27T15:39:17.341+0530][gc,marking   ] GC(1) Concurrent Scan Root Regions
[2023-07-27T15:39:17.341+0530][gc,marking   ] GC(1) Concurrent Scan Root Regions 0.852ms
[2023-07-27T15:39:17.341+0530][gc,marking   ] GC(1) Concurrent Mark (0.382s)
[2023-07-27T15:39:17.341+0530][gc,marking   ] GC(1) Concurrent Mark From Roots
[2023-07-27T15:39:17.341+0530][gc,task      ] GC(1) Using 2 workers of 2 for marking
[2023-07-27T15:39:17.342+0530][gc,marking   ] GC(1) Concurrent Mark From Roots 0.071ms
[2023-07-27T15:39:17.342+0530][gc,marking   ] GC(1) Concurrent Preclean
[2023-07-27T15:39:17.342+0530][gc,marking   ] GC(1) Concurrent Preclean 0.015ms
[2023-07-27T15:39:17.342+0530][gc,marking   ] GC(1) Concurrent Mark (0.382s, 0.383s) 0.123ms
[2023-07-27T15:39:17.342+0530][gc,start     ] GC(1) Pause Remark
[2023-07-27T15:39:17.342+0530][gc,stringtable] GC(1) Cleaned string and symbol table, strings: 7436 processed, 0 removed, symbols: 66215 processed, 30 removed
[2023-07-27T15:39:17.342+0530][gc            ] GC(1) Pause Remark 7M->7M(1024M) 0.824ms
[2023-07-27T15:39:17.342+0530][gc,cpu        ] GC(1) User=0.00s Sys=0.00s Real=0.00s
[2023-07-27T15:39:17.343+0530][gc,marking    ] GC(1) Concurrent Rebuild Remembered Sets
[2023-07-27T15:39:17.343+0530][gc,marking    ] GC(1) Concurrent Rebuild Remembered Sets 0.048ms
[2023-07-27T15:39:17.343+0530][gc,start      ] GC(1) Pause Cleanup
[2023-07-27T15:39:17.343+0530][gc            ] GC(1) Pause Cleanup 7M->7M(1024M) 0.057ms
[2023-07-27T15:39:17.343+0530][gc,cpu        ] GC(1) User=0.00s Sys=0.00s Real=0.00s
[2023-07-27T15:39:17.343+0530][gc,marking    ] GC(1) Concurrent Cleanup for Next Mark
[2023-07-27T15:39:17.344+0530][gc,marking    ] GC(1) Concurrent Cleanup for Next Mark 1.430ms
[2023-07-27T15:39:17.344+0530][gc            ] GC(1) Concurrent Cycle 3.563ms
[2023-07-27T15:39:17.528+0530][gc,start      ] GC(2) Pause Young (Normal) (G1 Evacuation Pause)
[2023-07-27T15:39:17.528+0530][gc,task       ] GC(2) Using 9 workers of 9 for evacuation
[2023-07-27T15:39:17.533+0530][gc,phases     ] GC(2)   Pre Evacuate Collection Set: 0.0ms
[2023-07-27T15:39:17.533+0530][gc,phases     ] GC(2)   Evacuate Collection Set: 4.3ms
[2023-07-27T15:39:17.533+0530][gc,phases     ] GC(2)   Post Evacuate Collection Set: 0.3ms
[2023-07-27T15:39:17.533+0530][gc,phases     ] GC(2)   Other: 0.1ms
[2023-07-27T15:39:17.533+0530][gc,heap       ] GC(2) Eden regions: 44->0(48)
[2023-07-27T15:39:17.533+0530][gc,heap       ] GC(2) Survivor regions: 7->3(7)
[2023-07-27T15:39:17.533+0530][gc,heap       ] GC(2) Old regions: 0->7
[2023-07-27T15:39:17.533+0530][gc,heap       ] GC(2) Humongous regions: 0->0
[2023-07-27T15:39:17.533+0530][gc,metaspace  ] GC(2) Metaspace: 28432K(29312K)->28432K(29312K) NonClass: 25310K(25856K)->25310K(25856K) Class: 3122K(3456K)->3122K(3456K)
[2023-07-27T15:39:17.533+0530][gc            ] GC(2) Pause Young (Normal) (G1 Evacuation Pause) 50M->9M(1024M) 4.785ms
[2023-07-27T15:39:17.533+0530][gc,cpu        ] GC(2) User=0.04s Sys=0.00s Real=0.01s
[2023-07-27T15:39:17.722+0530][gc,start      ] GC(3) Pause Young (Concurrent Start) (Metadata GC Threshold)
[2023-07-27T15:39:17.722+0530][gc,task       ] GC(3) Using 9 workers of 9 for evacuation
[2023-07-27T15:39:17.724+0530][gc,phases     ] GC(3)   Pre Evacuate Collection Set: 0.0ms
[2023-07-27T15:39:17.724+0530][gc,phases     ] GC(3)   Evacuate Collection Set: 2.5ms
[2023-07-27T15:39:17.724+0530][gc,phases     ] GC(3)   Post Evacuate Collection Set: 0.1ms
[2023-07-27T15:39:17.724+0530][gc,phases     ] GC(3)   Other: 0.1ms
[2023-07-27T15:39:17.724+0530][gc,heap       ] GC(3) Eden regions: 33->0(47)
[2023-07-27T15:39:17.724+0530][gc,heap       ] GC(3) Survivor regions: 3->4(7)
[2023-07-27T15:39:17.724+0530][gc,heap       ] GC(3) Old regions: 7->7
[2023-07-27T15:39:17.724+0530][gc,heap       ] GC(3) Humongous regions: 0->0
[2023-07-27T15:39:17.724+0530][gc,metaspace  ] GC(3) Metaspace: 34832K(35840K)->34832K(35840K) NonClass: 30970K(31488K)->30970K(31488K) Class: 3861K(4352K)->3861K(4352K)
[2023-07-27T15:39:17.724+0530][gc            ] GC(3) Pause Young (Concurrent Start) (Metadata GC Threshold) 41M->10M(1024M) 2.776ms
[2023-07-27T15:39:17.724+0530][gc,cpu        ] GC(3) User=0.00s Sys=0.00s Real=0.00s
[2023-07-27T15:39:17.724+0530][gc            ] GC(4) Concurrent Cycle
[2023-07-27T15:39:17.724+0530][gc,marking    ] GC(4) Concurrent Clear Claimed Marks
[2023-07-27T15:39:17.724+0530][gc,marking    ] GC(4) Concurrent Clear Claimed Marks 0.013ms
[2023-07-27T15:39:17.724+0530][gc,marking    ] GC(4) Concurrent Scan Root Regions
[2023-07-27T15:39:17.725+0530][gc,marking    ] GC(4) Concurrent Scan Root Regions 0.879ms
[2023-07-27T15:39:17.725+0530][gc,marking    ] GC(4) Concurrent Mark (0.766s)
[2023-07-27T15:39:17.725+0530][gc,marking    ] GC(4) Concurrent Mark From Roots
[2023-07-27T15:39:17.725+0530][gc,task       ] GC(4) Using 2 workers of 2 for marking
[2023-07-27T15:39:17.727+0530][gc,marking    ] GC(4) Concurrent Mark From Roots 2.037ms
[2023-07-27T15:39:17.727+0530][gc,marking    ] GC(4) Concurrent Preclean
[2023-07-27T15:39:17.727+0530][gc,marking    ] GC(4) Concurrent Preclean 0.022ms
[2023-07-27T15:39:17.727+0530][gc,marking    ] GC(4) Concurrent Mark (0.766s, 0.768s) 2.073ms
[2023-07-27T15:39:17.728+0530][gc,start      ] GC(4) Pause Remark
[2023-07-27T15:39:17.728+0530][gc,stringtable] GC(4) Cleaned string and symbol table, strings: 11716 processed, 13 removed, symbols: 100235 processed, 22 removed
[2023-07-27T15:39:17.728+0530][gc            ] GC(4) Pause Remark 11M->11M(1024M) 0.869ms
[2023-07-27T15:39:17.728+0530][gc,cpu        ] GC(4) User=0.00s Sys=0.00s Real=0.00s
[2023-07-27T15:39:17.728+0530][gc,marking    ] GC(4) Concurrent Rebuild Remembered Sets
[2023-07-27T15:39:17.730+0530][gc,marking    ] GC(4) Concurrent Rebuild Remembered Sets 1.636ms
[2023-07-27T15:39:17.730+0530][gc,start      ] GC(4) Pause Cleanup
[2023-07-27T15:39:17.730+0530][gc            ] GC(4) Pause Cleanup 11M->11M(1024M) 0.095ms
[2023-07-27T15:39:17.730+0530][gc,cpu        ] GC(4) User=0.01s Sys=0.00s Real=0.00s
[2023-07-27T15:39:17.730+0530][gc,marking    ] GC(4) Concurrent Cleanup for Next Mark
[2023-07-27T15:39:17.732+0530][gc,marking    ] GC(4) Concurrent Cleanup for Next Mark 1.232ms
[2023-07-27T15:39:17.732+0530][gc            ] GC(4) Concurrent Cycle 7.218ms
[2023-07-27T15:39:17.851+0530][gc,start      ] GC(5) Pause Young (Normal) (G1 Evacuation Pause)
[2023-07-27T15:39:17.851+0530][gc,task       ] GC(5) Using 9 workers of 9 for evacuation
[2023-07-27T15:39:17.853+0530][gc,phases     ] GC(5)   Pre Evacuate Collection Set: 0.0ms
[2023-07-27T15:39:17.853+0530][gc,phases     ] GC(5)   Evacuate Collection Set: 2.0ms
[2023-07-27T15:39:17.853+0530][gc,phases     ] GC(5)   Post Evacuate Collection Set: 0.2ms
[2023-07-27T15:39:17.853+0530][gc,phases     ] GC(5)   Other: 0.1ms
[2023-07-27T15:39:17.853+0530][gc,heap       ] GC(5) Eden regions: 47->0(46)
[2023-07-27T15:39:17.853+0530][gc,heap       ] GC(5) Survivor regions: 4->5(7)
[2023-07-27T15:39:17.853+0530][gc,heap       ] GC(5) Old regions: 7->7
[2023-07-27T15:39:17.853+0530][gc,heap       ] GC(5) Humongous regions: 11->9
[2023-07-27T15:39:17.853+0530][gc,metaspace  ] GC(5) Metaspace: 38488K(39680K)->38488K(39680K) NonClass: 34230K(34816K)->34230K(34816K) Class: 4258K(4864K)->4258K(4864K)
[2023-07-27T15:39:17.853+0530][gc            ] GC(5) Pause Young (Normal) (G1 Evacuation Pause) 68M->20M(1024M) 2.431ms
[2023-07-27T15:39:17.853+0530][gc,cpu        ] GC(5) User=0.02s Sys=0.00s Real=0.00s
[2023-07-27T15:39:18.336+0530][gc,start      ] GC(6) Pause Young (Normal) (G1 Evacuation Pause)
[2023-07-27T15:39:18.336+0530][gc,task       ] GC(6) Using 9 workers of 9 for evacuation
[2023-07-27T15:39:18.339+0530][gc,phases     ] GC(6)   Pre Evacuate Collection Set: 0.0ms
[2023-07-27T15:39:18.339+0530][gc,phases     ] GC(6)   Evacuate Collection Set: 2.6ms
[2023-07-27T15:39:18.339+0530][gc,phases     ] GC(6)   Post Evacuate Collection Set: 0.3ms
[2023-07-27T15:39:18.339+0530][gc,phases     ] GC(6)   Other: 0.1ms
[2023-07-27T15:39:18.339+0530][gc,heap       ] GC(6) Eden regions: 46->0(44)
[2023-07-27T15:39:18.339+0530][gc,heap       ] GC(6) Survivor regions: 5->7(7)
[2023-07-27T15:39:18.339+0530][gc,heap       ] GC(6) Old regions: 7->9
[2023-07-27T15:39:18.339+0530][gc,heap       ] GC(6) Humongous regions: 138->138
[2023-07-27T15:39:18.339+0530][gc,metaspace  ] GC(6) Metaspace: 43648K(45312K)->43648K(45312K) NonClass: 38778K(39680K)->38778K(39680K) Class: 4869K(5632K)->4869K(5632K)
[2023-07-27T15:39:18.339+0530][gc            ] GC(6) Pause Young (Normal) (G1 Evacuation Pause) 195M->153M(1024M) 3.036ms
[2023-07-27T15:39:18.339+0530][gc,cpu        ] GC(6) User=0.02s Sys=0.00s Real=0.00s
[2023-07-27T15:39:25.237+0530][gc,heap,exit  ] Heap
[2023-07-27T15:39:25.237+0530][gc,heap,exit  ]  garbage-first heap   total 1048576K, used 209170K [0x0000000780000000, 0x00000007c0000000)
[2023-07-27T15:39:25.237+0530][gc,heap,exit  ]   region size 1024K, 32 young (32768K), 7 survivors (7168K)
[2023-07-27T15:39:25.237+0530][gc,heap,exit  ]  Metaspace       used 45731K, capacity 47637K, committed 47744K, reserved 1091584K
[2023-07-27T15:39:25.237+0530][gc,heap,exit  ]   class space    used 5360K, capacity 6253K, committed 6272K, reserved 1048576K
