[2023-07-27T17:29:40.231+0530][gc,heap] Heap region size: 1M
[2023-07-27T17:29:40.233+0530][gc     ] Using G1
[2023-07-27T17:29:40.233+0530][gc,heap,coops] Heap address: 0x0000000780000000, size: 1024 MB, Compressed Oops mode: Zero based, Oop shift amount: 3
[2023-07-27T17:29:40.603+0530][gc,start     ] GC(0) Pause Young (Concurrent Start) (Metadata GC Threshold)
[2023-07-27T17:29:40.603+0530][gc,task      ] GC(0) Using 9 workers of 9 for evacuation
[2023-07-27T17:29:40.607+0530][gc,phases    ] GC(0)   Pre Evacuate Collection Set: 0.0ms
[2023-07-27T17:29:40.607+0530][gc,phases    ] GC(0)   Evacuate Collection Set: 3.5ms
[2023-07-27T17:29:40.607+0530][gc,phases    ] GC(0)   Post Evacuate Collection Set: 0.2ms
[2023-07-27T17:29:40.607+0530][gc,phases    ] GC(0)   Other: 0.3ms
[2023-07-27T17:29:40.607+0530][gc,heap      ] GC(0) Eden regions: 50->0(44)
[2023-07-27T17:29:40.607+0530][gc,heap      ] GC(0) Survivor regions: 0->7(7)
[2023-07-27T17:29:40.607+0530][gc,heap      ] GC(0) Old regions: 0->0
[2023-07-27T17:29:40.607+0530][gc,heap      ] GC(0) Humongous regions: 0->0
[2023-07-27T17:29:40.607+0530][gc,metaspace ] GC(0) Metaspace: 20843K(21296K)->20843K(21296K) NonClass: 18494K(18736K)->18494K(18736K) Class: 2348K(2560K)->2348K(2560K)
[2023-07-27T17:29:40.607+0530][gc           ] GC(0) Pause Young (Concurrent Start) (Metadata GC Threshold) 50M->6M(1024M) 4.180ms
[2023-07-27T17:29:40.607+0530][gc,cpu       ] GC(0) User=0.01s Sys=0.01s Real=0.00s
[2023-07-27T17:29:40.607+0530][gc           ] GC(1) Concurrent Cycle
[2023-07-27T17:29:40.607+0530][gc,marking   ] GC(1) Concurrent Clear Claimed Marks
[2023-07-27T17:29:40.607+0530][gc,marking   ] GC(1) Concurrent Clear Claimed Marks 0.012ms
[2023-07-27T17:29:40.607+0530][gc,marking   ] GC(1) Concurrent Scan Root Regions
[2023-07-27T17:29:40.608+0530][gc,marking   ] GC(1) Concurrent Scan Root Regions 0.860ms
[2023-07-27T17:29:40.608+0530][gc,marking   ] GC(1) Concurrent Mark (0.380s)
[2023-07-27T17:29:40.608+0530][gc,marking   ] GC(1) Concurrent Mark From Roots
[2023-07-27T17:29:40.608+0530][gc,task      ] GC(1) Using 2 workers of 2 for marking
[2023-07-27T17:29:40.608+0530][gc,marking   ] GC(1) Concurrent Mark From Roots 0.075ms
[2023-07-27T17:29:40.608+0530][gc,marking   ] GC(1) Concurrent Preclean
[2023-07-27T17:29:40.608+0530][gc,marking   ] GC(1) Concurrent Preclean 0.015ms
[2023-07-27T17:29:40.608+0530][gc,marking   ] GC(1) Concurrent Mark (0.380s, 0.380s) 0.120ms
[2023-07-27T17:29:40.608+0530][gc,start     ] GC(1) Pause Remark
[2023-07-27T17:29:40.609+0530][gc,stringtable] GC(1) Cleaned string and symbol table, strings: 7419 processed, 0 removed, symbols: 66219 processed, 30 removed
[2023-07-27T17:29:40.609+0530][gc            ] GC(1) Pause Remark 7M->7M(1024M) 0.762ms
[2023-07-27T17:29:40.609+0530][gc,cpu        ] GC(1) User=0.00s Sys=0.00s Real=0.00s
[2023-07-27T17:29:40.609+0530][gc,marking    ] GC(1) Concurrent Rebuild Remembered Sets
[2023-07-27T17:29:40.609+0530][gc,marking    ] GC(1) Concurrent Rebuild Remembered Sets 0.034ms
[2023-07-27T17:29:40.609+0530][gc,start      ] GC(1) Pause Cleanup
[2023-07-27T17:29:40.609+0530][gc            ] GC(1) Pause Cleanup 7M->7M(1024M) 0.070ms
[2023-07-27T17:29:40.609+0530][gc,cpu        ] GC(1) User=0.00s Sys=0.00s Real=0.00s
[2023-07-27T17:29:40.609+0530][gc,marking    ] GC(1) Concurrent Cleanup for Next Mark
[2023-07-27T17:29:40.613+0530][gc,marking    ] GC(1) Concurrent Cleanup for Next Mark 3.712ms
[2023-07-27T17:29:40.613+0530][gc            ] GC(1) Concurrent Cycle 5.793ms
[2023-07-27T17:29:40.816+0530][gc,start      ] GC(2) Pause Young (Normal) (G1 Evacuation Pause)
[2023-07-27T17:29:40.816+0530][gc,task       ] GC(2) Using 9 workers of 9 for evacuation
[2023-07-27T17:29:40.820+0530][gc,phases     ] GC(2)   Pre Evacuate Collection Set: 0.0ms
[2023-07-27T17:29:40.820+0530][gc,phases     ] GC(2)   Evacuate Collection Set: 4.1ms
[2023-07-27T17:29:40.820+0530][gc,phases     ] GC(2)   Post Evacuate Collection Set: 0.2ms
[2023-07-27T17:29:40.820+0530][gc,phases     ] GC(2)   Other: 0.1ms
[2023-07-27T17:29:40.820+0530][gc,heap       ] GC(2) Eden regions: 44->0(48)
[2023-07-27T17:29:40.820+0530][gc,heap       ] GC(2) Survivor regions: 7->3(7)
[2023-07-27T17:29:40.820+0530][gc,heap       ] GC(2) Old regions: 0->7
[2023-07-27T17:29:40.820+0530][gc,heap       ] GC(2) Humongous regions: 0->0
[2023-07-27T17:29:40.820+0530][gc,metaspace  ] GC(2) Metaspace: 28448K(29312K)->28448K(29312K) NonClass: 25325K(25856K)->25325K(25856K) Class: 3122K(3456K)->3122K(3456K)
[2023-07-27T17:29:40.820+0530][gc            ] GC(2) Pause Young (Normal) (G1 Evacuation Pause) 50M->9M(1024M) 4.448ms
[2023-07-27T17:29:40.820+0530][gc,cpu        ] GC(2) User=0.03s Sys=0.01s Real=0.01s
[2023-07-27T17:29:41.029+0530][gc,start      ] GC(3) Pause Young (Concurrent Start) (Metadata GC Threshold)
[2023-07-27T17:29:41.029+0530][gc,task       ] GC(3) Using 9 workers of 9 for evacuation
[2023-07-27T17:29:41.030+0530][gc,phases     ] GC(3)   Pre Evacuate Collection Set: 0.0ms
[2023-07-27T17:29:41.030+0530][gc,phases     ] GC(3)   Evacuate Collection Set: 1.2ms
[2023-07-27T17:29:41.030+0530][gc,phases     ] GC(3)   Post Evacuate Collection Set: 0.2ms
[2023-07-27T17:29:41.030+0530][gc,phases     ] GC(3)   Other: 0.1ms
[2023-07-27T17:29:41.030+0530][gc,heap       ] GC(3) Eden regions: 34->0(47)
[2023-07-27T17:29:41.030+0530][gc,heap       ] GC(3) Survivor regions: 3->4(7)
[2023-07-27T17:29:41.030+0530][gc,heap       ] GC(3) Old regions: 7->7
[2023-07-27T17:29:41.030+0530][gc,heap       ] GC(3) Humongous regions: 0->0
[2023-07-27T17:29:41.030+0530][gc,metaspace  ] GC(3) Metaspace: 34782K(35840K)->34782K(35840K) NonClass: 30931K(31488K)->30931K(31488K) Class: 3851K(4352K)->3851K(4352K)
[2023-07-27T17:29:41.030+0530][gc            ] GC(3) Pause Young (Concurrent Start) (Metadata GC Threshold) 43M->10M(1024M) 1.510ms
[2023-07-27T17:29:41.030+0530][gc,cpu        ] GC(3) User=0.01s Sys=0.00s Real=0.01s
[2023-07-27T17:29:41.031+0530][gc            ] GC(4) Concurrent Cycle
[2023-07-27T17:29:41.031+0530][gc,marking    ] GC(4) Concurrent Clear Claimed Marks
[2023-07-27T17:29:41.031+0530][gc,marking    ] GC(4) Concurrent Clear Claimed Marks 0.013ms
[2023-07-27T17:29:41.031+0530][gc,marking    ] GC(4) Concurrent Scan Root Regions
[2023-07-27T17:29:41.031+0530][gc,marking    ] GC(4) Concurrent Scan Root Regions 0.845ms
[2023-07-27T17:29:41.031+0530][gc,marking    ] GC(4) Concurrent Mark (0.803s)
[2023-07-27T17:29:41.031+0530][gc,marking    ] GC(4) Concurrent Mark From Roots
[2023-07-27T17:29:41.031+0530][gc,task       ] GC(4) Using 2 workers of 2 for marking
[2023-07-27T17:29:41.034+0530][gc,marking    ] GC(4) Concurrent Mark From Roots 2.366ms
[2023-07-27T17:29:41.034+0530][gc,marking    ] GC(4) Concurrent Preclean
[2023-07-27T17:29:41.034+0530][gc,marking    ] GC(4) Concurrent Preclean 0.033ms
[2023-07-27T17:29:41.034+0530][gc,marking    ] GC(4) Concurrent Mark (0.803s, 0.806s) 2.421ms
[2023-07-27T17:29:41.034+0530][gc,start      ] GC(4) Pause Remark
[2023-07-27T17:29:41.035+0530][gc,stringtable] GC(4) Cleaned string and symbol table, strings: 11716 processed, 12 removed, symbols: 99993 processed, 21 removed
[2023-07-27T17:29:41.035+0530][gc            ] GC(4) Pause Remark 11M->11M(1024M) 0.808ms
[2023-07-27T17:29:41.035+0530][gc,cpu        ] GC(4) User=0.01s Sys=0.00s Real=0.00s
[2023-07-27T17:29:41.035+0530][gc,marking    ] GC(4) Concurrent Rebuild Remembered Sets
[2023-07-27T17:29:41.036+0530][gc,marking    ] GC(4) Concurrent Rebuild Remembered Sets 1.562ms
[2023-07-27T17:29:41.036+0530][gc,start      ] GC(4) Pause Cleanup
[2023-07-27T17:29:41.036+0530][gc            ] GC(4) Pause Cleanup 12M->12M(1024M) 0.087ms
[2023-07-27T17:29:41.036+0530][gc,cpu        ] GC(4) User=0.00s Sys=0.00s Real=0.00s
[2023-07-27T17:29:41.036+0530][gc,marking    ] GC(4) Concurrent Cleanup for Next Mark
[2023-07-27T17:29:41.038+0530][gc,marking    ] GC(4) Concurrent Cleanup for Next Mark 1.331ms
[2023-07-27T17:29:41.038+0530][gc            ] GC(4) Concurrent Cycle 7.293ms
[2023-07-27T17:29:41.140+0530][gc,start      ] GC(5) Pause Young (Normal) (G1 Evacuation Pause)
[2023-07-27T17:29:41.140+0530][gc,task       ] GC(5) Using 9 workers of 9 for evacuation
[2023-07-27T17:29:41.141+0530][gc,phases     ] GC(5)   Pre Evacuate Collection Set: 0.0ms
[2023-07-27T17:29:41.141+0530][gc,phases     ] GC(5)   Evacuate Collection Set: 1.4ms
[2023-07-27T17:29:41.141+0530][gc,phases     ] GC(5)   Post Evacuate Collection Set: 0.2ms
[2023-07-27T17:29:41.141+0530][gc,phases     ] GC(5)   Other: 0.1ms
[2023-07-27T17:29:41.141+0530][gc,heap       ] GC(5) Eden regions: 47->0(47)
[2023-07-27T17:29:41.141+0530][gc,heap       ] GC(5) Survivor regions: 4->4(7)
[2023-07-27T17:29:41.141+0530][gc,heap       ] GC(5) Old regions: 7->7
[2023-07-27T17:29:41.141+0530][gc,heap       ] GC(5) Humongous regions: 13->13
[2023-07-27T17:29:41.141+0530][gc,metaspace  ] GC(5) Metaspace: 37834K(39040K)->37834K(39040K) NonClass: 33653K(34304K)->33653K(34304K) Class: 4180K(4736K)->4180K(4736K)
[2023-07-27T17:29:41.141+0530][gc            ] GC(5) Pause Young (Normal) (G1 Evacuation Pause) 70M->23M(1024M) 1.729ms
[2023-07-27T17:29:41.141+0530][gc,cpu        ] GC(5) User=0.01s Sys=0.00s Real=0.00s
[2023-07-27T17:29:41.525+0530][gc,start      ] GC(6) Pause Young (Normal) (G1 Evacuation Pause)
[2023-07-27T17:29:41.525+0530][gc,task       ] GC(6) Using 9 workers of 9 for evacuation
[2023-07-27T17:29:41.527+0530][gc,phases     ] GC(6)   Pre Evacuate Collection Set: 0.0ms
[2023-07-27T17:29:41.527+0530][gc,phases     ] GC(6)   Evacuate Collection Set: 2.5ms
[2023-07-27T17:29:41.527+0530][gc,phases     ] GC(6)   Post Evacuate Collection Set: 0.3ms
[2023-07-27T17:29:41.527+0530][gc,phases     ] GC(6)   Other: 0.1ms
[2023-07-27T17:29:41.527+0530][gc,heap       ] GC(6) Eden regions: 47->0(46)
[2023-07-27T17:29:41.527+0530][gc,heap       ] GC(6) Survivor regions: 4->5(7)
[2023-07-27T17:29:41.527+0530][gc,heap       ] GC(6) Old regions: 7->10
[2023-07-27T17:29:41.527+0530][gc,heap       ] GC(6) Humongous regions: 13->9
[2023-07-27T17:29:41.528+0530][gc,metaspace  ] GC(6) Metaspace: 42404K(43904K)->42404K(43904K) NonClass: 37760K(38656K)->37760K(38656K) Class: 4643K(5248K)->4643K(5248K)
[2023-07-27T17:29:41.528+0530][gc            ] GC(6) Pause Young (Normal) (G1 Evacuation Pause) 70M->23M(1024M) 2.917ms
[2023-07-27T17:29:41.528+0530][gc,cpu        ] GC(6) User=0.02s Sys=0.00s Real=0.00s
[2023-07-27T17:31:18.507+0530][gc,start      ] GC(7) Pause Young (Normal) (G1 Evacuation Pause)
[2023-07-27T17:31:18.508+0530][gc,task       ] GC(7) Using 9 workers of 9 for evacuation
[2023-07-27T17:31:18.520+0530][gc,phases     ] GC(7)   Pre Evacuate Collection Set: 0.2ms
[2023-07-27T17:31:18.520+0530][gc,phases     ] GC(7)   Evacuate Collection Set: 11.3ms
[2023-07-27T17:31:18.520+0530][gc,phases     ] GC(7)   Post Evacuate Collection Set: 0.9ms
[2023-07-27T17:31:18.520+0530][gc,phases     ] GC(7)   Other: 0.9ms
[2023-07-27T17:31:18.521+0530][gc,heap       ] GC(7) Eden regions: 46->0(44)
[2023-07-27T17:31:18.521+0530][gc,heap       ] GC(7) Survivor regions: 5->7(7)
[2023-07-27T17:31:18.521+0530][gc,heap       ] GC(7) Old regions: 10->11
[2023-07-27T17:31:18.521+0530][gc,heap       ] GC(7) Humongous regions: 162->138
[2023-07-27T17:31:18.521+0530][gc,metaspace  ] GC(7) Metaspace: 47940K(50432K)->47940K(50432K) NonClass: 42188K(43520K)->42188K(43520K) Class: 5752K(6912K)->5752K(6912K)
[2023-07-27T17:31:18.521+0530][gc            ] GC(7) Pause Young (Normal) (G1 Evacuation Pause) 222M->154M(1024M) 13.254ms
[2023-07-27T17:31:18.521+0530][gc,cpu        ] GC(7) User=0.03s Sys=0.00s Real=0.02s
[2023-07-27T17:38:20.870+0530][gc,start      ] GC(8) Pause Young (Normal) (G1 Evacuation Pause)
[2023-07-27T17:38:20.871+0530][gc,task       ] GC(8) Using 9 workers of 9 for evacuation
[2023-07-27T17:38:20.884+0530][gc,phases     ] GC(8)   Pre Evacuate Collection Set: 0.6ms
[2023-07-27T17:38:20.885+0530][gc,phases     ] GC(8)   Evacuate Collection Set: 11.8ms
[2023-07-27T17:38:20.885+0530][gc,phases     ] GC(8)   Post Evacuate Collection Set: 0.9ms
[2023-07-27T17:38:20.885+0530][gc,phases     ] GC(8)   Other: 1.8ms
[2023-07-27T17:38:20.885+0530][gc,heap       ] GC(8) Eden regions: 44->0(45)
[2023-07-27T17:38:20.885+0530][gc,heap       ] GC(8) Survivor regions: 7->6(7)
[2023-07-27T17:38:20.885+0530][gc,heap       ] GC(8) Old regions: 11->14
[2023-07-27T17:38:20.885+0530][gc,heap       ] GC(8) Humongous regions: 138->138
[2023-07-27T17:38:20.885+0530][gc,metaspace  ] GC(8) Metaspace: 49215K(51712K)->49215K(51712K) NonClass: 43463K(44800K)->43463K(44800K) Class: 5752K(6912K)->5752K(6912K)
[2023-07-27T17:38:20.885+0530][gc            ] GC(8) Pause Young (Normal) (G1 Evacuation Pause) 198M->157M(1024M) 15.132ms
[2023-07-27T17:38:20.885+0530][gc,cpu        ] GC(8) User=0.05s Sys=0.02s Real=0.01s
[2023-07-27T17:40:06.346+0530][gc,heap,exit  ] Heap
[2023-07-27T17:40:06.346+0530][gc,heap,exit  ]  garbage-first heap   total 1048576K, used 186158K [0x0000000780000000, 0x00000007c0000000)
[2023-07-27T17:40:06.346+0530][gc,heap,exit  ]   region size 1024K, 32 young (32768K), 6 survivors (6144K)
[2023-07-27T17:40:06.346+0530][gc,heap,exit  ]  Metaspace       used 50217K, capacity 52743K, committed 52864K, reserved 1095680K
[2023-07-27T17:40:06.346+0530][gc,heap,exit  ]   class space    used 6011K, capacity 7232K, committed 7296K, reserved 1048576K
