[2023-07-27T18:00:43.201+0530][gc,heap] Heap region size: 1M
[2023-07-27T18:00:43.202+0530][gc     ] Using G1
[2023-07-27T18:00:43.202+0530][gc,heap,coops] Heap address: 0x0000000780000000, size: 1024 MB, Compressed Oops mode: Zero based, Oop shift amount: 3
[2023-07-27T18:00:43.570+0530][gc,start     ] GC(0) Pause Young (Concurrent Start) (Metadata GC Threshold)
[2023-07-27T18:00:43.570+0530][gc,task      ] GC(0) Using 9 workers of 9 for evacuation
[2023-07-27T18:00:43.573+0530][gc,phases    ] GC(0)   Pre Evacuate Collection Set: 0.0ms
[2023-07-27T18:00:43.573+0530][gc,phases    ] GC(0)   Evacuate Collection Set: 3.1ms
[2023-07-27T18:00:43.573+0530][gc,phases    ] GC(0)   Post Evacuate Collection Set: 0.2ms
[2023-07-27T18:00:43.573+0530][gc,phases    ] GC(0)   Other: 0.3ms
[2023-07-27T18:00:43.573+0530][gc,heap      ] GC(0) Eden regions: 49->0(44)
[2023-07-27T18:00:43.573+0530][gc,heap      ] GC(0) Survivor regions: 0->7(7)
[2023-07-27T18:00:43.573+0530][gc,heap      ] GC(0) Old regions: 0->0
[2023-07-27T18:00:43.573+0530][gc,heap      ] GC(0) Humongous regions: 0->0
[2023-07-27T18:00:43.573+0530][gc,metaspace ] GC(0) Metaspace: 20797K(21296K)->20797K(21296K) NonClass: 18459K(18736K)->18459K(18736K) Class: 2337K(2560K)->2337K(2560K)
[2023-07-27T18:00:43.573+0530][gc           ] GC(0) Pause Young (Concurrent Start) (Metadata GC Threshold) 49M->6M(1024M) 3.630ms
[2023-07-27T18:00:43.573+0530][gc,cpu       ] GC(0) User=0.01s Sys=0.00s Real=0.00s
[2023-07-27T18:00:43.573+0530][gc           ] GC(1) Concurrent Cycle
[2023-07-27T18:00:43.573+0530][gc,marking   ] GC(1) Concurrent Clear Claimed Marks
[2023-07-27T18:00:43.573+0530][gc,marking   ] GC(1) Concurrent Clear Claimed Marks 0.010ms
[2023-07-27T18:00:43.573+0530][gc,marking   ] GC(1) Concurrent Scan Root Regions
[2023-07-27T18:00:43.574+0530][gc,marking   ] GC(1) Concurrent Scan Root Regions 0.860ms
[2023-07-27T18:00:43.574+0530][gc,marking   ] GC(1) Concurrent Mark (0.377s)
[2023-07-27T18:00:43.574+0530][gc,marking   ] GC(1) Concurrent Mark From Roots
[2023-07-27T18:00:43.574+0530][gc,task      ] GC(1) Using 2 workers of 2 for marking
[2023-07-27T18:00:43.575+0530][gc,marking   ] GC(1) Concurrent Mark From Roots 0.148ms
[2023-07-27T18:00:43.575+0530][gc,marking   ] GC(1) Concurrent Preclean
[2023-07-27T18:00:43.575+0530][gc,marking   ] GC(1) Concurrent Preclean 0.014ms
[2023-07-27T18:00:43.575+0530][gc,marking   ] GC(1) Concurrent Mark (0.377s, 0.377s) 0.180ms
[2023-07-27T18:00:43.575+0530][gc,start     ] GC(1) Pause Remark
[2023-07-27T18:00:43.575+0530][gc,stringtable] GC(1) Cleaned string and symbol table, strings: 7381 processed, 0 removed, symbols: 66019 processed, 31 removed
[2023-07-27T18:00:43.575+0530][gc            ] GC(1) Pause Remark 7M->7M(1024M) 0.794ms
[2023-07-27T18:00:43.575+0530][gc,cpu        ] GC(1) User=0.00s Sys=0.00s Real=0.00s
[2023-07-27T18:00:43.575+0530][gc,marking    ] GC(1) Concurrent Rebuild Remembered Sets
[2023-07-27T18:00:43.575+0530][gc,marking    ] GC(1) Concurrent Rebuild Remembered Sets 0.017ms
[2023-07-27T18:00:43.575+0530][gc,start      ] GC(1) Pause Cleanup
[2023-07-27T18:00:43.576+0530][gc            ] GC(1) Pause Cleanup 7M->7M(1024M) 0.064ms
[2023-07-27T18:00:43.576+0530][gc,cpu        ] GC(1) User=0.00s Sys=0.00s Real=0.00s
[2023-07-27T18:00:43.576+0530][gc,marking    ] GC(1) Concurrent Cleanup for Next Mark
[2023-07-27T18:00:43.577+0530][gc,marking    ] GC(1) Concurrent Cleanup for Next Mark 1.277ms
[2023-07-27T18:00:43.577+0530][gc            ] GC(1) Concurrent Cycle 3.421ms
[2023-07-27T18:00:43.772+0530][gc,start      ] GC(2) Pause Young (Normal) (G1 Evacuation Pause)
[2023-07-27T18:00:43.772+0530][gc,task       ] GC(2) Using 9 workers of 9 for evacuation
[2023-07-27T18:00:43.776+0530][gc,phases     ] GC(2)   Pre Evacuate Collection Set: 0.0ms
[2023-07-27T18:00:43.776+0530][gc,phases     ] GC(2)   Evacuate Collection Set: 3.6ms
[2023-07-27T18:00:43.776+0530][gc,phases     ] GC(2)   Post Evacuate Collection Set: 0.2ms
[2023-07-27T18:00:43.776+0530][gc,phases     ] GC(2)   Other: 0.1ms
[2023-07-27T18:00:43.776+0530][gc,heap       ] GC(2) Eden regions: 44->0(48)
[2023-07-27T18:00:43.776+0530][gc,heap       ] GC(2) Survivor regions: 7->3(7)
[2023-07-27T18:00:43.776+0530][gc,heap       ] GC(2) Old regions: 0->7
[2023-07-27T18:00:43.776+0530][gc,heap       ] GC(2) Humongous regions: 0->0
[2023-07-27T18:00:43.776+0530][gc,metaspace  ] GC(2) Metaspace: 28302K(29312K)->28302K(29312K) NonClass: 25203K(25856K)->25203K(25856K) Class: 3098K(3456K)->3098K(3456K)
[2023-07-27T18:00:43.776+0530][gc            ] GC(2) Pause Young (Normal) (G1 Evacuation Pause) 50M->9M(1024M) 3.966ms
[2023-07-27T18:00:43.776+0530][gc,cpu        ] GC(2) User=0.03s Sys=0.01s Real=0.00s
[2023-07-27T18:00:43.990+0530][gc,start      ] GC(3) Pause Young (Concurrent Start) (Metadata GC Threshold)
[2023-07-27T18:00:43.990+0530][gc,task       ] GC(3) Using 9 workers of 9 for evacuation
[2023-07-27T18:00:43.993+0530][gc,phases     ] GC(3)   Pre Evacuate Collection Set: 0.0ms
[2023-07-27T18:00:43.993+0530][gc,phases     ] GC(3)   Evacuate Collection Set: 2.4ms
[2023-07-27T18:00:43.993+0530][gc,phases     ] GC(3)   Post Evacuate Collection Set: 0.1ms
[2023-07-27T18:00:43.993+0530][gc,phases     ] GC(3)   Other: 0.1ms
[2023-07-27T18:00:43.993+0530][gc,heap       ] GC(3) Eden regions: 35->0(47)
[2023-07-27T18:00:43.993+0530][gc,heap       ] GC(3) Survivor regions: 3->4(7)
[2023-07-27T18:00:43.993+0530][gc,heap       ] GC(3) Old regions: 7->7
[2023-07-27T18:00:43.993+0530][gc,heap       ] GC(3) Humongous regions: 0->0
[2023-07-27T18:00:43.993+0530][gc,metaspace  ] GC(3) Metaspace: 34841K(35840K)->34841K(35840K) NonClass: 30980K(31488K)->30980K(31488K) Class: 3861K(4352K)->3861K(4352K)
[2023-07-27T18:00:43.993+0530][gc            ] GC(3) Pause Young (Concurrent Start) (Metadata GC Threshold) 44M->10M(1024M) 2.701ms
[2023-07-27T18:00:43.993+0530][gc,cpu        ] GC(3) User=0.01s Sys=0.00s Real=0.00s
[2023-07-27T18:00:43.993+0530][gc            ] GC(4) Concurrent Cycle
[2023-07-27T18:00:43.993+0530][gc,marking    ] GC(4) Concurrent Clear Claimed Marks
[2023-07-27T18:00:43.993+0530][gc,marking    ] GC(4) Concurrent Clear Claimed Marks 0.012ms
[2023-07-27T18:00:43.993+0530][gc,marking    ] GC(4) Concurrent Scan Root Regions
[2023-07-27T18:00:43.994+0530][gc,marking    ] GC(4) Concurrent Scan Root Regions 0.852ms
[2023-07-27T18:00:43.994+0530][gc,marking    ] GC(4) Concurrent Mark (0.796s)
[2023-07-27T18:00:43.994+0530][gc,marking    ] GC(4) Concurrent Mark From Roots
[2023-07-27T18:00:43.994+0530][gc,task       ] GC(4) Using 2 workers of 2 for marking
[2023-07-27T18:00:43.996+0530][gc,marking    ] GC(4) Concurrent Mark From Roots 2.313ms
[2023-07-27T18:00:43.996+0530][gc,marking    ] GC(4) Concurrent Preclean
[2023-07-27T18:00:43.996+0530][gc,marking    ] GC(4) Concurrent Preclean 0.029ms
[2023-07-27T18:00:43.996+0530][gc,marking    ] GC(4) Concurrent Mark (0.796s, 0.798s) 2.362ms
[2023-07-27T18:00:43.996+0530][gc,start      ] GC(4) Pause Remark
[2023-07-27T18:00:43.997+0530][gc,stringtable] GC(4) Cleaned string and symbol table, strings: 11776 processed, 13 removed, symbols: 100238 processed, 21 removed
[2023-07-27T18:00:43.997+0530][gc            ] GC(4) Pause Remark 11M->11M(1024M) 0.873ms
[2023-07-27T18:00:43.997+0530][gc,cpu        ] GC(4) User=0.00s Sys=0.00s Real=0.00s
[2023-07-27T18:00:43.997+0530][gc,marking    ] GC(4) Concurrent Rebuild Remembered Sets
[2023-07-27T18:00:43.998+0530][gc,marking    ] GC(4) Concurrent Rebuild Remembered Sets 1.514ms
[2023-07-27T18:00:43.999+0530][gc,start      ] GC(4) Pause Cleanup
[2023-07-27T18:00:43.999+0530][gc            ] GC(4) Pause Cleanup 11M->11M(1024M) 0.083ms
[2023-07-27T18:00:43.999+0530][gc,cpu        ] GC(4) User=0.00s Sys=0.00s Real=0.00s
[2023-07-27T18:00:43.999+0530][gc,marking    ] GC(4) Concurrent Cleanup for Next Mark
[2023-07-27T18:00:44.001+0530][gc,marking    ] GC(4) Concurrent Cleanup for Next Mark 2.605ms
[2023-07-27T18:00:44.001+0530][gc            ] GC(4) Concurrent Cycle 8.834ms
[2023-07-27T18:00:44.114+0530][gc,start      ] GC(5) Pause Young (Normal) (G1 Evacuation Pause)
[2023-07-27T18:00:44.114+0530][gc,task       ] GC(5) Using 9 workers of 9 for evacuation
[2023-07-27T18:00:44.116+0530][gc,phases     ] GC(5)   Pre Evacuate Collection Set: 0.1ms
[2023-07-27T18:00:44.116+0530][gc,phases     ] GC(5)   Evacuate Collection Set: 1.4ms
[2023-07-27T18:00:44.116+0530][gc,phases     ] GC(5)   Post Evacuate Collection Set: 0.2ms
[2023-07-27T18:00:44.116+0530][gc,phases     ] GC(5)   Other: 0.1ms
[2023-07-27T18:00:44.116+0530][gc,heap       ] GC(5) Eden regions: 47->0(46)
[2023-07-27T18:00:44.116+0530][gc,heap       ] GC(5) Survivor regions: 4->5(7)
[2023-07-27T18:00:44.116+0530][gc,heap       ] GC(5) Old regions: 7->7
[2023-07-27T18:00:44.116+0530][gc,heap       ] GC(5) Humongous regions: 13->13
[2023-07-27T18:00:44.116+0530][gc,metaspace  ] GC(5) Metaspace: 37822K(39040K)->37822K(39040K) NonClass: 33641K(34304K)->33641K(34304K) Class: 4181K(4736K)->4181K(4736K)
[2023-07-27T18:00:44.116+0530][gc            ] GC(5) Pause Young (Normal) (G1 Evacuation Pause) 70M->23M(1024M) 1.742ms
[2023-07-27T18:00:44.116+0530][gc,cpu        ] GC(5) User=0.01s Sys=0.00s Real=0.00s
[2023-07-27T18:00:44.453+0530][gc,start      ] GC(6) Pause Young (Normal) (G1 Evacuation Pause)
[2023-07-27T18:00:44.453+0530][gc,task       ] GC(6) Using 9 workers of 9 for evacuation
[2023-07-27T18:00:44.455+0530][gc,phases     ] GC(6)   Pre Evacuate Collection Set: 0.0ms
[2023-07-27T18:00:44.455+0530][gc,phases     ] GC(6)   Evacuate Collection Set: 2.1ms
[2023-07-27T18:00:44.455+0530][gc,phases     ] GC(6)   Post Evacuate Collection Set: 0.2ms
[2023-07-27T18:00:44.455+0530][gc,phases     ] GC(6)   Other: 0.1ms
[2023-07-27T18:00:44.455+0530][gc,heap       ] GC(6) Eden regions: 46->0(46)
[2023-07-27T18:00:44.455+0530][gc,heap       ] GC(6) Survivor regions: 5->5(7)
[2023-07-27T18:00:44.455+0530][gc,heap       ] GC(6) Old regions: 7->9
[2023-07-27T18:00:44.455+0530][gc,heap       ] GC(6) Humongous regions: 13->9
[2023-07-27T18:00:44.455+0530][gc,metaspace  ] GC(6) Metaspace: 42338K(43648K)->42338K(43648K) NonClass: 37694K(38400K)->37694K(38400K) Class: 4643K(5248K)->4643K(5248K)
[2023-07-27T18:00:44.455+0530][gc            ] GC(6) Pause Young (Normal) (G1 Evacuation Pause) 69M->22M(1024M) 2.438ms
[2023-07-27T18:00:44.455+0530][gc,cpu        ] GC(6) User=0.01s Sys=0.00s Real=0.00s
[2023-07-27T18:02:34.522+0530][gc,start      ] GC(7) Pause Young (Normal) (G1 Evacuation Pause)
[2023-07-27T18:02:34.523+0530][gc,task       ] GC(7) Using 9 workers of 9 for evacuation
[2023-07-27T18:02:34.533+0530][gc,phases     ] GC(7)   Pre Evacuate Collection Set: 0.2ms
[2023-07-27T18:02:34.533+0530][gc,phases     ] GC(7)   Evacuate Collection Set: 7.9ms
[2023-07-27T18:02:34.533+0530][gc,phases     ] GC(7)   Post Evacuate Collection Set: 0.9ms
[2023-07-27T18:02:34.533+0530][gc,phases     ] GC(7)   Other: 1.8ms
[2023-07-27T18:02:34.533+0530][gc,heap       ] GC(7) Eden regions: 46->0(44)
[2023-07-27T18:02:34.533+0530][gc,heap       ] GC(7) Survivor regions: 5->7(7)
[2023-07-27T18:02:34.533+0530][gc,heap       ] GC(7) Old regions: 9->11
[2023-07-27T18:02:34.533+0530][gc,heap       ] GC(7) Humongous regions: 162->138
[2023-07-27T18:02:34.533+0530][gc,metaspace  ] GC(7) Metaspace: 47878K(50176K)->47878K(50176K) NonClass: 42128K(43264K)->42128K(43264K) Class: 5749K(6912K)->5749K(6912K)
[2023-07-27T18:02:34.533+0530][gc            ] GC(7) Pause Young (Normal) (G1 Evacuation Pause) 221M->154M(1024M) 10.950ms
[2023-07-27T18:02:34.533+0530][gc,cpu        ] GC(7) User=0.04s Sys=0.01s Real=0.01s
[2023-07-27T18:13:14.716+0530][gc,start      ] GC(8) Pause Young (Normal) (G1 Evacuation Pause)
[2023-07-27T18:13:14.717+0530][gc,task       ] GC(8) Using 9 workers of 9 for evacuation
[2023-07-27T18:13:14.732+0530][gc,phases     ] GC(8)   Pre Evacuate Collection Set: 0.4ms
[2023-07-27T18:13:14.732+0530][gc,phases     ] GC(8)   Evacuate Collection Set: 13.5ms
[2023-07-27T18:13:14.732+0530][gc,phases     ] GC(8)   Post Evacuate Collection Set: 1.0ms
[2023-07-27T18:13:14.732+0530][gc,phases     ] GC(8)   Other: 1.2ms
[2023-07-27T18:13:14.732+0530][gc,heap       ] GC(8) Eden regions: 44->0(47)
[2023-07-27T18:13:14.732+0530][gc,heap       ] GC(8) Survivor regions: 7->4(7)
[2023-07-27T18:13:14.732+0530][gc,heap       ] GC(8) Old regions: 11->14
[2023-07-27T18:13:14.732+0530][gc,heap       ] GC(8) Humongous regions: 138->138
[2023-07-27T18:13:14.732+0530][gc,metaspace  ] GC(8) Metaspace: 48854K(51200K)->48854K(51200K) NonClass: 43080K(44288K)->43080K(44288K) Class: 5773K(6912K)->5773K(6912K)
[2023-07-27T18:13:14.733+0530][gc            ] GC(8) Pause Young (Normal) (G1 Evacuation Pause) 198M->155M(1024M) 16.329ms
[2023-07-27T18:13:14.733+0530][gc,cpu        ] GC(8) User=0.04s Sys=0.01s Real=0.02s
[2023-07-27T18:26:18.435+0530][gc,start      ] GC(9) Pause Young (Normal) (G1 Evacuation Pause)
[2023-07-27T18:26:18.436+0530][gc,task       ] GC(9) Using 9 workers of 9 for evacuation
[2023-07-27T18:26:18.451+0530][gc,phases     ] GC(9)   Pre Evacuate Collection Set: 0.3ms
[2023-07-27T18:26:18.452+0530][gc,phases     ] GC(9)   Evacuate Collection Set: 14.5ms
[2023-07-27T18:26:18.452+0530][gc,phases     ] GC(9)   Post Evacuate Collection Set: 0.6ms
[2023-07-27T18:26:18.452+0530][gc,phases     ] GC(9)   Other: 1.1ms
[2023-07-27T18:26:18.452+0530][gc,heap       ] GC(9) Eden regions: 47->0(47)
[2023-07-27T18:26:18.452+0530][gc,heap       ] GC(9) Survivor regions: 4->4(7)
[2023-07-27T18:26:18.452+0530][gc,heap       ] GC(9) Old regions: 14->14
[2023-07-27T18:26:18.452+0530][gc,heap       ] GC(9) Humongous regions: 138->138
[2023-07-27T18:26:18.452+0530][gc,metaspace  ] GC(9) Metaspace: 49032K(51456K)->49032K(51456K) NonClass: 43258K(44544K)->43258K(44544K) Class: 5774K(6912K)->5774K(6912K)
[2023-07-27T18:26:18.452+0530][gc            ] GC(9) Pause Young (Normal) (G1 Evacuation Pause) 202M->155M(1024M) 16.675ms
[2023-07-27T18:26:18.452+0530][gc,cpu        ] GC(9) User=0.03s Sys=0.05s Real=0.02s
[2023-07-27T19:15:36.666+0530][gc,start      ] GC(10) Pause Young (Normal) (G1 Evacuation Pause)
[2023-07-27T19:15:36.666+0530][gc,task       ] GC(10) Using 9 workers of 9 for evacuation
[2023-07-27T19:15:36.685+0530][gc,phases     ] GC(10)   Pre Evacuate Collection Set: 0.5ms
[2023-07-27T19:15:36.685+0530][gc,phases     ] GC(10)   Evacuate Collection Set: 17.0ms
[2023-07-27T19:15:36.685+0530][gc,phases     ] GC(10)   Post Evacuate Collection Set: 0.6ms
[2023-07-27T19:15:36.685+0530][gc,phases     ] GC(10)   Other: 1.5ms
[2023-07-27T19:15:36.685+0530][gc,heap       ] GC(10) Eden regions: 47->0(49)
[2023-07-27T19:15:36.685+0530][gc,heap       ] GC(10) Survivor regions: 4->2(7)
[2023-07-27T19:15:36.685+0530][gc,heap       ] GC(10) Old regions: 14->17
[2023-07-27T19:15:36.685+0530][gc,heap       ] GC(10) Humongous regions: 138->138
[2023-07-27T19:15:36.685+0530][gc,metaspace  ] GC(10) Metaspace: 49073K(51712K)->49073K(51712K) NonClass: 43299K(44800K)->43299K(44800K) Class: 5774K(6912K)->5774K(6912K)
[2023-07-27T19:15:36.685+0530][gc            ] GC(10) Pause Young (Normal) (G1 Evacuation Pause) 202M->156M(1024M) 19.603ms
[2023-07-27T19:15:36.685+0530][gc,cpu        ] GC(10) User=0.03s Sys=0.05s Real=0.02s
[2023-07-27T19:44:07.135+0530][gc,start      ] GC(11) Pause Young (Normal) (G1 Evacuation Pause)
[2023-07-27T19:44:07.136+0530][gc,task       ] GC(11) Using 9 workers of 9 for evacuation
[2023-07-27T19:44:07.148+0530][gc,phases     ] GC(11)   Pre Evacuate Collection Set: 0.5ms
[2023-07-27T19:44:07.148+0530][gc,phases     ] GC(11)   Evacuate Collection Set: 9.9ms
[2023-07-27T19:44:07.148+0530][gc,phases     ] GC(11)   Post Evacuate Collection Set: 0.6ms
[2023-07-27T19:44:07.148+0530][gc,phases     ] GC(11)   Other: 2.0ms
[2023-07-27T19:44:07.148+0530][gc,heap       ] GC(11) Eden regions: 49->0(48)
[2023-07-27T19:44:07.148+0530][gc,heap       ] GC(11) Survivor regions: 2->3(7)
[2023-07-27T19:44:07.148+0530][gc,heap       ] GC(11) Old regions: 17->17
[2023-07-27T19:44:07.148+0530][gc,heap       ] GC(11) Humongous regions: 138->138
[2023-07-27T19:44:07.148+0530][gc,metaspace  ] GC(11) Metaspace: 49118K(51712K)->49118K(51712K) NonClass: 43343K(44800K)->43343K(44800K) Class: 5774K(6912K)->5774K(6912K)
[2023-07-27T19:44:07.148+0530][gc            ] GC(11) Pause Young (Normal) (G1 Evacuation Pause) 205M->156M(1024M) 13.086ms
[2023-07-27T19:44:07.148+0530][gc,cpu        ] GC(11) User=0.03s Sys=0.03s Real=0.01s
[2023-07-27T20:12:29.126+0530][gc,start      ] GC(12) Pause Young (Normal) (G1 Evacuation Pause)
[2023-07-27T20:12:29.126+0530][gc,task       ] GC(12) Using 9 workers of 9 for evacuation
[2023-07-27T20:12:29.135+0530][gc,phases     ] GC(12)   Pre Evacuate Collection Set: 0.2ms
[2023-07-27T20:12:29.135+0530][gc,phases     ] GC(12)   Evacuate Collection Set: 7.7ms
[2023-07-27T20:12:29.135+0530][gc,phases     ] GC(12)   Post Evacuate Collection Set: 0.6ms
[2023-07-27T20:12:29.135+0530][gc,phases     ] GC(12)   Other: 0.8ms
[2023-07-27T20:12:29.135+0530][gc,heap       ] GC(12) Eden regions: 48->0(49)
[2023-07-27T20:12:29.135+0530][gc,heap       ] GC(12) Survivor regions: 3->4(7)
[2023-07-27T20:12:29.135+0530][gc,heap       ] GC(12) Old regions: 17->17
[2023-07-27T20:12:29.135+0530][gc,heap       ] GC(12) Humongous regions: 147->147
[2023-07-27T20:12:29.135+0530][gc,metaspace  ] GC(12) Metaspace: 49303K(51840K)->49303K(51840K) NonClass: 43491K(44800K)->43491K(44800K) Class: 5811K(7040K)->5811K(7040K)
[2023-07-27T20:12:29.135+0530][gc            ] GC(12) Pause Young (Normal) (G1 Evacuation Pause) 213M->166M(1024M) 9.412ms
[2023-07-27T20:12:29.136+0530][gc,cpu        ] GC(12) User=0.02s Sys=0.01s Real=0.01s
[2023-07-27T20:45:56.050+0530][gc,start      ] GC(13) Pause Young (Normal) (G1 Evacuation Pause)
[2023-07-27T20:45:56.050+0530][gc,task       ] GC(13) Using 9 workers of 9 for evacuation
[2023-07-27T20:45:56.056+0530][gc,phases     ] GC(13)   Pre Evacuate Collection Set: 0.1ms
[2023-07-27T20:45:56.056+0530][gc,phases     ] GC(13)   Evacuate Collection Set: 5.1ms
[2023-07-27T20:45:56.056+0530][gc,phases     ] GC(13)   Post Evacuate Collection Set: 0.4ms
[2023-07-27T20:45:56.057+0530][gc,phases     ] GC(13)   Other: 0.5ms
[2023-07-27T20:45:56.057+0530][gc,heap       ] GC(13) Eden regions: 49->0(53)
[2023-07-27T20:45:56.057+0530][gc,heap       ] GC(13) Survivor regions: 4->4(7)
[2023-07-27T20:45:56.057+0530][gc,heap       ] GC(13) Old regions: 17->17
[2023-07-27T20:45:56.057+0530][gc,heap       ] GC(13) Humongous regions: 147->147
[2023-07-27T20:45:56.057+0530][gc,metaspace  ] GC(13) Metaspace: 49313K(51840K)->49313K(51840K) NonClass: 43501K(44800K)->43501K(44800K) Class: 5811K(7040K)->5811K(7040K)
[2023-07-27T20:45:56.057+0530][gc            ] GC(13) Pause Young (Normal) (G1 Evacuation Pause) 215M->167M(1024M) 6.360ms
[2023-07-27T20:45:56.057+0530][gc,cpu        ] GC(13) User=0.02s Sys=0.01s Real=0.00s
[2023-07-27T21:00:41.333+0530][gc,start      ] GC(14) Pause Young (Normal) (G1 Evacuation Pause)
[2023-07-27T21:00:41.334+0530][gc,task       ] GC(14) Using 9 workers of 9 for evacuation
[2023-07-27T21:00:41.341+0530][gc,phases     ] GC(14)   Pre Evacuate Collection Set: 0.1ms
[2023-07-27T21:00:41.342+0530][gc,phases     ] GC(14)   Evacuate Collection Set: 6.7ms
[2023-07-27T21:00:41.342+0530][gc,phases     ] GC(14)   Post Evacuate Collection Set: 0.6ms
[2023-07-27T21:00:41.342+0530][gc,phases     ] GC(14)   Other: 0.7ms
[2023-07-27T21:00:41.342+0530][gc,heap       ] GC(14) Eden regions: 53->0(63)
[2023-07-27T21:00:41.342+0530][gc,heap       ] GC(14) Survivor regions: 4->4(8)
[2023-07-27T21:00:41.342+0530][gc,heap       ] GC(14) Old regions: 17->17
[2023-07-27T21:00:41.342+0530][gc,heap       ] GC(14) Humongous regions: 147->147
[2023-07-27T21:00:41.342+0530][gc,metaspace  ] GC(14) Metaspace: 49532K(52096K)->49532K(52096K) NonClass: 43659K(45056K)->43659K(45056K) Class: 5872K(7040K)->5872K(7040K)
[2023-07-27T21:00:41.342+0530][gc            ] GC(14) Pause Young (Normal) (G1 Evacuation Pause) 220M->167M(1024M) 8.246ms
[2023-07-27T21:00:41.342+0530][gc,cpu        ] GC(14) User=0.03s Sys=0.00s Real=0.01s
[2023-07-27T21:19:46.091+0530][gc,start      ] GC(15) Pause Young (Normal) (G1 Evacuation Pause)
[2023-07-27T21:19:46.091+0530][gc,task       ] GC(15) Using 9 workers of 9 for evacuation
[2023-07-27T21:19:46.100+0530][gc,phases     ] GC(15)   Pre Evacuate Collection Set: 0.1ms
[2023-07-27T21:19:46.101+0530][gc,phases     ] GC(15)   Evacuate Collection Set: 7.8ms
[2023-07-27T21:19:46.101+0530][gc,phases     ] GC(15)   Post Evacuate Collection Set: 0.9ms
[2023-07-27T21:19:46.101+0530][gc,phases     ] GC(15)   Other: 0.7ms
[2023-07-27T21:19:46.101+0530][gc,heap       ] GC(15) Eden regions: 63->0(70)
[2023-07-27T21:19:46.101+0530][gc,heap       ] GC(15) Survivor regions: 4->4(9)
[2023-07-27T21:19:46.101+0530][gc,heap       ] GC(15) Old regions: 17->17
[2023-07-27T21:19:46.101+0530][gc,heap       ] GC(15) Humongous regions: 147->147
[2023-07-27T21:19:46.101+0530][gc,metaspace  ] GC(15) Metaspace: 49550K(52096K)->49550K(52096K) NonClass: 43677K(45056K)->43677K(45056K) Class: 5872K(7040K)->5872K(7040K)
[2023-07-27T21:19:46.101+0530][gc            ] GC(15) Pause Young (Normal) (G1 Evacuation Pause) 230M->167M(1024M) 9.759ms
[2023-07-27T21:19:46.101+0530][gc,cpu        ] GC(15) User=0.03s Sys=0.00s Real=0.01s
[2023-07-27T21:40:36.003+0530][gc,start      ] GC(16) Pause Young (Normal) (G1 Evacuation Pause)
[2023-07-27T21:40:36.003+0530][gc,task       ] GC(16) Using 9 workers of 9 for evacuation
[2023-07-27T21:40:36.011+0530][gc,phases     ] GC(16)   Pre Evacuate Collection Set: 0.1ms
[2023-07-27T21:40:36.011+0530][gc,phases     ] GC(16)   Evacuate Collection Set: 7.0ms
[2023-07-27T21:40:36.011+0530][gc,phases     ] GC(16)   Post Evacuate Collection Set: 0.7ms
[2023-07-27T21:40:36.011+0530][gc,phases     ] GC(16)   Other: 0.7ms
[2023-07-27T21:40:36.011+0530][gc,heap       ] GC(16) Eden regions: 70->0(84)
[2023-07-27T21:40:36.011+0530][gc,heap       ] GC(16) Survivor regions: 4->4(10)
[2023-07-27T21:40:36.011+0530][gc,heap       ] GC(16) Old regions: 17->17
[2023-07-27T21:40:36.011+0530][gc,heap       ] GC(16) Humongous regions: 147->147
[2023-07-27T21:40:36.011+0530][gc,metaspace  ] GC(16) Metaspace: 49660K(52480K)->49660K(52480K) NonClass: 43764K(45312K)->43764K(45312K) Class: 5896K(7168K)->5896K(7168K)
[2023-07-27T21:40:36.011+0530][gc            ] GC(16) Pause Young (Normal) (G1 Evacuation Pause) 237M->167M(1024M) 8.635ms
[2023-07-27T21:40:36.011+0530][gc,cpu        ] GC(16) User=0.03s Sys=0.01s Real=0.01s
[2023-07-27T22:05:09.806+0530][gc,start      ] GC(17) Pause Young (Normal) (G1 Evacuation Pause)
[2023-07-27T22:05:09.806+0530][gc,task       ] GC(17) Using 9 workers of 9 for evacuation
[2023-07-27T22:05:09.815+0530][gc,phases     ] GC(17)   Pre Evacuate Collection Set: 0.2ms
[2023-07-27T22:05:09.815+0530][gc,phases     ] GC(17)   Evacuate Collection Set: 7.1ms
[2023-07-27T22:05:09.815+0530][gc,phases     ] GC(17)   Post Evacuate Collection Set: 0.6ms
[2023-07-27T22:05:09.815+0530][gc,phases     ] GC(17)   Other: 1.0ms
[2023-07-27T22:05:09.815+0530][gc,heap       ] GC(17) Eden regions: 84->0(92)
[2023-07-27T22:05:09.815+0530][gc,heap       ] GC(17) Survivor regions: 4->4(11)
[2023-07-27T22:05:09.815+0530][gc,heap       ] GC(17) Old regions: 17->17
[2023-07-27T22:05:09.815+0530][gc,heap       ] GC(17) Humongous regions: 147->147
[2023-07-27T22:05:09.815+0530][gc,metaspace  ] GC(17) Metaspace: 49671K(52480K)->49671K(52480K) NonClass: 43774K(45312K)->43774K(45312K) Class: 5896K(7168K)->5896K(7168K)
[2023-07-27T22:05:09.815+0530][gc            ] GC(17) Pause Young (Normal) (G1 Evacuation Pause) 251M->167M(1024M) 9.132ms
[2023-07-27T22:05:09.815+0530][gc,cpu        ] GC(17) User=0.03s Sys=0.01s Real=0.01s
[2023-07-28T00:40:20.056+0530][gc,start      ] GC(18) Pause Young (Normal) (G1 Evacuation Pause)
[2023-07-28T00:40:20.056+0530][gc,task       ] GC(18) Using 9 workers of 9 for evacuation
[2023-07-28T00:40:20.065+0530][gc,phases     ] GC(18)   Pre Evacuate Collection Set: 0.1ms
[2023-07-28T00:40:20.065+0530][gc,phases     ] GC(18)   Evacuate Collection Set: 7.5ms
[2023-07-28T00:40:20.065+0530][gc,phases     ] GC(18)   Post Evacuate Collection Set: 0.5ms
[2023-07-28T00:40:20.065+0530][gc,phases     ] GC(18)   Other: 1.1ms
[2023-07-28T00:40:20.065+0530][gc,heap       ] GC(18) Eden regions: 92->0(105)
[2023-07-28T00:40:20.065+0530][gc,heap       ] GC(18) Survivor regions: 4->4(12)
[2023-07-28T00:40:20.065+0530][gc,heap       ] GC(18) Old regions: 17->17
[2023-07-28T00:40:20.065+0530][gc,heap       ] GC(18) Humongous regions: 147->147
[2023-07-28T00:40:20.065+0530][gc,metaspace  ] GC(18) Metaspace: 49701K(52480K)->49701K(52480K) NonClass: 43799K(45312K)->43799K(45312K) Class: 5901K(7168K)->5901K(7168K)
[2023-07-28T00:40:20.065+0530][gc            ] GC(18) Pause Young (Normal) (G1 Evacuation Pause) 259M->167M(1024M) 9.426ms
[2023-07-28T00:40:20.065+0530][gc,cpu        ] GC(18) User=0.02s Sys=0.00s Real=0.01s
[2023-07-28T07:15:47.991+0530][gc,start      ] GC(19) Pause Young (Normal) (G1 Evacuation Pause)
[2023-07-28T07:15:47.992+0530][gc,task       ] GC(19) Using 9 workers of 9 for evacuation
[2023-07-28T07:15:47.999+0530][gc,phases     ] GC(19)   Pre Evacuate Collection Set: 0.1ms
[2023-07-28T07:15:47.999+0530][gc,phases     ] GC(19)   Evacuate Collection Set: 6.0ms
[2023-07-28T07:15:47.999+0530][gc,phases     ] GC(19)   Post Evacuate Collection Set: 0.7ms
[2023-07-28T07:15:47.999+0530][gc,phases     ] GC(19)   Other: 1.8ms
[2023-07-28T07:15:47.999+0530][gc,heap       ] GC(19) Eden regions: 105->0(122)
[2023-07-28T07:15:47.999+0530][gc,heap       ] GC(19) Survivor regions: 4->4(14)
[2023-07-28T07:15:47.999+0530][gc,heap       ] GC(19) Old regions: 17->17
[2023-07-28T07:15:47.999+0530][gc,heap       ] GC(19) Humongous regions: 147->147
[2023-07-28T07:15:47.999+0530][gc,metaspace  ] GC(19) Metaspace: 49714K(52480K)->49714K(52480K) NonClass: 43813K(45312K)->43813K(45312K) Class: 5901K(7168K)->5901K(7168K)
[2023-07-28T07:15:47.999+0530][gc            ] GC(19) Pause Young (Normal) (G1 Evacuation Pause) 272M->167M(1024M) 8.850ms
[2023-07-28T07:15:48.000+0530][gc,cpu        ] GC(19) User=0.03s Sys=0.01s Real=0.01s
[2023-07-28T07:56:04.348+0530][gc,start      ] GC(20) Pause Young (Normal) (G1 Evacuation Pause)
[2023-07-28T07:56:04.348+0530][gc,task       ] GC(20) Using 9 workers of 9 for evacuation
[2023-07-28T07:56:04.354+0530][gc,phases     ] GC(20)   Pre Evacuate Collection Set: 0.1ms
[2023-07-28T07:56:04.354+0530][gc,phases     ] GC(20)   Evacuate Collection Set: 4.1ms
[2023-07-28T07:56:04.354+0530][gc,phases     ] GC(20)   Post Evacuate Collection Set: 0.5ms
[2023-07-28T07:56:04.354+0530][gc,phases     ] GC(20)   Other: 0.6ms
[2023-07-28T07:56:04.354+0530][gc,heap       ] GC(20) Eden regions: 122->0(147)
[2023-07-28T07:56:04.354+0530][gc,heap       ] GC(20) Survivor regions: 4->4(16)
[2023-07-28T07:56:04.354+0530][gc,heap       ] GC(20) Old regions: 17->17
[2023-07-28T07:56:04.354+0530][gc,heap       ] GC(20) Humongous regions: 147->147
[2023-07-28T07:56:04.354+0530][gc,metaspace  ] GC(20) Metaspace: 49737K(52480K)->49737K(52480K) NonClass: 43833K(45312K)->43833K(45312K) Class: 5904K(7168K)->5904K(7168K)
[2023-07-28T07:56:04.354+0530][gc            ] GC(20) Pause Young (Normal) (G1 Evacuation Pause) 289M->167M(1024M) 5.482ms
[2023-07-28T07:56:04.354+0530][gc,cpu        ] GC(20) User=0.03s Sys=0.01s Real=0.01s
[2023-07-28T09:03:43.487+0530][gc,start      ] GC(21) Pause Young (Normal) (G1 Evacuation Pause)
[2023-07-28T09:03:43.488+0530][gc,task       ] GC(21) Using 9 workers of 9 for evacuation
[2023-07-28T09:03:43.498+0530][gc,phases     ] GC(21)   Pre Evacuate Collection Set: 0.1ms
[2023-07-28T09:03:43.499+0530][gc,phases     ] GC(21)   Evacuate Collection Set: 9.0ms
[2023-07-28T09:03:43.499+0530][gc,phases     ] GC(21)   Post Evacuate Collection Set: 0.8ms
[2023-07-28T09:03:43.499+0530][gc,phases     ] GC(21)   Other: 2.1ms
[2023-07-28T09:03:43.499+0530][gc,heap       ] GC(21) Eden regions: 147->0(169)
[2023-07-28T09:03:43.499+0530][gc,heap       ] GC(21) Survivor regions: 4->4(19)
[2023-07-28T09:03:43.499+0530][gc,heap       ] GC(21) Old regions: 17->17
[2023-07-28T09:03:43.499+0530][gc,heap       ] GC(21) Humongous regions: 147->147
[2023-07-28T09:03:43.499+0530][gc,metaspace  ] GC(21) Metaspace: 49769K(52480K)->49769K(52480K) NonClass: 43864K(45312K)->43864K(45312K) Class: 5904K(7168K)->5904K(7168K)
[2023-07-28T09:03:43.499+0530][gc            ] GC(21) Pause Young (Normal) (G1 Evacuation Pause) 314M->167M(1024M) 12.246ms
[2023-07-28T09:03:43.499+0530][gc,cpu        ] GC(21) User=0.03s Sys=0.00s Real=0.01s
[2023-07-28T09:12:54.859+0530][gc,heap,exit  ] Heap
[2023-07-28T09:12:54.859+0530][gc,heap,exit  ]  garbage-first heap   total 1048576K, used 210223K [0x0000000780000000, 0x00000007c0000000)
[2023-07-28T09:12:54.859+0530][gc,heap,exit  ]   region size 1024K, 44 young (45056K), 4 survivors (4096K)
[2023-07-28T09:12:54.859+0530][gc,heap,exit  ]  Metaspace       used 50494K, capacity 53125K, committed 53248K, reserved 1095680K
[2023-07-28T09:12:54.859+0530][gc,heap,exit  ]   class space    used 6110K, capacity 7375K, committed 7424K, reserved 1048576K
