[2023-07-27T15:47:03.674+0530][gc,heap] Heap region size: 1M
[2023-07-27T15:47:03.675+0530][gc     ] Using G1
[2023-07-27T15:47:03.675+0530][gc,heap,coops] Heap address: 0x0000000780000000, size: 1024 MB, Compressed Oops mode: Zero based, Oop shift amount: 3
[2023-07-27T15:47:04.043+0530][gc,start     ] GC(0) Pause Young (Concurrent Start) (Metadata GC Threshold)
[2023-07-27T15:47:04.043+0530][gc,task      ] GC(0) Using 9 workers of 9 for evacuation
[2023-07-27T15:47:04.047+0530][gc,phases    ] GC(0)   Pre Evacuate Collection Set: 0.0ms
[2023-07-27T15:47:04.047+0530][gc,phases    ] GC(0)   Evacuate Collection Set: 3.7ms
[2023-07-27T15:47:04.047+0530][gc,phases    ] GC(0)   Post Evacuate Collection Set: 0.2ms
[2023-07-27T15:47:04.047+0530][gc,phases    ] GC(0)   Other: 0.3ms
[2023-07-27T15:47:04.047+0530][gc,heap      ] GC(0) Eden regions: 50->0(44)
[2023-07-27T15:47:04.047+0530][gc,heap      ] GC(0) Survivor regions: 0->7(7)
[2023-07-27T15:47:04.047+0530][gc,heap      ] GC(0) Old regions: 0->0
[2023-07-27T15:47:04.047+0530][gc,heap      ] GC(0) Humongous regions: 0->0
[2023-07-27T15:47:04.047+0530][gc,metaspace ] GC(0) Metaspace: 20848K(21296K)->20848K(21296K) NonClass: 18499K(18736K)->18499K(18736K) Class: 2348K(2560K)->2348K(2560K)
[2023-07-27T15:47:04.047+0530][gc           ] GC(0) Pause Young (Concurrent Start) (Metadata GC Threshold) 49M->6M(1024M) 4.281ms
[2023-07-27T15:47:04.047+0530][gc,cpu       ] GC(0) User=0.01s Sys=0.00s Real=0.00s
[2023-07-27T15:47:04.047+0530][gc           ] GC(1) Concurrent Cycle
[2023-07-27T15:47:04.047+0530][gc,marking   ] GC(1) Concurrent Clear Claimed Marks
[2023-07-27T15:47:04.047+0530][gc,marking   ] GC(1) Concurrent Clear Claimed Marks 0.011ms
[2023-07-27T15:47:04.047+0530][gc,marking   ] GC(1) Concurrent Scan Root Regions
[2023-07-27T15:47:04.048+0530][gc,marking   ] GC(1) Concurrent Scan Root Regions 0.798ms
[2023-07-27T15:47:04.048+0530][gc,marking   ] GC(1) Concurrent Mark (0.377s)
[2023-07-27T15:47:04.048+0530][gc,marking   ] GC(1) Concurrent Mark From Roots
[2023-07-27T15:47:04.048+0530][gc,task      ] GC(1) Using 2 workers of 2 for marking
[2023-07-27T15:47:04.048+0530][gc,marking   ] GC(1) Concurrent Mark From Roots 0.073ms
[2023-07-27T15:47:04.048+0530][gc,marking   ] GC(1) Concurrent Preclean
[2023-07-27T15:47:04.048+0530][gc,marking   ] GC(1) Concurrent Preclean 0.012ms
[2023-07-27T15:47:04.048+0530][gc,marking   ] GC(1) Concurrent Mark (0.377s, 0.377s) 0.099ms
[2023-07-27T15:47:04.048+0530][gc,start     ] GC(1) Pause Remark
[2023-07-27T15:47:04.049+0530][gc,stringtable] GC(1) Cleaned string and symbol table, strings: 7437 processed, 0 removed, symbols: 66216 processed, 30 removed
[2023-07-27T15:47:04.049+0530][gc            ] GC(1) Pause Remark 7M->7M(1024M) 0.831ms
[2023-07-27T15:47:04.049+0530][gc,cpu        ] GC(1) User=0.00s Sys=0.00s Real=0.00s
[2023-07-27T15:47:04.049+0530][gc,marking    ] GC(1) Concurrent Rebuild Remembered Sets
[2023-07-27T15:47:04.049+0530][gc,marking    ] GC(1) Concurrent Rebuild Remembered Sets 0.030ms
[2023-07-27T15:47:04.049+0530][gc,start      ] GC(1) Pause Cleanup
[2023-07-27T15:47:04.049+0530][gc            ] GC(1) Pause Cleanup 7M->7M(1024M) 0.125ms
[2023-07-27T15:47:04.049+0530][gc,cpu        ] GC(1) User=0.01s Sys=0.00s Real=0.00s
[2023-07-27T15:47:04.049+0530][gc,marking    ] GC(1) Concurrent Cleanup for Next Mark
[2023-07-27T15:47:04.050+0530][gc,marking    ] GC(1) Concurrent Cleanup for Next Mark 1.327ms
[2023-07-27T15:47:04.050+0530][gc            ] GC(1) Concurrent Cycle 3.469ms
[2023-07-27T15:47:04.229+0530][gc,start      ] GC(2) Pause Young (Normal) (G1 Evacuation Pause)
[2023-07-27T15:47:04.229+0530][gc,task       ] GC(2) Using 9 workers of 9 for evacuation
[2023-07-27T15:47:04.233+0530][gc,phases     ] GC(2)   Pre Evacuate Collection Set: 0.0ms
[2023-07-27T15:47:04.233+0530][gc,phases     ] GC(2)   Evacuate Collection Set: 3.9ms
[2023-07-27T15:47:04.233+0530][gc,phases     ] GC(2)   Post Evacuate Collection Set: 0.3ms
[2023-07-27T15:47:04.233+0530][gc,phases     ] GC(2)   Other: 0.1ms
[2023-07-27T15:47:04.233+0530][gc,heap       ] GC(2) Eden regions: 44->0(48)
[2023-07-27T15:47:04.233+0530][gc,heap       ] GC(2) Survivor regions: 7->3(7)
[2023-07-27T15:47:04.233+0530][gc,heap       ] GC(2) Old regions: 0->7
[2023-07-27T15:47:04.233+0530][gc,heap       ] GC(2) Humongous regions: 0->0
[2023-07-27T15:47:04.233+0530][gc,metaspace  ] GC(2) Metaspace: 28465K(29312K)->28465K(29312K) NonClass: 25342K(25856K)->25342K(25856K) Class: 3123K(3456K)->3123K(3456K)
[2023-07-27T15:47:04.233+0530][gc            ] GC(2) Pause Young (Normal) (G1 Evacuation Pause) 50M->9M(1024M) 4.332ms
[2023-07-27T15:47:04.233+0530][gc,cpu        ] GC(2) User=0.02s Sys=0.01s Real=0.01s
[2023-07-27T15:47:04.415+0530][gc,start      ] GC(3) Pause Young (Concurrent Start) (Metadata GC Threshold)
[2023-07-27T15:47:04.415+0530][gc,task       ] GC(3) Using 9 workers of 9 for evacuation
[2023-07-27T15:47:04.418+0530][gc,phases     ] GC(3)   Pre Evacuate Collection Set: 0.0ms
[2023-07-27T15:47:04.418+0530][gc,phases     ] GC(3)   Evacuate Collection Set: 2.4ms
[2023-07-27T15:47:04.418+0530][gc,phases     ] GC(3)   Post Evacuate Collection Set: 0.2ms
[2023-07-27T15:47:04.418+0530][gc,phases     ] GC(3)   Other: 0.1ms
[2023-07-27T15:47:04.418+0530][gc,heap       ] GC(3) Eden regions: 32->0(47)
[2023-07-27T15:47:04.418+0530][gc,heap       ] GC(3) Survivor regions: 3->4(7)
[2023-07-27T15:47:04.418+0530][gc,heap       ] GC(3) Old regions: 7->7
[2023-07-27T15:47:04.418+0530][gc,heap       ] GC(3) Humongous regions: 0->0
[2023-07-27T15:47:04.418+0530][gc,metaspace  ] GC(3) Metaspace: 34798K(35840K)->34798K(35840K) NonClass: 30945K(31488K)->30945K(31488K) Class: 3852K(4352K)->3852K(4352K)
[2023-07-27T15:47:04.418+0530][gc            ] GC(3) Pause Young (Concurrent Start) (Metadata GC Threshold) 41M->10M(1024M) 2.791ms
[2023-07-27T15:47:04.418+0530][gc,cpu        ] GC(3) User=0.01s Sys=0.00s Real=0.00s
[2023-07-27T15:47:04.418+0530][gc            ] GC(4) Concurrent Cycle
[2023-07-27T15:47:04.418+0530][gc,marking    ] GC(4) Concurrent Clear Claimed Marks
[2023-07-27T15:47:04.418+0530][gc,marking    ] GC(4) Concurrent Clear Claimed Marks 0.013ms
[2023-07-27T15:47:04.418+0530][gc,marking    ] GC(4) Concurrent Scan Root Regions
[2023-07-27T15:47:04.419+0530][gc,marking    ] GC(4) Concurrent Scan Root Regions 0.879ms
[2023-07-27T15:47:04.419+0530][gc,marking    ] GC(4) Concurrent Mark (0.748s)
[2023-07-27T15:47:04.419+0530][gc,marking    ] GC(4) Concurrent Mark From Roots
[2023-07-27T15:47:04.419+0530][gc,task       ] GC(4) Using 2 workers of 2 for marking
[2023-07-27T15:47:04.421+0530][gc,marking    ] GC(4) Concurrent Mark From Roots 2.007ms
[2023-07-27T15:47:04.421+0530][gc,marking    ] GC(4) Concurrent Preclean
[2023-07-27T15:47:04.421+0530][gc,marking    ] GC(4) Concurrent Preclean 0.022ms
[2023-07-27T15:47:04.421+0530][gc,marking    ] GC(4) Concurrent Mark (0.748s, 0.750s) 2.049ms
[2023-07-27T15:47:04.421+0530][gc,start      ] GC(4) Pause Remark
[2023-07-27T15:47:04.422+0530][gc,stringtable] GC(4) Cleaned string and symbol table, strings: 11707 processed, 12 removed, symbols: 99989 processed, 21 removed
[2023-07-27T15:47:04.422+0530][gc            ] GC(4) Pause Remark 11M->11M(1024M) 0.902ms
[2023-07-27T15:47:04.422+0530][gc,cpu        ] GC(4) User=0.01s Sys=0.00s Real=0.00s
[2023-07-27T15:47:04.422+0530][gc,marking    ] GC(4) Concurrent Rebuild Remembered Sets
[2023-07-27T15:47:04.424+0530][gc,marking    ] GC(4) Concurrent Rebuild Remembered Sets 1.742ms
[2023-07-27T15:47:04.424+0530][gc,start      ] GC(4) Pause Cleanup
[2023-07-27T15:47:04.424+0530][gc            ] GC(4) Pause Cleanup 11M->11M(1024M) 0.104ms
[2023-07-27T15:47:04.424+0530][gc,cpu        ] GC(4) User=0.00s Sys=0.00s Real=0.00s
[2023-07-27T15:47:04.424+0530][gc,marking    ] GC(4) Concurrent Cleanup for Next Mark
[2023-07-27T15:47:04.425+0530][gc,marking    ] GC(4) Concurrent Cleanup for Next Mark 1.238ms
[2023-07-27T15:47:04.425+0530][gc            ] GC(4) Concurrent Cycle 7.166ms
[2023-07-27T15:47:04.549+0530][gc,start      ] GC(5) Pause Young (Normal) (GCLocker Initiated GC)
[2023-07-27T15:47:04.549+0530][gc,task       ] GC(5) Using 9 workers of 9 for evacuation
[2023-07-27T15:47:04.552+0530][gc,phases     ] GC(5)   Pre Evacuate Collection Set: 0.0ms
[2023-07-27T15:47:04.552+0530][gc,phases     ] GC(5)   Evacuate Collection Set: 2.1ms
[2023-07-27T15:47:04.552+0530][gc,phases     ] GC(5)   Post Evacuate Collection Set: 0.3ms
[2023-07-27T15:47:04.552+0530][gc,phases     ] GC(5)   Other: 0.1ms
[2023-07-27T15:47:04.552+0530][gc,heap       ] GC(5) Eden regions: 48->0(46)
[2023-07-27T15:47:04.552+0530][gc,heap       ] GC(5) Survivor regions: 4->5(7)
[2023-07-27T15:47:04.552+0530][gc,heap       ] GC(5) Old regions: 7->7
[2023-07-27T15:47:04.552+0530][gc,heap       ] GC(5) Humongous regions: 11->9
[2023-07-27T15:47:04.552+0530][gc,metaspace  ] GC(5) Metaspace: 38460K(39936K)->38460K(39936K) NonClass: 34208K(35072K)->34208K(35072K) Class: 4252K(4864K)->4252K(4864K)
[2023-07-27T15:47:04.552+0530][gc            ] GC(5) Pause Young (Normal) (GCLocker Initiated GC) 68M->20M(1024M) 2.591ms
[2023-07-27T15:47:04.552+0530][gc,cpu        ] GC(5) User=0.02s Sys=0.01s Real=0.01s
[2023-07-27T15:47:05.006+0530][gc,start      ] GC(6) Pause Young (Normal) (G1 Evacuation Pause)
[2023-07-27T15:47:05.006+0530][gc,task       ] GC(6) Using 9 workers of 9 for evacuation
[2023-07-27T15:47:05.009+0530][gc,phases     ] GC(6)   Pre Evacuate Collection Set: 0.0ms
[2023-07-27T15:47:05.009+0530][gc,phases     ] GC(6)   Evacuate Collection Set: 3.0ms
[2023-07-27T15:47:05.009+0530][gc,phases     ] GC(6)   Post Evacuate Collection Set: 0.3ms
[2023-07-27T15:47:05.009+0530][gc,phases     ] GC(6)   Other: 0.1ms
[2023-07-27T15:47:05.009+0530][gc,heap       ] GC(6) Eden regions: 46->0(44)
[2023-07-27T15:47:05.009+0530][gc,heap       ] GC(6) Survivor regions: 5->7(7)
[2023-07-27T15:47:05.009+0530][gc,heap       ] GC(6) Old regions: 7->9
[2023-07-27T15:47:05.009+0530][gc,heap       ] GC(6) Humongous regions: 138->138
[2023-07-27T15:47:05.009+0530][gc,metaspace  ] GC(6) Metaspace: 43565K(45312K)->43565K(45312K) NonClass: 38719K(39680K)->38719K(39680K) Class: 4846K(5632K)->4846K(5632K)
[2023-07-27T15:47:05.009+0530][gc            ] GC(6) Pause Young (Normal) (G1 Evacuation Pause) 195M->153M(1024M) 3.579ms
[2023-07-27T15:47:05.010+0530][gc,cpu        ] GC(6) User=0.03s Sys=0.00s Real=0.01s
[2023-07-27T15:53:45.035+0530][gc,start      ] GC(7) Pause Young (Normal) (G1 Evacuation Pause)
[2023-07-27T15:53:45.036+0530][gc,task       ] GC(7) Using 9 workers of 9 for evacuation
[2023-07-27T15:53:45.041+0530][gc,phases     ] GC(7)   Pre Evacuate Collection Set: 0.1ms
[2023-07-27T15:53:45.041+0530][gc,phases     ] GC(7)   Evacuate Collection Set: 4.5ms
[2023-07-27T15:53:45.041+0530][gc,phases     ] GC(7)   Post Evacuate Collection Set: 0.5ms
[2023-07-27T15:53:45.041+0530][gc,phases     ] GC(7)   Other: 0.6ms
[2023-07-27T15:53:45.041+0530][gc,heap       ] GC(7) Eden regions: 44->0(49)
[2023-07-27T15:53:45.041+0530][gc,heap       ] GC(7) Survivor regions: 7->2(7)
[2023-07-27T15:53:45.041+0530][gc,heap       ] GC(7) Old regions: 9->15
[2023-07-27T15:53:45.041+0530][gc,heap       ] GC(7) Humongous regions: 156->138
[2023-07-27T15:53:45.041+0530][gc,metaspace  ] GC(7) Metaspace: 47030K(49152K)->47030K(49152K) NonClass: 41614K(42752K)->41614K(42752K) Class: 5416K(6400K)->5416K(6400K)
[2023-07-27T15:53:45.041+0530][gc            ] GC(7) Pause Young (Normal) (G1 Evacuation Pause) 215M->154M(1024M) 5.745ms
[2023-07-27T15:53:45.041+0530][gc,cpu        ] GC(7) User=0.03s Sys=0.01s Real=0.01s
[2023-07-27T16:23:16.207+0530][gc,start      ] GC(8) Pause Young (Normal) (G1 Evacuation Pause)
[2023-07-27T16:23:16.208+0530][gc,task       ] GC(8) Using 9 workers of 9 for evacuation
[2023-07-27T16:23:16.216+0530][gc,phases     ] GC(8)   Pre Evacuate Collection Set: 0.1ms
[2023-07-27T16:23:16.217+0530][gc,phases     ] GC(8)   Evacuate Collection Set: 7.4ms
[2023-07-27T16:23:16.217+0530][gc,phases     ] GC(8)   Post Evacuate Collection Set: 0.5ms
[2023-07-27T16:23:16.217+0530][gc,phases     ] GC(8)   Other: 1.8ms
[2023-07-27T16:23:16.217+0530][gc,heap       ] GC(8) Eden regions: 49->0(49)
[2023-07-27T16:23:16.217+0530][gc,heap       ] GC(8) Survivor regions: 2->2(7)
[2023-07-27T16:23:16.217+0530][gc,heap       ] GC(8) Old regions: 15->15
[2023-07-27T16:23:16.217+0530][gc,heap       ] GC(8) Humongous regions: 138->138
[2023-07-27T16:23:16.217+0530][gc,metaspace  ] GC(8) Metaspace: 47525K(49664K)->47525K(49664K) NonClass: 42104K(43264K)->42104K(43264K) Class: 5421K(6400K)->5421K(6400K)
[2023-07-27T16:23:16.217+0530][gc            ] GC(8) Pause Young (Normal) (G1 Evacuation Pause) 203M->154M(1024M) 10.168ms
[2023-07-27T16:23:16.217+0530][gc,cpu        ] GC(8) User=0.03s Sys=0.01s Real=0.01s
[2023-07-27T16:36:33.980+0530][gc,start      ] GC(9) Pause Young (Normal) (G1 Evacuation Pause)
[2023-07-27T16:36:33.980+0530][gc,task       ] GC(9) Using 9 workers of 9 for evacuation
[2023-07-27T16:36:33.988+0530][gc,phases     ] GC(9)   Pre Evacuate Collection Set: 0.2ms
[2023-07-27T16:36:33.988+0530][gc,phases     ] GC(9)   Evacuate Collection Set: 6.5ms
[2023-07-27T16:36:33.988+0530][gc,phases     ] GC(9)   Post Evacuate Collection Set: 0.7ms
[2023-07-27T16:36:33.988+0530][gc,phases     ] GC(9)   Other: 1.0ms
[2023-07-27T16:36:33.988+0530][gc,heap       ] GC(9) Eden regions: 49->0(50)
[2023-07-27T16:36:33.988+0530][gc,heap       ] GC(9) Survivor regions: 2->3(7)
[2023-07-27T16:36:33.988+0530][gc,heap       ] GC(9) Old regions: 15->15
[2023-07-27T16:36:33.988+0530][gc,heap       ] GC(9) Humongous regions: 138->138
[2023-07-27T16:36:33.988+0530][gc,metaspace  ] GC(9) Metaspace: 47565K(49664K)->47565K(49664K) NonClass: 42143K(43264K)->42143K(43264K) Class: 5421K(6400K)->5421K(6400K)
[2023-07-27T16:36:33.988+0530][gc            ] GC(9) Pause Young (Normal) (G1 Evacuation Pause) 203M->155M(1024M) 8.595ms
[2023-07-27T16:36:33.988+0530][gc,cpu        ] GC(9) User=0.02s Sys=0.01s Real=0.00s
[2023-07-27T16:49:34.416+0530][gc,start      ] GC(10) Pause Young (Normal) (G1 Evacuation Pause)
[2023-07-27T16:49:34.417+0530][gc,task       ] GC(10) Using 9 workers of 9 for evacuation
[2023-07-27T16:49:34.419+0530][gc,phases     ] GC(10)   Pre Evacuate Collection Set: 0.0ms
[2023-07-27T16:49:34.419+0530][gc,phases     ] GC(10)   Evacuate Collection Set: 2.2ms
[2023-07-27T16:49:34.419+0530][gc,phases     ] GC(10)   Post Evacuate Collection Set: 0.3ms
[2023-07-27T16:49:34.419+0530][gc,phases     ] GC(10)   Other: 0.3ms
[2023-07-27T16:49:34.419+0530][gc,heap       ] GC(10) Eden regions: 50->0(52)
[2023-07-27T16:49:34.419+0530][gc,heap       ] GC(10) Survivor regions: 3->4(7)
[2023-07-27T16:49:34.419+0530][gc,heap       ] GC(10) Old regions: 15->15
[2023-07-27T16:49:34.419+0530][gc,heap       ] GC(10) Humongous regions: 138->138
[2023-07-27T16:49:34.419+0530][gc,metaspace  ] GC(10) Metaspace: 48085K(50432K)->48085K(50432K) NonClass: 42543K(43776K)->42543K(43776K) Class: 5541K(6656K)->5541K(6656K)
[2023-07-27T16:49:34.419+0530][gc            ] GC(10) Pause Young (Normal) (G1 Evacuation Pause) 205M->156M(1024M) 2.896ms
[2023-07-27T16:49:34.419+0530][gc,cpu        ] GC(10) User=0.01s Sys=0.00s Real=0.00s
[2023-07-27T16:49:34.660+0530][gc,heap,exit  ] Heap
[2023-07-27T16:49:34.660+0530][gc,heap,exit  ]  garbage-first heap   total 1048576K, used 166206K [0x0000000780000000, 0x00000007c0000000)
[2023-07-27T16:49:34.660+0530][gc,heap,exit  ]   region size 1024K, 11 young (11264K), 4 survivors (4096K)
[2023-07-27T16:49:34.660+0530][gc,heap,exit  ]  Metaspace       used 48350K, capacity 50480K, committed 50688K, reserved 1093632K
[2023-07-27T16:49:34.660+0530][gc,heap,exit  ]   class space    used 5620K, capacity 6655K, committed 6656K, reserved 1048576K
