[2023-07-27T14:59:23.115+0530][gc,heap] Heap region size: 1M
[2023-07-27T14:59:23.116+0530][gc     ] Using G1
[2023-07-27T14:59:23.116+0530][gc,heap,coops] Heap address: 0x0000000780000000, size: 1024 MB, Compressed Oops mode: Zero based, Oop shift amount: 3
[2023-07-27T14:59:23.482+0530][gc,start     ] GC(0) Pause Young (Concurrent Start) (Metadata GC Threshold)
[2023-07-27T14:59:23.482+0530][gc,task      ] GC(0) Using 9 workers of 9 for evacuation
[2023-07-27T14:59:23.486+0530][gc,phases    ] GC(0)   Pre Evacuate Collection Set: 0.0ms
[2023-07-27T14:59:23.486+0530][gc,phases    ] GC(0)   Evacuate Collection Set: 3.1ms
[2023-07-27T14:59:23.486+0530][gc,phases    ] GC(0)   Post Evacuate Collection Set: 0.2ms
[2023-07-27T14:59:23.486+0530][gc,phases    ] GC(0)   Other: 0.3ms
[2023-07-27T14:59:23.486+0530][gc,heap      ] GC(0) Eden regions: 49->0(44)
[2023-07-27T14:59:23.486+0530][gc,heap      ] GC(0) Survivor regions: 0->7(7)
[2023-07-27T14:59:23.486+0530][gc,heap      ] GC(0) Old regions: 0->1
[2023-07-27T14:59:23.486+0530][gc,heap      ] GC(0) Humongous regions: 0->0
[2023-07-27T14:59:23.486+0530][gc,metaspace ] GC(0) Metaspace: 20693K(21248K)->20693K(21248K) NonClass: 18368K(18688K)->18368K(18688K) Class: 2324K(2560K)->2324K(2560K)
[2023-07-27T14:59:23.486+0530][gc           ] GC(0) Pause Young (Concurrent Start) (Metadata GC Threshold) 49M->7M(1024M) 3.586ms
[2023-07-27T14:59:23.486+0530][gc,cpu       ] GC(0) User=0.01s Sys=0.00s Real=0.00s
[2023-07-27T14:59:23.486+0530][gc           ] GC(1) Concurrent Cycle
[2023-07-27T14:59:23.486+0530][gc,marking   ] GC(1) Concurrent Clear Claimed Marks
[2023-07-27T14:59:23.486+0530][gc,marking   ] GC(1) Concurrent Clear Claimed Marks 0.011ms
[2023-07-27T14:59:23.486+0530][gc,marking   ] GC(1) Concurrent Scan Root Regions
[2023-07-27T14:59:23.487+0530][gc,marking   ] GC(1) Concurrent Scan Root Regions 0.839ms
[2023-07-27T14:59:23.487+0530][gc,marking   ] GC(1) Concurrent Mark (0.375s)
[2023-07-27T14:59:23.487+0530][gc,marking   ] GC(1) Concurrent Mark From Roots
[2023-07-27T14:59:23.487+0530][gc,task      ] GC(1) Using 2 workers of 2 for marking
[2023-07-27T14:59:23.487+0530][gc,marking   ] GC(1) Concurrent Mark From Roots 0.171ms
[2023-07-27T14:59:23.487+0530][gc,marking   ] GC(1) Concurrent Preclean
[2023-07-27T14:59:23.487+0530][gc,marking   ] GC(1) Concurrent Preclean 0.013ms
[2023-07-27T14:59:23.487+0530][gc,marking   ] GC(1) Concurrent Mark (0.375s, 0.375s) 0.200ms
[2023-07-27T14:59:23.487+0530][gc,start     ] GC(1) Pause Remark
[2023-07-27T14:59:23.488+0530][gc,stringtable] GC(1) Cleaned string and symbol table, strings: 7378 processed, 0 removed, symbols: 65857 processed, 31 removed
[2023-07-27T14:59:23.488+0530][gc            ] GC(1) Pause Remark 7M->7M(1024M) 0.787ms
[2023-07-27T14:59:23.488+0530][gc,cpu        ] GC(1) User=0.01s Sys=0.00s Real=0.00s
[2023-07-27T14:59:23.488+0530][gc,marking    ] GC(1) Concurrent Rebuild Remembered Sets
[2023-07-27T14:59:23.488+0530][gc,marking    ] GC(1) Concurrent Rebuild Remembered Sets 0.046ms
[2023-07-27T14:59:23.488+0530][gc,start      ] GC(1) Pause Cleanup
[2023-07-27T14:59:23.488+0530][gc            ] GC(1) Pause Cleanup 7M->7M(1024M) 0.070ms
[2023-07-27T14:59:23.488+0530][gc,cpu        ] GC(1) User=0.00s Sys=0.00s Real=0.00s
[2023-07-27T14:59:23.488+0530][gc,marking    ] GC(1) Concurrent Cleanup for Next Mark
[2023-07-27T14:59:23.489+0530][gc,marking    ] GC(1) Concurrent Cleanup for Next Mark 1.409ms
[2023-07-27T14:59:23.489+0530][gc            ] GC(1) Concurrent Cycle 3.530ms
[2023-07-27T14:59:23.684+0530][gc,start      ] GC(2) Pause Young (Normal) (G1 Evacuation Pause)
[2023-07-27T14:59:23.684+0530][gc,task       ] GC(2) Using 9 workers of 9 for evacuation
[2023-07-27T14:59:23.688+0530][gc,phases     ] GC(2)   Pre Evacuate Collection Set: 0.0ms
[2023-07-27T14:59:23.688+0530][gc,phases     ] GC(2)   Evacuate Collection Set: 3.7ms
[2023-07-27T14:59:23.688+0530][gc,phases     ] GC(2)   Post Evacuate Collection Set: 0.2ms
[2023-07-27T14:59:23.688+0530][gc,phases     ] GC(2)   Other: 0.1ms
[2023-07-27T14:59:23.688+0530][gc,heap       ] GC(2) Eden regions: 44->0(48)
[2023-07-27T14:59:23.688+0530][gc,heap       ] GC(2) Survivor regions: 7->3(7)
[2023-07-27T14:59:23.688+0530][gc,heap       ] GC(2) Old regions: 1->8
[2023-07-27T14:59:23.688+0530][gc,heap       ] GC(2) Humongous regions: 0->0
[2023-07-27T14:59:23.688+0530][gc,metaspace  ] GC(2) Metaspace: 28292K(29312K)->28292K(29312K) NonClass: 25195K(25856K)->25195K(25856K) Class: 3096K(3456K)->3096K(3456K)
[2023-07-27T14:59:23.688+0530][gc            ] GC(2) Pause Young (Normal) (G1 Evacuation Pause) 51M->9M(1024M) 4.074ms
[2023-07-27T14:59:23.688+0530][gc,cpu        ] GC(2) User=0.02s Sys=0.01s Real=0.00s
[2023-07-27T14:59:23.880+0530][gc,start      ] GC(3) Pause Young (Concurrent Start) (Metadata GC Threshold)
[2023-07-27T14:59:23.880+0530][gc,task       ] GC(3) Using 9 workers of 9 for evacuation
[2023-07-27T14:59:23.882+0530][gc,phases     ] GC(3)   Pre Evacuate Collection Set: 0.0ms
[2023-07-27T14:59:23.882+0530][gc,phases     ] GC(3)   Evacuate Collection Set: 1.2ms
[2023-07-27T14:59:23.882+0530][gc,phases     ] GC(3)   Post Evacuate Collection Set: 0.1ms
[2023-07-27T14:59:23.882+0530][gc,phases     ] GC(3)   Other: 0.1ms
[2023-07-27T14:59:23.882+0530][gc,heap       ] GC(3) Eden regions: 32->0(47)
[2023-07-27T14:59:23.882+0530][gc,heap       ] GC(3) Survivor regions: 3->4(7)
[2023-07-27T14:59:23.882+0530][gc,heap       ] GC(3) Old regions: 8->8
[2023-07-27T14:59:23.882+0530][gc,heap       ] GC(3) Humongous regions: 0->0
[2023-07-27T14:59:23.882+0530][gc,metaspace  ] GC(3) Metaspace: 34774K(35840K)->34774K(35840K) NonClass: 30921K(31488K)->30921K(31488K) Class: 3852K(4352K)->3852K(4352K)
[2023-07-27T14:59:23.882+0530][gc            ] GC(3) Pause Young (Concurrent Start) (Metadata GC Threshold) 41M->10M(1024M) 1.519ms
[2023-07-27T14:59:23.882+0530][gc,cpu        ] GC(3) User=0.00s Sys=0.00s Real=0.00s
[2023-07-27T14:59:23.882+0530][gc            ] GC(4) Concurrent Cycle
[2023-07-27T14:59:23.882+0530][gc,marking    ] GC(4) Concurrent Clear Claimed Marks
[2023-07-27T14:59:23.882+0530][gc,marking    ] GC(4) Concurrent Clear Claimed Marks 0.013ms
[2023-07-27T14:59:23.882+0530][gc,marking    ] GC(4) Concurrent Scan Root Regions
[2023-07-27T14:59:23.883+0530][gc,marking    ] GC(4) Concurrent Scan Root Regions 0.866ms
[2023-07-27T14:59:23.883+0530][gc,marking    ] GC(4) Concurrent Mark (0.771s)
[2023-07-27T14:59:23.883+0530][gc,marking    ] GC(4) Concurrent Mark From Roots
[2023-07-27T14:59:23.883+0530][gc,task       ] GC(4) Using 2 workers of 2 for marking
[2023-07-27T14:59:23.885+0530][gc,marking    ] GC(4) Concurrent Mark From Roots 2.581ms
[2023-07-27T14:59:23.885+0530][gc,marking    ] GC(4) Concurrent Preclean
[2023-07-27T14:59:23.885+0530][gc,marking    ] GC(4) Concurrent Preclean 0.034ms
[2023-07-27T14:59:23.885+0530][gc,marking    ] GC(4) Concurrent Mark (0.771s, 0.774s) 2.629ms
[2023-07-27T14:59:23.885+0530][gc,start      ] GC(4) Pause Remark
[2023-07-27T14:59:23.886+0530][gc,stringtable] GC(4) Cleaned string and symbol table, strings: 11676 processed, 11 removed, symbols: 100137 processed, 21 removed
[2023-07-27T14:59:23.886+0530][gc            ] GC(4) Pause Remark 11M->11M(1024M) 0.919ms
[2023-07-27T14:59:23.886+0530][gc,cpu        ] GC(4) User=0.00s Sys=0.00s Real=0.00s
[2023-07-27T14:59:23.886+0530][gc,marking    ] GC(4) Concurrent Rebuild Remembered Sets
[2023-07-27T14:59:23.888+0530][gc,marking    ] GC(4) Concurrent Rebuild Remembered Sets 1.492ms
[2023-07-27T14:59:23.888+0530][gc,start      ] GC(4) Pause Cleanup
[2023-07-27T14:59:23.888+0530][gc            ] GC(4) Pause Cleanup 12M->12M(1024M) 0.079ms
[2023-07-27T14:59:23.888+0530][gc,cpu        ] GC(4) User=0.00s Sys=0.00s Real=0.00s
[2023-07-27T14:59:23.888+0530][gc,marking    ] GC(4) Concurrent Cleanup for Next Mark
[2023-07-27T14:59:23.889+0530][gc,marking    ] GC(4) Concurrent Cleanup for Next Mark 1.147ms
[2023-07-27T14:59:23.889+0530][gc            ] GC(4) Concurrent Cycle 7.652ms
[2023-07-27T14:59:24.022+0530][gc,start      ] GC(5) Pause Young (Normal) (G1 Evacuation Pause)
[2023-07-27T14:59:24.022+0530][gc,task       ] GC(5) Using 9 workers of 9 for evacuation
[2023-07-27T14:59:24.024+0530][gc,phases     ] GC(5)   Pre Evacuate Collection Set: 0.0ms
[2023-07-27T14:59:24.024+0530][gc,phases     ] GC(5)   Evacuate Collection Set: 2.1ms
[2023-07-27T14:59:24.024+0530][gc,phases     ] GC(5)   Post Evacuate Collection Set: 0.2ms
[2023-07-27T14:59:24.024+0530][gc,phases     ] GC(5)   Other: 0.1ms
[2023-07-27T14:59:24.024+0530][gc,heap       ] GC(5) Eden regions: 47->0(45)
[2023-07-27T14:59:24.024+0530][gc,heap       ] GC(5) Survivor regions: 4->6(7)
[2023-07-27T14:59:24.024+0530][gc,heap       ] GC(5) Old regions: 8->8
[2023-07-27T14:59:24.024+0530][gc,heap       ] GC(5) Humongous regions: 9->9
[2023-07-27T14:59:24.024+0530][gc,metaspace  ] GC(5) Metaspace: 39225K(40448K)->39225K(40448K) NonClass: 34914K(35584K)->34914K(35584K) Class: 4310K(4864K)->4310K(4864K)
[2023-07-27T14:59:24.024+0530][gc            ] GC(5) Pause Young (Normal) (G1 Evacuation Pause) 66M->21M(1024M) 2.404ms
[2023-07-27T14:59:24.024+0530][gc,cpu        ] GC(5) User=0.02s Sys=0.00s Real=0.00s
[2023-07-27T14:59:24.692+0530][gc,start      ] GC(6) Pause Young (Normal) (G1 Evacuation Pause)
[2023-07-27T14:59:24.692+0530][gc,task       ] GC(6) Using 9 workers of 9 for evacuation
[2023-07-27T14:59:24.695+0530][gc,phases     ] GC(6)   Pre Evacuate Collection Set: 0.0ms
[2023-07-27T14:59:24.695+0530][gc,phases     ] GC(6)   Evacuate Collection Set: 2.6ms
[2023-07-27T14:59:24.695+0530][gc,phases     ] GC(6)   Post Evacuate Collection Set: 0.3ms
[2023-07-27T14:59:24.695+0530][gc,phases     ] GC(6)   Other: 0.1ms
[2023-07-27T14:59:24.695+0530][gc,heap       ] GC(6) Eden regions: 45->0(44)
[2023-07-27T14:59:24.695+0530][gc,heap       ] GC(6) Survivor regions: 6->7(7)
[2023-07-27T14:59:24.695+0530][gc,heap       ] GC(6) Old regions: 8->10
[2023-07-27T14:59:24.695+0530][gc,heap       ] GC(6) Humongous regions: 144->144
[2023-07-27T14:59:24.695+0530][gc,metaspace  ] GC(6) Metaspace: 44484K(46336K)->44484K(46336K) NonClass: 39400K(40448K)->39400K(40448K) Class: 5084K(5888K)->5084K(5888K)
[2023-07-27T14:59:24.695+0530][gc            ] GC(6) Pause Young (Normal) (G1 Evacuation Pause) 201M->159M(1024M) 3.023ms
[2023-07-27T14:59:24.695+0530][gc,cpu        ] GC(6) User=0.02s Sys=0.00s Real=0.00s
[2023-07-27T15:08:43.702+0530][gc,start      ] GC(7) Pause Young (Normal) (G1 Evacuation Pause)
[2023-07-27T15:08:43.704+0530][gc,task       ] GC(7) Using 9 workers of 9 for evacuation
[2023-07-27T15:08:43.719+0530][gc,phases     ] GC(7)   Pre Evacuate Collection Set: 0.6ms
[2023-07-27T15:08:43.719+0530][gc,phases     ] GC(7)   Evacuate Collection Set: 12.8ms
[2023-07-27T15:08:43.719+0530][gc,phases     ] GC(7)   Post Evacuate Collection Set: 1.3ms
[2023-07-27T15:08:43.719+0530][gc,phases     ] GC(7)   Other: 2.0ms
[2023-07-27T15:08:43.719+0530][gc,heap       ] GC(7) Eden regions: 44->0(47)
[2023-07-27T15:08:43.719+0530][gc,heap       ] GC(7) Survivor regions: 7->4(7)
[2023-07-27T15:08:43.719+0530][gc,heap       ] GC(7) Old regions: 10->13
[2023-07-27T15:08:43.719+0530][gc,heap       ] GC(7) Humongous regions: 156->138
[2023-07-27T15:08:43.719+0530][gc,metaspace  ] GC(7) Metaspace: 46732K(48768K)->46732K(48768K) NonClass: 41427K(42496K)->41427K(42496K) Class: 5304K(6272K)->5304K(6272K)
[2023-07-27T15:08:43.719+0530][gc            ] GC(7) Pause Young (Normal) (G1 Evacuation Pause) 215M->154M(1024M) 16.887ms
[2023-07-27T15:08:43.719+0530][gc,cpu        ] GC(7) User=0.03s Sys=0.00s Real=0.01s
[2023-07-27T15:15:00.110+0530][gc,heap,exit  ] Heap
[2023-07-27T15:15:00.111+0530][gc,heap,exit  ]  garbage-first heap   total 1048576K, used 195071K [0x0000000780000000, 0x00000007c0000000)
[2023-07-27T15:15:00.111+0530][gc,heap,exit  ]   region size 1024K, 42 young (43008K), 4 survivors (4096K)
[2023-07-27T15:15:00.111+0530][gc,heap,exit  ]  Metaspace       used 47733K, capacity 49757K, committed 49792K, reserved 1093632K
[2023-07-27T15:15:00.111+0530][gc,heap,exit  ]   class space    used 5537K, capacity 6519K, committed 6528K, reserved 1048576K
