[2023-07-27T12:28:55.915+0530][gc,heap] Heap region size: 1M
[2023-07-27T12:28:55.917+0530][gc     ] Using G1
[2023-07-27T12:28:55.917+0530][gc,heap,coops] Heap address: 0x0000000780000000, size: 1024 MB, Compressed Oops mode: Zero based, Oop shift amount: 3
[2023-07-27T12:28:56.288+0530][gc,start     ] GC(0) Pause Young (Concurrent Start) (Metadata GC Threshold)
[2023-07-27T12:28:56.288+0530][gc,task      ] GC(0) Using 9 workers of 9 for evacuation
[2023-07-27T12:28:56.291+0530][gc,phases    ] GC(0)   Pre Evacuate Collection Set: 0.0ms
[2023-07-27T12:28:56.291+0530][gc,phases    ] GC(0)   Evacuate Collection Set: 3.1ms
[2023-07-27T12:28:56.291+0530][gc,phases    ] GC(0)   Post Evacuate Collection Set: 0.2ms
[2023-07-27T12:28:56.291+0530][gc,phases    ] GC(0)   Other: 0.3ms
[2023-07-27T12:28:56.291+0530][gc,heap      ] GC(0) Eden regions: 49->0(44)
[2023-07-27T12:28:56.291+0530][gc,heap      ] GC(0) Survivor regions: 0->7(7)
[2023-07-27T12:28:56.291+0530][gc,heap      ] GC(0) Old regions: 0->1
[2023-07-27T12:28:56.291+0530][gc,heap      ] GC(0) Humongous regions: 0->0
[2023-07-27T12:28:56.291+0530][gc,metaspace ] GC(0) Metaspace: 20819K(21296K)->20819K(21296K) NonClass: 18476K(18736K)->18476K(18736K) Class: 2343K(2560K)->2343K(2560K)
[2023-07-27T12:28:56.291+0530][gc           ] GC(0) Pause Young (Concurrent Start) (Metadata GC Threshold) 49M->7M(1024M) 3.725ms
[2023-07-27T12:28:56.291+0530][gc,cpu       ] GC(0) User=0.01s Sys=0.00s Real=0.01s
[2023-07-27T12:28:56.291+0530][gc           ] GC(1) Concurrent Cycle
[2023-07-27T12:28:56.291+0530][gc,marking   ] GC(1) Concurrent Clear Claimed Marks
[2023-07-27T12:28:56.291+0530][gc,marking   ] GC(1) Concurrent Clear Claimed Marks 0.010ms
[2023-07-27T12:28:56.291+0530][gc,marking   ] GC(1) Concurrent Scan Root Regions
[2023-07-27T12:28:56.292+0530][gc,marking   ] GC(1) Concurrent Scan Root Regions 0.843ms
[2023-07-27T12:28:56.292+0530][gc,marking   ] GC(1) Concurrent Mark (0.380s)
[2023-07-27T12:28:56.292+0530][gc,marking   ] GC(1) Concurrent Mark From Roots
[2023-07-27T12:28:56.292+0530][gc,task      ] GC(1) Using 2 workers of 2 for marking
[2023-07-27T12:28:56.292+0530][gc,marking   ] GC(1) Concurrent Mark From Roots 0.088ms
[2023-07-27T12:28:56.292+0530][gc,marking   ] GC(1) Concurrent Preclean
[2023-07-27T12:28:56.292+0530][gc,marking   ] GC(1) Concurrent Preclean 0.013ms
[2023-07-27T12:28:56.292+0530][gc,marking   ] GC(1) Concurrent Mark (0.380s, 0.380s) 0.115ms
[2023-07-27T12:28:56.292+0530][gc,start     ] GC(1) Pause Remark
[2023-07-27T12:28:56.293+0530][gc,stringtable] GC(1) Cleaned string and symbol table, strings: 7391 processed, 0 removed, symbols: 66071 processed, 31 removed
[2023-07-27T12:28:56.293+0530][gc            ] GC(1) Pause Remark 7M->7M(1024M) 0.789ms
[2023-07-27T12:28:56.293+0530][gc,cpu        ] GC(1) User=0.00s Sys=0.00s Real=0.00s
[2023-07-27T12:28:56.293+0530][gc,marking    ] GC(1) Concurrent Rebuild Remembered Sets
[2023-07-27T12:28:56.293+0530][gc,marking    ] GC(1) Concurrent Rebuild Remembered Sets 0.061ms
[2023-07-27T12:28:56.293+0530][gc,start      ] GC(1) Pause Cleanup
[2023-07-27T12:28:56.293+0530][gc            ] GC(1) Pause Cleanup 7M->7M(1024M) 0.062ms
[2023-07-27T12:28:56.293+0530][gc,cpu        ] GC(1) User=0.00s Sys=0.00s Real=0.00s
[2023-07-27T12:28:56.293+0530][gc,marking    ] GC(1) Concurrent Cleanup for Next Mark
[2023-07-27T12:28:56.295+0530][gc,marking    ] GC(1) Concurrent Cleanup for Next Mark 1.309ms
[2023-07-27T12:28:56.295+0530][gc            ] GC(1) Concurrent Cycle 3.354ms
[2023-07-27T12:28:56.494+0530][gc,start      ] GC(2) Pause Young (Normal) (G1 Evacuation Pause)
[2023-07-27T12:28:56.494+0530][gc,task       ] GC(2) Using 9 workers of 9 for evacuation
[2023-07-27T12:28:56.499+0530][gc,phases     ] GC(2)   Pre Evacuate Collection Set: 0.0ms
[2023-07-27T12:28:56.499+0530][gc,phases     ] GC(2)   Evacuate Collection Set: 4.5ms
[2023-07-27T12:28:56.499+0530][gc,phases     ] GC(2)   Post Evacuate Collection Set: 0.2ms
[2023-07-27T12:28:56.499+0530][gc,phases     ] GC(2)   Other: 0.1ms
[2023-07-27T12:28:56.499+0530][gc,heap       ] GC(2) Eden regions: 44->0(48)
[2023-07-27T12:28:56.499+0530][gc,heap       ] GC(2) Survivor regions: 7->3(7)
[2023-07-27T12:28:56.499+0530][gc,heap       ] GC(2) Old regions: 1->7
[2023-07-27T12:28:56.499+0530][gc,heap       ] GC(2) Humongous regions: 0->0
[2023-07-27T12:28:56.499+0530][gc,metaspace  ] GC(2) Metaspace: 28365K(29312K)->28365K(29312K) NonClass: 25257K(25856K)->25257K(25856K) Class: 3107K(3456K)->3107K(3456K)
[2023-07-27T12:28:56.499+0530][gc            ] GC(2) Pause Young (Normal) (G1 Evacuation Pause) 51M->9M(1024M) 4.859ms
[2023-07-27T12:28:56.499+0530][gc,cpu        ] GC(2) User=0.03s Sys=0.01s Real=0.00s
[2023-07-27T12:28:56.660+0530][gc,start      ] GC(3) Pause Young (Concurrent Start) (Metadata GC Threshold)
[2023-07-27T12:28:56.660+0530][gc,task       ] GC(3) Using 9 workers of 9 for evacuation
[2023-07-27T12:28:56.663+0530][gc,phases     ] GC(3)   Pre Evacuate Collection Set: 0.0ms
[2023-07-27T12:28:56.663+0530][gc,phases     ] GC(3)   Evacuate Collection Set: 2.9ms
[2023-07-27T12:28:56.663+0530][gc,phases     ] GC(3)   Post Evacuate Collection Set: 0.2ms
[2023-07-27T12:28:56.663+0530][gc,phases     ] GC(3)   Other: 0.1ms
[2023-07-27T12:28:56.663+0530][gc,heap       ] GC(3) Eden regions: 30->0(47)
[2023-07-27T12:28:56.663+0530][gc,heap       ] GC(3) Survivor regions: 3->4(7)
[2023-07-27T12:28:56.663+0530][gc,heap       ] GC(3) Old regions: 7->7
[2023-07-27T12:28:56.663+0530][gc,heap       ] GC(3) Humongous regions: 0->0
[2023-07-27T12:28:56.663+0530][gc,metaspace  ] GC(3) Metaspace: 34782K(35840K)->34782K(35840K) NonClass: 30924K(31488K)->30924K(31488K) Class: 3857K(4352K)->3857K(4352K)
[2023-07-27T12:28:56.664+0530][gc            ] GC(3) Pause Young (Concurrent Start) (Metadata GC Threshold) 39M->10M(1024M) 3.252ms
[2023-07-27T12:28:56.664+0530][gc,cpu        ] GC(3) User=0.02s Sys=0.00s Real=0.00s
[2023-07-27T12:28:56.664+0530][gc            ] GC(4) Concurrent Cycle
[2023-07-27T12:28:56.664+0530][gc,marking    ] GC(4) Concurrent Clear Claimed Marks
[2023-07-27T12:28:56.664+0530][gc,marking    ] GC(4) Concurrent Clear Claimed Marks 0.013ms
[2023-07-27T12:28:56.664+0530][gc,marking    ] GC(4) Concurrent Scan Root Regions
[2023-07-27T12:28:56.664+0530][gc,marking    ] GC(4) Concurrent Scan Root Regions 0.922ms
[2023-07-27T12:28:56.664+0530][gc,marking    ] GC(4) Concurrent Mark (0.752s)
[2023-07-27T12:28:56.664+0530][gc,marking    ] GC(4) Concurrent Mark From Roots
[2023-07-27T12:28:56.664+0530][gc,task       ] GC(4) Using 2 workers of 2 for marking
[2023-07-27T12:28:56.667+0530][gc,marking    ] GC(4) Concurrent Mark From Roots 2.037ms
[2023-07-27T12:28:56.668+0530][gc,marking    ] GC(4) Concurrent Preclean
[2023-07-27T12:28:56.668+0530][gc,marking    ] GC(4) Concurrent Preclean 0.068ms
[2023-07-27T12:28:56.668+0530][gc,marking    ] GC(4) Concurrent Mark (0.752s, 0.755s) 3.264ms
[2023-07-27T12:28:56.668+0530][gc,start      ] GC(4) Pause Remark
[2023-07-27T12:28:56.669+0530][gc,stringtable] GC(4) Cleaned string and symbol table, strings: 11569 processed, 11 removed, symbols: 100327 processed, 21 removed
[2023-07-27T12:28:56.669+0530][gc            ] GC(4) Pause Remark 10M->10M(1024M) 0.947ms
[2023-07-27T12:28:56.669+0530][gc,cpu        ] GC(4) User=0.01s Sys=0.00s Real=0.00s
[2023-07-27T12:28:56.669+0530][gc,marking    ] GC(4) Concurrent Rebuild Remembered Sets
[2023-07-27T12:28:56.670+0530][gc,marking    ] GC(4) Concurrent Rebuild Remembered Sets 1.695ms
[2023-07-27T12:28:56.671+0530][gc,start      ] GC(4) Pause Cleanup
[2023-07-27T12:28:56.671+0530][gc            ] GC(4) Pause Cleanup 19M->19M(1024M) 0.070ms
[2023-07-27T12:28:56.671+0530][gc,cpu        ] GC(4) User=0.00s Sys=0.00s Real=0.00s
[2023-07-27T12:28:56.671+0530][gc,marking    ] GC(4) Concurrent Cleanup for Next Mark
[2023-07-27T12:28:56.680+0530][gc,marking    ] GC(4) Concurrent Cleanup for Next Mark 9.108ms
[2023-07-27T12:28:56.680+0530][gc            ] GC(4) Concurrent Cycle 16.380ms
[2023-07-27T12:28:56.828+0530][gc,start      ] GC(5) Pause Young (Normal) (G1 Evacuation Pause)
[2023-07-27T12:28:56.828+0530][gc,task       ] GC(5) Using 9 workers of 9 for evacuation
[2023-07-27T12:28:56.831+0530][gc,phases     ] GC(5)   Pre Evacuate Collection Set: 0.0ms
[2023-07-27T12:28:56.831+0530][gc,phases     ] GC(5)   Evacuate Collection Set: 2.1ms
[2023-07-27T12:28:56.831+0530][gc,phases     ] GC(5)   Post Evacuate Collection Set: 0.2ms
[2023-07-27T12:28:56.831+0530][gc,phases     ] GC(5)   Other: 0.1ms
[2023-07-27T12:28:56.831+0530][gc,heap       ] GC(5) Eden regions: 47->0(44)
[2023-07-27T12:28:56.831+0530][gc,heap       ] GC(5) Survivor regions: 4->7(7)
[2023-07-27T12:28:56.831+0530][gc,heap       ] GC(5) Old regions: 7->7
[2023-07-27T12:28:56.831+0530][gc,heap       ] GC(5) Humongous regions: 9->9
[2023-07-27T12:28:56.831+0530][gc,metaspace  ] GC(5) Metaspace: 41197K(42496K)->41197K(42496K) NonClass: 36653K(37376K)->36653K(37376K) Class: 4544K(5120K)->4544K(5120K)
[2023-07-27T12:28:56.831+0530][gc            ] GC(5) Pause Young (Normal) (G1 Evacuation Pause) 66M->22M(1024M) 2.388ms
[2023-07-27T12:28:56.831+0530][gc,cpu        ] GC(5) User=0.01s Sys=0.00s Real=0.01s
[2023-07-27T12:39:48.934+0530][gc,start      ] GC(6) Pause Young (Normal) (G1 Evacuation Pause)
[2023-07-27T12:39:48.935+0530][gc,task       ] GC(6) Using 9 workers of 9 for evacuation
[2023-07-27T12:39:48.947+0530][gc,phases     ] GC(6)   Pre Evacuate Collection Set: 0.2ms
[2023-07-27T12:39:48.947+0530][gc,phases     ] GC(6)   Evacuate Collection Set: 10.5ms
[2023-07-27T12:39:48.947+0530][gc,phases     ] GC(6)   Post Evacuate Collection Set: 0.7ms
[2023-07-27T12:39:48.947+0530][gc,phases     ] GC(6)   Other: 2.0ms
[2023-07-27T12:39:48.947+0530][gc,heap       ] GC(6) Eden regions: 44->0(46)
[2023-07-27T12:39:48.947+0530][gc,heap       ] GC(6) Survivor regions: 7->5(7)
[2023-07-27T12:39:48.947+0530][gc,heap       ] GC(6) Old regions: 7->10
[2023-07-27T12:39:48.947+0530][gc,heap       ] GC(6) Humongous regions: 138->138
[2023-07-27T12:39:48.948+0530][gc,metaspace  ] GC(6) Metaspace: 44288K(46080K)->44288K(46080K) NonClass: 39440K(40448K)->39440K(40448K) Class: 4848K(5632K)->4848K(5632K)
[2023-07-27T12:39:48.948+0530][gc            ] GC(6) Pause Young (Normal) (G1 Evacuation Pause) 195M->152M(1024M) 13.401ms
[2023-07-27T12:39:48.948+0530][gc,cpu        ] GC(6) User=0.03s Sys=0.00s Real=0.01s
[2023-07-27T13:00:38.136+0530][gc,start      ] GC(7) Pause Young (Normal) (G1 Evacuation Pause)
[2023-07-27T13:00:38.137+0530][gc,task       ] GC(7) Using 9 workers of 9 for evacuation
[2023-07-27T13:00:38.151+0530][gc,phases     ] GC(7)   Pre Evacuate Collection Set: 0.5ms
[2023-07-27T13:00:38.151+0530][gc,phases     ] GC(7)   Evacuate Collection Set: 11.9ms
[2023-07-27T13:00:38.151+0530][gc,phases     ] GC(7)   Post Evacuate Collection Set: 0.7ms
[2023-07-27T13:00:38.151+0530][gc,phases     ] GC(7)   Other: 1.9ms
[2023-07-27T13:00:38.151+0530][gc,heap       ] GC(7) Eden regions: 46->0(49)
[2023-07-27T13:00:38.151+0530][gc,heap       ] GC(7) Survivor regions: 5->2(7)
[2023-07-27T13:00:38.151+0530][gc,heap       ] GC(7) Old regions: 10->14
[2023-07-27T13:00:38.151+0530][gc,heap       ] GC(7) Humongous regions: 138->138
[2023-07-27T13:00:38.151+0530][gc,metaspace  ] GC(7) Metaspace: 44605K(46336K)->44605K(46336K) NonClass: 39756K(40704K)->39756K(40704K) Class: 4848K(5632K)->4848K(5632K)
[2023-07-27T13:00:38.151+0530][gc            ] GC(7) Pause Young (Normal) (G1 Evacuation Pause) 198M->153M(1024M) 15.174ms
[2023-07-27T13:00:38.151+0530][gc,cpu        ] GC(7) User=0.04s Sys=0.01s Real=0.02s
[2023-07-27T13:05:55.323+0530][gc,heap,exit  ] Heap
[2023-07-27T13:05:55.324+0530][gc,heap,exit  ]  garbage-first heap   total 1048576K, used 179250K [0x0000000780000000, 0x00000007c0000000)
[2023-07-27T13:05:55.324+0530][gc,heap,exit  ]   region size 1024K, 25 young (25600K), 2 survivors (2048K)
[2023-07-27T13:05:55.324+0530][gc,heap,exit  ]  Metaspace       used 45364K, capacity 47045K, committed 47104K, reserved 1091584K
[2023-07-27T13:05:55.324+0530][gc,heap,exit  ]   class space    used 5055K, capacity 5841K, committed 5888K, reserved 1048576K
